Archive member included to satisfy reference by file (symbol)

C:/ST/STM32CubeIDE_1.19.0/STM32CubeIDE/plugins/com.st.stm32cube.ide.mcu.externaltools.gnu-tools-for-stm32.13.3.rel1.win32_1.0.100.202509120712/tools/bin/../lib/gcc/arm-none-eabi/13.3.1/thumb/v7e-m+fp/hard\libgcc.a(_aeabi_uldivmod.o)
                              cmake/stm32cubemx/CMakeFiles/STM32_Drivers.dir/__/__/Drivers/STM32F4xx_HAL_Driver/Src/stm32f4xx_hal_rcc.c.obj (__aeabi_uldivmod)
C:/ST/STM32CubeIDE_1.19.0/STM32CubeIDE/plugins/com.st.stm32cube.ide.mcu.externaltools.gnu-tools-for-stm32.13.3.rel1.win32_1.0.100.202509120712/tools/bin/../lib/gcc/arm-none-eabi/13.3.1/thumb/v7e-m+fp/hard\libgcc.a(_udivmoddi4.o)
                              C:/ST/STM32CubeIDE_1.19.0/STM32CubeIDE/plugins/com.st.stm32cube.ide.mcu.externaltools.gnu-tools-for-stm32.13.3.rel1.win32_1.0.100.202509120712/tools/bin/../lib/gcc/arm-none-eabi/13.3.1/thumb/v7e-m+fp/hard\libgcc.a(_aeabi_uldivmod.o) (__udivmoddi4)
C:/ST/STM32CubeIDE_1.19.0/STM32CubeIDE/plugins/com.st.stm32cube.ide.mcu.externaltools.gnu-tools-for-stm32.13.3.rel1.win32_1.0.100.202509120712/tools/bin/../lib/gcc/arm-none-eabi/13.3.1/thumb/v7e-m+fp/hard\libgcc.a(_dvmd_tls.o)
                              C:/ST/STM32CubeIDE_1.19.0/STM32CubeIDE/plugins/com.st.stm32cube.ide.mcu.externaltools.gnu-tools-for-stm32.13.3.rel1.win32_1.0.100.202509120712/tools/bin/../lib/gcc/arm-none-eabi/13.3.1/thumb/v7e-m+fp/hard\libgcc.a(_aeabi_uldivmod.o) (__aeabi_ldiv0)
C:/ST/STM32CubeIDE_1.19.0/STM32CubeIDE/plugins/com.st.stm32cube.ide.mcu.externaltools.gnu-tools-for-stm32.13.3.rel1.win32_1.0.100.202509120712/tools/bin/../lib/gcc/arm-none-eabi/13.3.1/../../../../arm-none-eabi/lib/thumb/v7e-m+fp/hard\libg_nano.a(libc_a-exit.o)
                              C:/ST/STM32CubeIDE_1.19.0/STM32CubeIDE/plugins/com.st.stm32cube.ide.mcu.externaltools.gnu-tools-for-stm32.13.3.rel1.win32_1.0.100.202509120712/tools/bin/../lib/gcc/arm-none-eabi/13.3.1/../../../../arm-none-eabi/lib/thumb/v7e-m+fp/hard/crt0.o (exit)
C:/ST/STM32CubeIDE_1.19.0/STM32CubeIDE/plugins/com.st.stm32cube.ide.mcu.externaltools.gnu-tools-for-stm32.13.3.rel1.win32_1.0.100.202509120712/tools/bin/../lib/gcc/arm-none-eabi/13.3.1/../../../../arm-none-eabi/lib/thumb/v7e-m+fp/hard\libg_nano.a(libc_a-findfp.o)
                              C:/ST/STM32CubeIDE_1.19.0/STM32CubeIDE/plugins/com.st.stm32cube.ide.mcu.externaltools.gnu-tools-for-stm32.13.3.rel1.win32_1.0.100.202509120712/tools/bin/../lib/gcc/arm-none-eabi/13.3.1/../../../../arm-none-eabi/lib/thumb/v7e-m+fp/hard\libg_nano.a(libc_a-exit.o) (__stdio_exit_handler)
C:/ST/STM32CubeIDE_1.19.0/STM32CubeIDE/plugins/com.st.stm32cube.ide.mcu.externaltools.gnu-tools-for-stm32.13.3.rel1.win32_1.0.100.202509120712/tools/bin/../lib/gcc/arm-none-eabi/13.3.1/../../../../arm-none-eabi/lib/thumb/v7e-m+fp/hard\libg_nano.a(libc_a-fwalk.o)
                              C:/ST/STM32CubeIDE_1.19.0/STM32CubeIDE/plugins/com.st.stm32cube.ide.mcu.externaltools.gnu-tools-for-stm32.13.3.rel1.win32_1.0.100.202509120712/tools/bin/../lib/gcc/arm-none-eabi/13.3.1/../../../../arm-none-eabi/lib/thumb/v7e-m+fp/hard\libg_nano.a(libc_a-findfp.o) (_fwalk_sglue)
C:/ST/STM32CubeIDE_1.19.0/STM32CubeIDE/plugins/com.st.stm32cube.ide.mcu.externaltools.gnu-tools-for-stm32.13.3.rel1.win32_1.0.100.202509120712/tools/bin/../lib/gcc/arm-none-eabi/13.3.1/../../../../arm-none-eabi/lib/thumb/v7e-m+fp/hard\libg_nano.a(libc_a-stdio.o)
                              C:/ST/STM32CubeIDE_1.19.0/STM32CubeIDE/plugins/com.st.stm32cube.ide.mcu.externaltools.gnu-tools-for-stm32.13.3.rel1.win32_1.0.100.202509120712/tools/bin/../lib/gcc/arm-none-eabi/13.3.1/../../../../arm-none-eabi/lib/thumb/v7e-m+fp/hard\libg_nano.a(libc_a-findfp.o) (__sread)
C:/ST/STM32CubeIDE_1.19.0/STM32CubeIDE/plugins/com.st.stm32cube.ide.mcu.externaltools.gnu-tools-for-stm32.13.3.rel1.win32_1.0.100.202509120712/tools/bin/../lib/gcc/arm-none-eabi/13.3.1/../../../../arm-none-eabi/lib/thumb/v7e-m+fp/hard\libg_nano.a(libc_a-memset.o)
                              C:/ST/STM32CubeIDE_1.19.0/STM32CubeIDE/plugins/com.st.stm32cube.ide.mcu.externaltools.gnu-tools-for-stm32.13.3.rel1.win32_1.0.100.202509120712/tools/bin/../lib/gcc/arm-none-eabi/13.3.1/../../../../arm-none-eabi/lib/thumb/v7e-m+fp/hard/crt0.o (memset)
C:/ST/STM32CubeIDE_1.19.0/STM32CubeIDE/plugins/com.st.stm32cube.ide.mcu.externaltools.gnu-tools-for-stm32.13.3.rel1.win32_1.0.100.202509120712/tools/bin/../lib/gcc/arm-none-eabi/13.3.1/../../../../arm-none-eabi/lib/thumb/v7e-m+fp/hard\libg_nano.a(libc_a-closer.o)
                              C:/ST/STM32CubeIDE_1.19.0/STM32CubeIDE/plugins/com.st.stm32cube.ide.mcu.externaltools.gnu-tools-for-stm32.13.3.rel1.win32_1.0.100.202509120712/tools/bin/../lib/gcc/arm-none-eabi/13.3.1/../../../../arm-none-eabi/lib/thumb/v7e-m+fp/hard\libg_nano.a(libc_a-stdio.o) (_close_r)
[...]
Memory Configuration

Name             Origin             Length             Attributes
RAM              0x20000000         0x00010000         xrw
FLASH            0x08000000         0x00040000         xr
*default*        0x00000000         0xffffffff

Linker script and memory map

LOAD C:/ST/STM32CubeIDE_1.19.0/STM32CubeIDE/plugins/com.st.stm32cube.ide.mcu.externaltools.gnu-tools-for-stm32.13.3.rel1.win32_1.0.100.202509120712/tools/bin/../lib/gcc/arm-none-eabi/13.3.1/thumb/v7e-m+fp/hard/crti.o
LOAD C:/ST/STM32CubeIDE_1.19.0/STM32CubeIDE/plugins/com.st.stm32cube.ide.mcu.externaltools.gnu-tools-for-stm32.13.3.rel1.win32_1.0.100.202509120712/tools/bin/../lib/gcc/arm-none-eabi/13.3.1/thumb/v7e-m+fp/hard/crtbegin.o
LOAD C:/ST/STM32CubeIDE_1.19.0/STM32CubeIDE/plugins/com.st.stm32cube.ide.mcu.externaltools.gnu-tools-for-stm32.13.3.rel1.win32_1.0.100.202509120712/tools/bin/../lib/gcc/arm-none-eabi/13.3.1/../../../../arm-none-eabi/lib/thumb/v7e-m+fp/hard/crt0.o
LOAD CMakeFiles/3D_Printer.dir/USB_DEVICE/Target/usbd_conf.c.obj
LOAD CMakeFiles/3D_Printer.dir/USB_DEVICE/App/usb_device.c.obj
LOAD CMakeFiles/3D_Printer.dir/USB_DEVICE/App/usbd_desc.c.obj
LOAD CMakeFiles/3D_Printer.dir/USB_DEVICE/App/usbd_cdc_if.c.obj
LOAD CMakeFiles/3D_Printer.dir/Core/Src/main.c.obj
LOAD CMakeFiles/3D_Printer.dir/Core/Src/stm32f4xx_it.c.obj
LOAD CMakeFiles/3D_Printer.dir/Core/Src/stm32f4xx_hal_msp.c.obj
LOAD CMakeFiles/3D_Printer.dir/Core/Src/sysmem.c.obj
LOAD CMakeFiles/3D_Printer.dir/Core/Src/syscalls.c.obj
LOAD CMakeFiles/3D_Printer.dir/startup_stm32f401xc.s.obj
LOAD CMakeFiles/3D_Printer.dir/Core/Src/circular_buffer.c.obj
LOAD CMakeFiles/3D_Printer.dir/Core/Src/stepper_motor.c.obj
LOAD CMakeFiles/3D_Printer.dir/Core/Src/emergency_stop.c.obj
LOAD CMakeFiles/3D_Printer.dir/Core/Src/system_check.c.obj
LOAD CMakeFiles/3D_Printer.dir/Core/Src/axis.c.obj
LOAD CMakeFiles/3D_Printer.dir/Core/Src/usb_praser.c.obj
LOAD CMakeFiles/3D_Printer.dir/Core/Src/t_velocity.c.obj
LOAD cmake/stm32cubemx/CMakeFiles/STM32_Drivers.dir/__/__/Core/Src/system_stm32f4xx.c.obj
LOAD cmake/stm32cubemx/CMakeFiles/STM32_Drivers.dir/__/__/Drivers/STM32F4xx_HAL_Driver/Src/stm32f4xx_hal_pcd.c.obj
LOAD cmake/stm32cubemx/CMakeFiles/STM32_Drivers.dir/__/__/Drivers/STM32F4xx_HAL_Driver/Src/stm32f4xx_hal_pcd_ex.c.obj
LOAD cmake/stm32cubemx/CMakeFiles/STM32_Drivers.dir/__/__/Drivers/STM32F4xx_HAL_Driver/Src/stm32f4xx_ll_usb.c.obj
LOAD cmake/stm32cubemx/CMakeFiles/STM32_Drivers.dir/__/__/Drivers/STM32F4xx_HAL_Driver/Src/stm32f4xx_hal_rcc.c.obj
LOAD cmake/stm32cubemx/CMakeFiles/STM32_Drivers.dir/__/__/Drivers/STM32F4xx_HAL_Driver/Src/stm32f4xx_hal_rcc_ex.c.obj
LOAD cmake/stm32cubemx/CMakeFiles/STM32_Drivers.dir/__/__/Drivers/STM32F4xx_HAL_Driver/Src/stm32f4xx_hal_flash.c.obj
LOAD cmake/stm32cubemx/CMakeFiles/STM32_Drivers.dir/__/__/Drivers/STM32F4xx_HAL_Driver/Src/stm32f4xx_hal_flash_ex.c.obj
LOAD cmake/stm32cubemx/CMakeFiles/STM32_Drivers.dir/__/__/Drivers/STM32F4xx_HAL_Driver/Src/stm32f4xx_hal_flash_ramfunc.c.obj
LOAD cmake/stm32cubemx/CMakeFiles/STM32_Drivers.dir/__/__/Drivers/STM32F4xx_HAL_Driver/Src/stm32f4xx_hal_gpio.c.obj
LOAD cmake/stm32cubemx/CMakeFiles/STM32_Drivers.dir/__/__/Drivers/STM32F4xx_HAL_Driver/Src/stm32f4xx_hal_dma_ex.c.obj
LOAD cmake/stm32cubemx/CMakeFiles/STM32_Drivers.dir/__/__/Drivers/STM32F4xx_HAL_Driver/Src/stm32f4xx_hal_dma.c.obj
LOAD cmake/stm32cubemx/CMakeFiles/STM32_Drivers.dir/__/__/Drivers/STM32F4xx_HAL_Driver/Src/stm32f4xx_hal_pwr.c.obj
LOAD cmake/stm32cubemx/CMakeFiles/STM32_Drivers.dir/__/__/Drivers/STM32F4xx_HAL_Driver/Src/stm32f4xx_hal_pwr_ex.c.obj
LOAD cmake/stm32cubemx/CMakeFiles/STM32_Drivers.dir/__/__/Drivers/STM32F4xx_HAL_Driver/Src/stm32f4xx_hal_cortex.c.obj
LOAD cmake/stm32cubemx/CMakeFiles/STM32_Drivers.dir/__/__/Drivers/STM32F4xx_HAL_Driver/Src/stm32f4xx_hal.c.obj
LOAD cmake/stm32cubemx/CMakeFiles/STM32_Drivers.dir/__/__/Drivers/STM32F4xx_HAL_Driver/Src/stm32f4xx_hal_exti.c.obj
LOAD cmake/stm32cubemx/CMakeFiles/STM32_Drivers.dir/__/__/Drivers/STM32F4xx_HAL_Driver/Src/stm32f4xx_hal_tim.c.obj
LOAD cmake/stm32cubemx/CMakeFiles/STM32_Drivers.dir/__/__/Drivers/STM32F4xx_HAL_Driver/Src/stm32f4xx_hal_tim_ex.c.obj
LOAD cmake/stm32cubemx/CMakeFiles/USB_Device_Library.dir/__/__/Middlewares/ST/STM32_USB_Device_Library/Core/Src/usbd_core.c.obj
LOAD cmake/stm32cubemx/CMakeFiles/USB_Device_Library.dir/__/__/Middlewares/ST/STM32_USB_Device_Library/Core/Src/usbd_ctlreq.c.obj
LOAD cmake/stm32cubemx/CMakeFiles/USB_Device_Library.dir/__/__/Middlewares/ST/STM32_USB_Device_Library/Core/Src/usbd_ioreq.c.obj
LOAD cmake/stm32cubemx/CMakeFiles/USB_Device_Library.dir/__/__/Middlewares/ST/STM32_USB_Device_Library/Class/CDC/Src/usbd_cdc.c.obj
LOAD C:/ST/STM32CubeIDE_1.19.0/STM32CubeIDE/plugins/com.st.stm32cube.ide.mcu.externaltools.gnu-tools-for-stm32.13.3.rel1.win32_1.0.100.202509120712/tools/bin/../lib/gcc/arm-none-eabi/13.3.1/../../../../arm-none-eabi/lib/thumb/v7e-m+fp/hard\libm.a
START GROUP
LOAD C:/ST/STM32CubeIDE_1.19.0/STM32CubeIDE/plugins/com.st.stm32cube.ide.mcu.externaltools.gnu-tools-for-stm32.13.3.rel1.win32_1.0.100.202509120712/tools/bin/../lib/gcc/arm-none-eabi/13.3.1/thumb/v7e-m+fp/hard\libgcc.a
LOAD C:/ST/STM32CubeIDE_1.19.0/STM32CubeIDE/plugins/com.st.stm32cube.ide.mcu.externaltools.gnu-tools-for-stm32.13.3.rel1.win32_1.0.100.202509120712/tools/bin/../lib/gcc/arm-none-eabi/13.3.1/../../../../arm-none-eabi/lib/thumb/v7e-m+fp/hard\libg_nano.a
LOAD C:/ST/STM32CubeIDE_1.19.0/STM32CubeIDE/plugins/com.st.stm32cube.ide.mcu.externaltools.gnu-tools-for-stm32.13.3.rel1.win32_1.0.100.202509120712/tools/bin/../lib/gcc/arm-none-eabi/13.3.1/../../../../arm-none-eabi/lib/thumb/v7e-m+fp/hard\libc_nano.a
END GROUP
START GROUP
LOAD C:/ST/STM32CubeIDE_1.19.0/STM32CubeIDE/plugins/com.st.stm32cube.ide.mcu.externaltools.gnu-tools-for-stm32.13.3.rel1.win32_1.0.100.202509120712/tools/bin/../lib/gcc/arm-none-eabi/13.3.1/thumb/v7e-m+fp/hard\libgcc.a
LOAD C:/ST/STM32CubeIDE_1.19.0/STM32CubeIDE/plugins/com.st.stm32cube.ide.mcu.externaltools.gnu-tools-for-stm32.13.3.rel1.win32_1.0.100.202509120712/tools/bin/../lib/gcc/arm-none-eabi/13.3.1/../../../../arm-none-eabi/lib/thumb/v7e-m+fp/hard\libc_nano.a
END GROUP
LOAD C:/ST/STM32CubeIDE_1.19.0/STM32CubeIDE/plugins/com.st.stm32cube.ide.mcu.externaltools.gnu-tools-for-stm32.13.3.rel1.win32_1.0.100.202509120712/tools/bin/../lib/gcc/arm-none-eabi/13.3.1/thumb/v7e-m+fp/hard/crtend.o
LOAD C:/ST/STM32CubeIDE_1.19.0/STM32CubeIDE/plugins/com.st.stm32cube.ide.mcu.externaltools.gnu-tools-for-stm32.13.3.rel1.win32_1.0.100.202509120712/tools/bin/../lib/gcc/arm-none-eabi/13.3.1/thumb/v7e-m+fp/hard/crtn.o
                0x20010000                        _estack = (ORIGIN (RAM) + LENGTH (RAM))
                0x00000200                        _Min_Heap_Size = 0x200
                0x00000400                        _Min_Stack_Size = 0x400

.isr_vector     0x08000000      0x194
                0x08000000                        . = ALIGN (0x4)
 *(.isr_vector)
 .isr_vector    0x08000000      0x194 CMakeFiles/3D_Printer.dir/startup_stm32f401xc.s.obj
                0x08000000                g_pfnVectors
                0x08000194                        . = ALIGN (0x4)

.text           0x08000194     0x83f8
                0x08000194                        . = ALIGN (0x4)
 *(.text)
 .text          0x08000194       0x40 C:/ST/STM32CubeIDE_1.19.0/STM32CubeIDE/plugins/com.st.stm32cube.ide.mcu.externaltools.gnu-tools-for-stm32.13.3.rel1.win32_1.0.100.202509120712/tools/bin/../lib/gcc/arm-none-eabi/13.3.1/thumb/v7e-m+fp/hard/crtbegin.o
 .text          0x080001d4       0x30 C:/ST/STM32CubeIDE_1.19.0/STM32CubeIDE/plugins/com.st.stm32cube.ide.mcu.externaltools.gnu-tools-for-stm32.13.3.rel1.win32_1.0.100.202509120712/tools/bin/../lib/gcc/arm-none-eabi/13.3.1/thumb/v7e-m+fp/hard\libgcc.a(_aeabi_uldivmod.o)
                0x080001d4                __aeabi_uldivmod
 .text          0x08000204      0x2f8 C:/ST/STM32CubeIDE_1.19.0/STM32CubeIDE/plugins/com.st.stm32cube.ide.mcu.externaltools.gnu-tools-for-stm32.13.3.rel1.win32_1.0.100.202509120712/tools/bin/../lib/gcc/arm-none-eabi/13.3.1/thumb/v7e-m+fp/hard\libgcc.a(_udivmoddi4.o)
                0x08000204                __udivmoddi4
 .text          0x080004fc        0x4 C:/ST/STM32CubeIDE_1.19.0/STM32CubeIDE/plugins/com.st.stm32cube.ide.mcu.externaltools.gnu-tools-for-stm32.13.3.rel1.win32_1.0.100.202509120712/tools/bin/../lib/gcc/arm-none-eabi/13.3.1/thumb/v7e-m+fp/hard\libgcc.a(_dvmd_tls.o)
                0x080004fc                __aeabi_idiv0
                0x080004fc                __aeabi_ldiv0
 *(.text*)
 .text.HAL_PCD_MspInit
                0x08000500       0xc4 CMakeFiles/3D_Printer.dir/USB_DEVICE/Target/usbd_conf.c.obj
                0x08000500                HAL_PCD_MspInit
 .text.HAL_PCD_SetupStageCallback
                0x080005c4       0x24 CMakeFiles/3D_Printer.dir/USB_DEVICE/Target/usbd_conf.c.obj
                0x080005c4                HAL_PCD_SetupStageCallback
 .text.HAL_PCD_DataOutStageCallback
                0x080005e8       0x36 CMakeFiles/3D_Printer.dir/USB_DEVICE/Target/usbd_conf.c.obj
                0x080005e8                HAL_PCD_DataOutStageCallback
 .text.HAL_PCD_DataInStageCallback
                0x0800061e       0x34 CMakeFiles/3D_Printer.dir/USB_DEVICE/Target/usbd_conf.c.obj
                0x0800061e                HAL_PCD_DataInStageCallback
 .text.HAL_PCD_SOFCallback
                0x08000652       0x1c CMakeFiles/3D_Printer.dir/USB_DEVICE/Target/usbd_conf.c.obj
                0x08000652                HAL_PCD_SOFCallback
 .text.HAL_PCD_ResetCallback
                0x0800066e       0x3c CMakeFiles/3D_Printer.dir/USB_DEVICE/Target/usbd_conf.c.obj
                0x0800066e                HAL_PCD_ResetCallback
 *fill*         0x080006aa        0x2 
 .text.HAL_PCD_SuspendCallback
                0x080006ac       0x4c CMakeFiles/3D_Printer.dir/USB_DEVICE/Target/usbd_conf.c.obj
                0x080006ac                HAL_PCD_SuspendCallback
 .text.HAL_PCD_ResumeCallback
                0x080006f8       0x1c CMakeFiles/3D_Printer.dir/USB_DEVICE/Target/usbd_conf.c.obj
                0x080006f8                HAL_PCD_ResumeCallback
 .text.HAL_PCD_ISOOUTIncompleteCallback
                0x08000714       0x24 CMakeFiles/3D_Printer.dir/USB_DEVICE/Target/usbd_conf.c.obj
                0x08000714                HAL_PCD_ISOOUTIncompleteCallback
 .text.HAL_PCD_ISOINIncompleteCallback
                0x08000738       0x24 CMakeFiles/3D_Printer.dir/USB_DEVICE/Target/usbd_conf.c.obj
                0x08000738                HAL_PCD_ISOINIncompleteCallback
 .text.HAL_PCD_ConnectCallback
                0x0800075c       0x1c CMakeFiles/3D_Printer.dir/USB_DEVICE/Target/usbd_conf.c.obj
                0x0800075c                HAL_PCD_ConnectCallback
 .text.HAL_PCD_DisconnectCallback
                0x08000778       0x1c CMakeFiles/3D_Printer.dir/USB_DEVICE/Target/usbd_conf.c.obj
                0x08000778                HAL_PCD_DisconnectCallback
 .text.USBD_LL_Init
                0x08000794       0x98 CMakeFiles/3D_Printer.dir/USB_DEVICE/Target/usbd_conf.c.obj
                0x08000794                USBD_LL_Init
 .text.USBD_LL_Start
                0x0800082c       0x36 CMakeFiles/3D_Printer.dir/USB_DEVICE/Target/usbd_conf.c.obj
                0x0800082c                USBD_LL_Start
 .text.USBD_LL_OpenEP
                0x08000862       0x4c CMakeFiles/3D_Printer.dir/USB_DEVICE/Target/usbd_conf.c.obj
                0x08000862                USBD_LL_OpenEP
 .text.USBD_LL_CloseEP
                0x080008ae       0x3e CMakeFiles/3D_Printer.dir/USB_DEVICE/Target/usbd_conf.c.obj
                0x080008ae                USBD_LL_CloseEP
 .text.USBD_LL_StallEP
                0x080008ec       0x3e CMakeFiles/3D_Printer.dir/USB_DEVICE/Target/usbd_conf.c.obj
                0x080008ec                USBD_LL_StallEP
 .text.USBD_LL_ClearStallEP
                0x0800092a       0x3e CMakeFiles/3D_Printer.dir/USB_DEVICE/Target/usbd_conf.c.obj
                0x0800092a                USBD_LL_ClearStallEP
 .text.USBD_LL_IsStallEP
                0x08000968       0x58 CMakeFiles/3D_Printer.dir/USB_DEVICE/Target/usbd_conf.c.obj
                0x08000968                USBD_LL_IsStallEP
 .text.USBD_LL_SetUSBAddress
                0x080009c0       0x3e CMakeFiles/3D_Printer.dir/USB_DEVICE/Target/usbd_conf.c.obj
                0x080009c0                USBD_LL_SetUSBAddress
 .text.USBD_LL_Transmit
                0x080009fe       0x42 CMakeFiles/3D_Printer.dir/USB_DEVICE/Target/usbd_conf.c.obj
                0x080009fe                USBD_LL_Transmit
 .text.USBD_LL_PrepareReceive
                0x08000a40       0x42 CMakeFiles/3D_Printer.dir/USB_DEVICE/Target/usbd_conf.c.obj
                0x08000a40                USBD_LL_PrepareReceive
 .text.USBD_LL_GetRxDataSize
                0x08000a82       0x26 CMakeFiles/3D_Printer.dir/USB_DEVICE/Target/usbd_conf.c.obj
                0x08000a82                USBD_LL_GetRxDataSize
 .text.USBD_static_malloc
                0x08000aa8       0x1c CMakeFiles/3D_Printer.dir/USB_DEVICE/Target/usbd_conf.c.obj
                0x08000aa8                USBD_static_malloc
 .text.USBD_static_free
                0x08000ac4       0x14 CMakeFiles/3D_Printer.dir/USB_DEVICE/Target/usbd_conf.c.obj
                0x08000ac4                USBD_static_free
 .text.USBD_Get_USB_Status
                0x08000ad8       0x58 CMakeFiles/3D_Printer.dir/USB_DEVICE/Target/usbd_conf.c.obj
                0x08000ad8                USBD_Get_USB_Status
 .text.MX_USB_DEVICE_Init
                0x08000b30       0x60 CMakeFiles/3D_Printer.dir/USB_DEVICE/App/usb_device.c.obj
                0x08000b30                MX_USB_DEVICE_Init
 .text.USBD_FS_DeviceDescriptor
                0x08000b90       0x24 CMakeFiles/3D_Printer.dir/USB_DEVICE/App/usbd_desc.c.obj
                0x08000b90                USBD_FS_DeviceDescriptor
 .text.USBD_FS_LangIDStrDescriptor
                0x08000bb4       0x24 CMakeFiles/3D_Printer.dir/USB_DEVICE/App/usbd_desc.c.obj
                0x08000bb4                USBD_FS_LangIDStrDescriptor
 .text.USBD_FS_ProductStrDescriptor
                0x08000bd8       0x3c CMakeFiles/3D_Printer.dir/USB_DEVICE/App/usbd_desc.c.obj
                0x08000bd8                USBD_FS_ProductStrDescriptor
 .text.USBD_FS_ManufacturerStrDescriptor
                0x08000c14       0x28 CMakeFiles/3D_Printer.dir/USB_DEVICE/App/usbd_desc.c.obj
                0x08000c14                USBD_FS_ManufacturerStrDescriptor
 .text.USBD_FS_SerialStrDescriptor
                0x08000c3c       0x24 CMakeFiles/3D_Printer.dir/USB_DEVICE/App/usbd_desc.c.obj
                0x08000c3c                USBD_FS_SerialStrDescriptor
 .text.USBD_FS_ConfigStrDescriptor
                0x08000c60       0x3c CMakeFiles/3D_Printer.dir/USB_DEVICE/App/usbd_desc.c.obj
                0x08000c60                USBD_FS_ConfigStrDescriptor
 .text.USBD_FS_InterfaceStrDescriptor
                0x08000c9c       0x3c CMakeFiles/3D_Printer.dir/USB_DEVICE/App/usbd_desc.c.obj
                0x08000c9c                USBD_FS_InterfaceStrDescriptor
 .text.Get_SerialNum
                0x08000cd8       0x58 CMakeFiles/3D_Printer.dir/USB_DEVICE/App/usbd_desc.c.obj
 .text.IntToUnicode
                0x08000d30       0x7e CMakeFiles/3D_Printer.dir/USB_DEVICE/App/usbd_desc.c.obj
 *fill*         0x08000dae        0x2 
 .text.CDC_Init_FS
                0x08000db0       0x28 CMakeFiles/3D_Printer.dir/USB_DEVICE/App/usbd_cdc_if.c.obj
 .text.CDC_DeInit_FS
                0x08000dd8       0x10 CMakeFiles/3D_Printer.dir/USB_DEVICE/App/usbd_cdc_if.c.obj
 .text.CDC_Control_FS
                0x08000de8       0xbc CMakeFiles/3D_Printer.dir/USB_DEVICE/App/usbd_cdc_if.c.obj
 .text.CDC_Receive_FS
                0x08000ea4       0x3c CMakeFiles/3D_Printer.dir/USB_DEVICE/App/usbd_cdc_if.c.obj
 .text.CDC_TransmitCplt_FS
                0x08000ee0       0x22 CMakeFiles/3D_Printer.dir/USB_DEVICE/App/usbd_cdc_if.c.obj
 *fill*         0x08000f02        0x2 
 .text.HAL_TIM_PWM_PulseFinishedCallback
                0x08000f04       0x3c CMakeFiles/3D_Printer.dir/Core/Src/main.c.obj
                0x08000f04                HAL_TIM_PWM_PulseFinishedCallback
 .text.EXTI_debouncing
                0x08000f40       0x38 CMakeFiles/3D_Printer.dir/Core/Src/main.c.obj
                0x08000f40                EXTI_debouncing
 .text.HAL_GPIO_EXTI_Callback
                0x08000f78       0x8c CMakeFiles/3D_Printer.dir/Core/Src/main.c.obj
                0x08000f78                HAL_GPIO_EXTI_Callback
 .text.main     0x08001004      0x134 CMakeFiles/3D_Printer.dir/Core/Src/main.c.obj
                0x08001004                main
 .text.SystemClock_Config
                0x08001138       0xd8 CMakeFiles/3D_Printer.dir/Core/Src/main.c.obj
                0x08001138                SystemClock_Config
 .text.MX_TIM3_Init
                0x08001210       0xf4 CMakeFiles/3D_Printer.dir/Core/Src/main.c.obj
 .text.MX_TIM4_Init
                0x08001304       0xe0 CMakeFiles/3D_Printer.dir/Core/Src/main.c.obj
 .text.MX_GPIO_Init
                0x080013e4      0x19c CMakeFiles/3D_Printer.dir/Core/Src/main.c.obj
 .text.Error_Handler
                0x08001580        0xc CMakeFiles/3D_Printer.dir/Core/Src/main.c.obj
                0x08001580                Error_Handler
 .text.NMI_Handler
                0x0800158c        0x8 CMakeFiles/3D_Printer.dir/Core/Src/stm32f4xx_it.c.obj
                0x0800158c                NMI_Handler
 .text.HardFault_Handler
                0x08001594        0x8 CMakeFiles/3D_Printer.dir/Core/Src/stm32f4xx_it.c.obj
                0x08001594                HardFault_Handler
 .text.MemManage_Handler
                0x0800159c        0x8 CMakeFiles/3D_Printer.dir/Core/Src/stm32f4xx_it.c.obj
                0x0800159c                MemManage_Handler
 .text.BusFault_Handler
                0x080015a4        0x8 CMakeFiles/3D_Printer.dir/Core/Src/stm32f4xx_it.c.obj
                0x080015a4                BusFault_Handler
 .text.UsageFault_Handler
                0x080015ac        0x8 CMakeFiles/3D_Printer.dir/Core/Src/stm32f4xx_it.c.obj
                0x080015ac                UsageFault_Handler
 .text.SVC_Handler
                0x080015b4        0xe CMakeFiles/3D_Printer.dir/Core/Src/stm32f4xx_it.c.obj
                0x080015b4                SVC_Handler
 .text.DebugMon_Handler
                0x080015c2        0xe CMakeFiles/3D_Printer.dir/Core/Src/stm32f4xx_it.c.obj
                0x080015c2                DebugMon_Handler
 .text.PendSV_Handler
                0x080015d0        0xe CMakeFiles/3D_Printer.dir/Core/Src/stm32f4xx_it.c.obj
                0x080015d0                PendSV_Handler
 .text.SysTick_Handler
                0x080015de        0xc CMakeFiles/3D_Printer.dir/Core/Src/stm32f4xx_it.c.obj
                0x080015de                SysTick_Handler
 .text.EXTI3_IRQHandler
                0x080015ea        0xe CMakeFiles/3D_Printer.dir/Core/Src/stm32f4xx_it.c.obj
                0x080015ea                EXTI3_IRQHandler
 .text.EXTI4_IRQHandler
                0x080015f8        0xe CMakeFiles/3D_Printer.dir/Core/Src/stm32f4xx_it.c.obj
                0x080015f8                EXTI4_IRQHandler
 .text.EXTI9_5_IRQHandler
                0x08001606        0xe CMakeFiles/3D_Printer.dir/Core/Src/stm32f4xx_it.c.obj
                0x08001606                EXTI9_5_IRQHandler
 .text.TIM3_IRQHandler
                0x08001614       0x14 CMakeFiles/3D_Printer.dir/Core/Src/stm32f4xx_it.c.obj
                0x08001614                TIM3_IRQHandler
 .text.EXTI15_10_IRQHandler
                0x08001628       0x10 CMakeFiles/3D_Printer.dir/Core/Src/stm32f4xx_it.c.obj
                0x08001628                EXTI15_10_IRQHandler
 .text.OTG_FS_IRQHandler
                0x08001638       0x14 CMakeFiles/3D_Printer.dir/Core/Src/stm32f4xx_it.c.obj
                0x08001638                OTG_FS_IRQHandler
 .text.HAL_MspInit
                0x0800164c       0x50 CMakeFiles/3D_Printer.dir/Core/Src/stm32f4xx_hal_msp.c.obj
                0x0800164c                HAL_MspInit
 .text.HAL_TIM_PWM_MspInit
                0x0800169c       0x7c CMakeFiles/3D_Printer.dir/Core/Src/stm32f4xx_hal_msp.c.obj
                0x0800169c                HAL_TIM_PWM_MspInit
 .text.HAL_TIM_MspPostInit
                0x08001718      0x100 CMakeFiles/3D_Printer.dir/Core/Src/stm32f4xx_hal_msp.c.obj
                0x08001718                HAL_TIM_MspPostInit
 .text.Reset_Handler
                0x08001818       0x50 CMakeFiles/3D_Printer.dir/startup_stm32f401xc.s.obj
                0x08001818                Reset_Handler
 .text.Default_Handler
                0x08001868        0x2 CMakeFiles/3D_Printer.dir/startup_stm32f401xc.s.obj
                0x08001868                RTC_Alarm_IRQHandler
                0x08001868                EXTI2_IRQHandler
                0x08001868                SPI4_IRQHandler
                0x08001868                TIM1_CC_IRQHandler
                0x08001868                DMA2_Stream5_IRQHandler
                0x08001868                DMA1_Stream5_IRQHandler
                0x08001868                PVD_IRQHandler
                0x08001868                SDIO_IRQHandler
                0x08001868                TAMP_STAMP_IRQHandler
                0x08001868                TIM1_UP_TIM10_IRQHandler
                0x08001868                I2C3_ER_IRQHandler
                0x08001868                EXTI0_IRQHandler
                0x08001868                I2C2_EV_IRQHandler
                0x08001868                DMA1_Stream2_IRQHandler
                0x08001868                FPU_IRQHandler
                0x08001868                DMA2_Stream2_IRQHandler
                0x08001868                SPI1_IRQHandler
                0x08001868                TIM1_BRK_TIM9_IRQHandler
                0x08001868                DMA2_Stream3_IRQHandler
                0x08001868                USART6_IRQHandler
                0x08001868                DMA2_Stream0_IRQHandler
                0x08001868                TIM4_IRQHandler
                0x08001868                I2C1_EV_IRQHandler
                0x08001868                DMA1_Stream6_IRQHandler
                0x08001868                DMA1_Stream1_IRQHandler
                0x08001868                RCC_IRQHandler
                0x08001868                Default_Handler
                0x08001868                ADC_IRQHandler
                0x08001868                DMA1_Stream7_IRQHandler
                0x08001868                TIM5_IRQHandler
                0x08001868                DMA2_Stream7_IRQHandler
                0x08001868                I2C3_EV_IRQHandler
                0x08001868                RTC_WKUP_IRQHandler
                0x08001868                SPI2_IRQHandler
                0x08001868                DMA1_Stream0_IRQHandler
                0x08001868                WWDG_IRQHandler
                0x08001868                TIM2_IRQHandler
                0x08001868                OTG_FS_WKUP_IRQHandler
                0x08001868                TIM1_TRG_COM_TIM11_IRQHandler
                0x08001868                EXTI1_IRQHandler
                0x08001868                USART2_IRQHandler
                0x08001868                I2C2_ER_IRQHandler
                0x08001868                DMA2_Stream1_IRQHandler
                0x08001868                FLASH_IRQHandler
                0x08001868                DMA2_Stream4_IRQHandler
                0x08001868                USART1_IRQHandler
                0x08001868                SPI3_IRQHandler
                0x08001868                DMA1_Stream4_IRQHandler
                0x08001868                I2C1_ER_IRQHandler
                0x08001868                DMA2_Stream6_IRQHandler
                0x08001868                DMA1_Stream3_IRQHandler
 .text.circ_buf_free_space
                0x0800186a       0x3a CMakeFiles/3D_Printer.dir/Core/Src/circular_buffer.c.obj
 .text.circ_buf_init
                0x080018a4       0x4a CMakeFiles/3D_Printer.dir/Core/Src/circular_buffer.c.obj
                0x080018a4                circ_buf_init
 .text.circ_buf_push_many_uint8
                0x080018ee       0xac CMakeFiles/3D_Printer.dir/Core/Src/circular_buffer.c.obj
                0x080018ee                circ_buf_push_many_uint8
 .text.circ_buf_pop
                0x0800199a       0x58 CMakeFiles/3D_Printer.dir/Core/Src/circular_buffer.c.obj
                0x0800199a                circ_buf_pop
 .text.stepper_motor_init
                0x080019f2       0x5a CMakeFiles/3D_Printer.dir/Core/Src/stepper_motor.c.obj
                0x080019f2                stepper_motor_init
 .text.set_motor_velocity_and_dir
                0x08001a4c       0xa0 CMakeFiles/3D_Printer.dir/Core/Src/stepper_motor.c.obj
                0x08001a4c                set_motor_velocity_and_dir
 .text.check_next_pulse
                0x08001aec       0xd8 CMakeFiles/3D_Printer.dir/Core/Src/stepper_motor.c.obj
                0x08001aec                check_next_pulse
 .text.start_homing
                0x08001bc4       0x5c CMakeFiles/3D_Printer.dir/Core/Src/stepper_motor.c.obj
                0x08001bc4                start_homing
 .text.stop_homing
                0x08001c20       0x74 CMakeFiles/3D_Printer.dir/Core/Src/stepper_motor.c.obj
                0x08001c20                stop_homing
 .text.Outputs_Disable
                0x08001c94        0xe CMakeFiles/3D_Printer.dir/Core/Src/emergency_stop.c.obj
                0x08001c94                Outputs_Disable
 .text.Emergency_Stop_Activate
                0x08001ca2        0xe CMakeFiles/3D_Printer.dir/Core/Src/emergency_stop.c.obj
                0x08001ca2                Emergency_Stop_Activate
 .text.System_Check
                0x08001cb0       0x10 CMakeFiles/3D_Printer.dir/Core/Src/system_check.c.obj
                0x08001cb0                System_Check
 .text.process_axis
                0x08001cc0       0x68 CMakeFiles/3D_Printer.dir/Core/Src/axis.c.obj
                0x08001cc0                process_axis
 .text.axis_init
                0x08001d28       0xec CMakeFiles/3D_Printer.dir/Core/Src/axis.c.obj
                0x08001d28                axis_init
 .text.vel_get_dir
                0x08001e14       0x1e CMakeFiles/3D_Printer.dir/Core/Src/t_velocity.c.obj
                0x08001e14                vel_get_dir
 .text.vel_get_period
                0x08001e32       0x16 CMakeFiles/3D_Printer.dir/Core/Src/t_velocity.c.obj
                0x08001e32                vel_get_period
 .text.vel_get_step_number
                0x08001e48       0x1e CMakeFiles/3D_Printer.dir/Core/Src/t_velocity.c.obj
                0x08001e48                vel_get_step_number
 *fill*         0x08001e66        0x2 
 .text.SystemInit
                0x08001e68       0x24 cmake/stm32cubemx/CMakeFiles/STM32_Drivers.dir/__/__/Core/Src/system_stm32f4xx.c.obj
                0x08001e68                SystemInit
 .text.HAL_PCD_Init
                0x08001e8c      0x21e cmake/stm32cubemx/CMakeFiles/STM32_Drivers.dir/__/__/Drivers/STM32F4xx_HAL_Driver/Src/stm32f4xx_hal_pcd.c.obj
                0x08001e8c                HAL_PCD_Init
 .text.HAL_PCD_Start
                0x080020aa       0x6a cmake/stm32cubemx/CMakeFiles/STM32_Drivers.dir/__/__/Drivers/STM32F4xx_HAL_Driver/Src/stm32f4xx_hal_pcd.c.obj
                0x080020aa                HAL_PCD_Start
 .text.HAL_PCD_IRQHandler
                0x08002114      0x942 cmake/stm32cubemx/CMakeFiles/STM32_Drivers.dir/__/__/Drivers/STM32F4xx_HAL_Driver/Src/stm32f4xx_hal_pcd.c.obj
                0x08002114                HAL_PCD_IRQHandler
 .text.HAL_PCD_SetAddress
                0x08002a56       0x48 cmake/stm32cubemx/CMakeFiles/STM32_Drivers.dir/__/__/Drivers/STM32F4xx_HAL_Driver/Src/stm32f4xx_hal_pcd.c.obj
                0x08002a56                HAL_PCD_SetAddress
 .text.HAL_PCD_EP_Open
                0x08002a9e       0xd4 cmake/stm32cubemx/CMakeFiles/STM32_Drivers.dir/__/__/Drivers/STM32F4xx_HAL_Driver/Src/stm32f4xx_hal_pcd.c.obj
                0x08002a9e                HAL_PCD_EP_Open
 .text.HAL_PCD_EP_Close
                0x08002b72       0x94 cmake/stm32cubemx/CMakeFiles/STM32_Drivers.dir/__/__/Drivers/STM32F4xx_HAL_Driver/Src/stm32f4xx_hal_pcd.c.obj
                0x08002b72                HAL_PCD_EP_Close
 .text.HAL_PCD_EP_Receive
                0x08002c06       0x76 cmake/stm32cubemx/CMakeFiles/STM32_Drivers.dir/__/__/Drivers/STM32F4xx_HAL_Driver/Src/stm32f4xx_hal_pcd.c.obj
                0x08002c06                HAL_PCD_EP_Receive
 .text.HAL_PCD_EP_GetRxCount
                0x08002c7c       0x30 cmake/stm32cubemx/CMakeFiles/STM32_Drivers.dir/__/__/Drivers/STM32F4xx_HAL_Driver/Src/stm32f4xx_hal_pcd.c.obj
                0x08002c7c                HAL_PCD_EP_GetRxCount
 .text.HAL_PCD_EP_Transmit
                0x08002cac       0x74 cmake/stm32cubemx/CMakeFiles/STM32_Drivers.dir/__/__/Drivers/STM32F4xx_HAL_Driver/Src/stm32f4xx_hal_pcd.c.obj
                0x08002cac                HAL_PCD_EP_Transmit
 .text.HAL_PCD_EP_SetStall
                0x08002d20       0xc6 cmake/stm32cubemx/CMakeFiles/STM32_Drivers.dir/__/__/Drivers/STM32F4xx_HAL_Driver/Src/stm32f4xx_hal_pcd.c.obj
                0x08002d20                HAL_PCD_EP_SetStall
 .text.HAL_PCD_EP_ClrStall
                0x08002de6       0xac cmake/stm32cubemx/CMakeFiles/STM32_Drivers.dir/__/__/Drivers/STM32F4xx_HAL_Driver/Src/stm32f4xx_hal_pcd.c.obj
                0x08002de6                HAL_PCD_EP_ClrStall
 .text.HAL_PCD_EP_Abort
                0x08002e92       0x62 cmake/stm32cubemx/CMakeFiles/STM32_Drivers.dir/__/__/Drivers/STM32F4xx_HAL_Driver/Src/stm32f4xx_hal_pcd.c.obj
                0x08002e92                HAL_PCD_EP_Abort
 .text.PCD_WriteEmptyTxFifo
                0x08002ef4      0x118 cmake/stm32cubemx/CMakeFiles/STM32_Drivers.dir/__/__/Drivers/STM32F4xx_HAL_Driver/Src/stm32f4xx_hal_pcd.c.obj
 .text.PCD_EP_OutXfrComplete_int
                0x0800300c      0x1d0 cmake/stm32cubemx/CMakeFiles/STM32_Drivers.dir/__/__/Drivers/STM32F4xx_HAL_Driver/Src/stm32f4xx_hal_pcd.c.obj
 .text.PCD_EP_OutSetupPacket_int
                0x080031dc       0x8c cmake/stm32cubemx/CMakeFiles/STM32_Drivers.dir/__/__/Drivers/STM32F4xx_HAL_Driver/Src/stm32f4xx_hal_pcd.c.obj
 .text.HAL_PCDEx_SetTxFiFo
                0x08003268       0x8e cmake/stm32cubemx/CMakeFiles/STM32_Drivers.dir/__/__/Drivers/STM32F4xx_HAL_Driver/Src/stm32f4xx_hal_pcd_ex.c.obj
                0x08003268                HAL_PCDEx_SetTxFiFo
 .text.HAL_PCDEx_SetRxFiFo
                0x080032f6       0x22 cmake/stm32cubemx/CMakeFiles/STM32_Drivers.dir/__/__/Drivers/STM32F4xx_HAL_Driver/Src/stm32f4xx_hal_pcd_ex.c.obj
                0x080032f6                HAL_PCDEx_SetRxFiFo
 .text.HAL_PCDEx_LPM_Callback
                0x08003318       0x18 cmake/stm32cubemx/CMakeFiles/STM32_Drivers.dir/__/__/Drivers/STM32F4xx_HAL_Driver/Src/stm32f4xx_hal_pcd_ex.c.obj
                0x08003318                HAL_PCDEx_LPM_Callback
 .text.USB_CoreInit
                0x08003330       0xc8 cmake/stm32cubemx/CMakeFiles/STM32_Drivers.dir/__/__/Drivers/STM32F4xx_HAL_Driver/Src/stm32f4xx_ll_usb.c.obj
                0x08003330                USB_CoreInit
 .text.USB_SetTurnaroundTime
                0x080033f8      0x144 cmake/stm32cubemx/CMakeFiles/STM32_Drivers.dir/__/__/Drivers/STM32F4xx_HAL_Driver/Src/stm32f4xx_ll_usb.c.obj
                0x080033f8                USB_SetTurnaroundTime
 .text.USB_EnableGlobalInt
                0x0800353c       0x22 cmake/stm32cubemx/CMakeFiles/STM32_Drivers.dir/__/__/Drivers/STM32F4xx_HAL_Driver/Src/stm32f4xx_ll_usb.c.obj
                0x0800353c                USB_EnableGlobalInt
 .text.USB_DisableGlobalInt
                0x0800355e       0x22 cmake/stm32cubemx/CMakeFiles/STM32_Drivers.dir/__/__/Drivers/STM32F4xx_HAL_Driver/Src/stm32f4xx_ll_usb.c.obj
                0x0800355e                USB_DisableGlobalInt
 .text.USB_SetCurrentMode
                0x08003580       0x98 cmake/stm32cubemx/CMakeFiles/STM32_Drivers.dir/__/__/Drivers/STM32F4xx_HAL_Driver/Src/stm32f4xx_ll_usb.c.obj
                0x08003580                USB_SetCurrentMode
 .text.USB_DevInit
                0x08003618      0x2c8 cmake/stm32cubemx/CMakeFiles/STM32_Drivers.dir/__/__/Drivers/STM32F4xx_HAL_Driver/Src/stm32f4xx_ll_usb.c.obj
                0x08003618                USB_DevInit
 .text.USB_FlushTxFifo
                0x080038e0       0x64 cmake/stm32cubemx/CMakeFiles/STM32_Drivers.dir/__/__/Drivers/STM32F4xx_HAL_Driver/Src/stm32f4xx_ll_usb.c.obj
                0x080038e0                USB_FlushTxFifo
 .text.USB_FlushRxFifo
                0x08003944       0x5c cmake/stm32cubemx/CMakeFiles/STM32_Drivers.dir/__/__/Drivers/STM32F4xx_HAL_Driver/Src/stm32f4xx_ll_usb.c.obj
                0x08003944                USB_FlushRxFifo
 .text.USB_SetDevSpeed
                0x080039a0       0x32 cmake/stm32cubemx/CMakeFiles/STM32_Drivers.dir/__/__/Drivers/STM32F4xx_HAL_Driver/Src/stm32f4xx_ll_usb.c.obj
                0x080039a0                USB_SetDevSpeed
 .text.USB_GetDevSpeed
                0x080039d2       0x4a cmake/stm32cubemx/CMakeFiles/STM32_Drivers.dir/__/__/Drivers/STM32F4xx_HAL_Driver/Src/stm32f4xx_ll_usb.c.obj
                0x080039d2                USB_GetDevSpeed
 .text.USB_ActivateEndpoint
                0x08003a1c      0x10e cmake/stm32cubemx/CMakeFiles/STM32_Drivers.dir/__/__/Drivers/STM32F4xx_HAL_Driver/Src/stm32f4xx_ll_usb.c.obj
                0x08003a1c                USB_ActivateEndpoint
 *fill*         0x08003b2a        0x2 
 .text.USB_DeactivateEndpoint
                0x08003b2c      0x1b8 cmake/stm32cubemx/CMakeFiles/STM32_Drivers.dir/__/__/Drivers/STM32F4xx_HAL_Driver/Src/stm32f4xx_ll_usb.c.obj
                0x08003b2c                USB_DeactivateEndpoint
 .text.USB_EPStartXfer
                0x08003ce4      0x53c cmake/stm32cubemx/CMakeFiles/STM32_Drivers.dir/__/__/Drivers/STM32F4xx_HAL_Driver/Src/stm32f4xx_ll_usb.c.obj
                0x08003ce4                USB_EPStartXfer
 .text.USB_EPStopXfer
                0x08004220      0x154 cmake/stm32cubemx/CMakeFiles/STM32_Drivers.dir/__/__/Drivers/STM32F4xx_HAL_Driver/Src/stm32f4xx_ll_usb.c.obj
                0x08004220                USB_EPStopXfer
 .text.USB_WritePacket
                0x08004374       0x7c cmake/stm32cubemx/CMakeFiles/STM32_Drivers.dir/__/__/Drivers/STM32F4xx_HAL_Driver/Src/stm32f4xx_ll_usb.c.obj
                0x08004374                USB_WritePacket
 .text.USB_ReadPacket
                0x080043f0       0xb0 cmake/stm32cubemx/CMakeFiles/STM32_Drivers.dir/__/__/Drivers/STM32F4xx_HAL_Driver/Src/stm32f4xx_ll_usb.c.obj
                0x080043f0                USB_ReadPacket
 .text.USB_EPSetStall
                0x080044a0       0xdc cmake/stm32cubemx/CMakeFiles/STM32_Drivers.dir/__/__/Drivers/STM32F4xx_HAL_Driver/Src/stm32f4xx_ll_usb.c.obj
                0x080044a0                USB_EPSetStall
 .text.USB_EPClearStall
                0x0800457c       0xcc cmake/stm32cubemx/CMakeFiles/STM32_Drivers.dir/__/__/Drivers/STM32F4xx_HAL_Driver/Src/stm32f4xx_ll_usb.c.obj
                0x0800457c                USB_EPClearStall
 .text.USB_SetDevAddress
                0x08004648       0x4c cmake/stm32cubemx/CMakeFiles/STM32_Drivers.dir/__/__/Drivers/STM32F4xx_HAL_Driver/Src/stm32f4xx_ll_usb.c.obj
                0x08004648                USB_SetDevAddress
 .text.USB_DevConnect
                0x08004694       0x42 cmake/stm32cubemx/CMakeFiles/STM32_Drivers.dir/__/__/Drivers/STM32F4xx_HAL_Driver/Src/stm32f4xx_ll_usb.c.obj
                0x08004694                USB_DevConnect
 .text.USB_DevDisconnect
                0x080046d6       0x42 cmake/stm32cubemx/CMakeFiles/STM32_Drivers.dir/__/__/Drivers/STM32F4xx_HAL_Driver/Src/stm32f4xx_ll_usb.c.obj
                0x080046d6                USB_DevDisconnect
 .text.USB_ReadInterrupts
                0x08004718       0x26 cmake/stm32cubemx/CMakeFiles/STM32_Drivers.dir/__/__/Drivers/STM32F4xx_HAL_Driver/Src/stm32f4xx_ll_usb.c.obj
                0x08004718                USB_ReadInterrupts
 .text.USB_ReadDevAllOutEpInterrupt
                0x0800473e       0x34 cmake/stm32cubemx/CMakeFiles/STM32_Drivers.dir/__/__/Drivers/STM32F4xx_HAL_Driver/Src/stm32f4xx_ll_usb.c.obj
                0x0800473e                USB_ReadDevAllOutEpInterrupt
 .text.USB_ReadDevAllInEpInterrupt
                0x08004772       0x34 cmake/stm32cubemx/CMakeFiles/STM32_Drivers.dir/__/__/Drivers/STM32F4xx_HAL_Driver/Src/stm32f4xx_ll_usb.c.obj
                0x08004772                USB_ReadDevAllInEpInterrupt
 .text.USB_ReadDevOutEPInterrupt
                0x080047a6       0x3c cmake/stm32cubemx/CMakeFiles/STM32_Drivers.dir/__/__/Drivers/STM32F4xx_HAL_Driver/Src/stm32f4xx_ll_usb.c.obj
                0x080047a6                USB_ReadDevOutEPInterrupt
 .text.USB_ReadDevInEPInterrupt
                0x080047e2       0x5c cmake/stm32cubemx/CMakeFiles/STM32_Drivers.dir/__/__/Drivers/STM32F4xx_HAL_Driver/Src/stm32f4xx_ll_usb.c.obj
                0x080047e2                USB_ReadDevInEPInterrupt
 .text.USB_GetMode
                0x0800483e       0x1c cmake/stm32cubemx/CMakeFiles/STM32_Drivers.dir/__/__/Drivers/STM32F4xx_HAL_Driver/Src/stm32f4xx_ll_usb.c.obj
                0x0800483e                USB_GetMode
 .text.USB_ActivateSetup
                0x0800485a       0x46 cmake/stm32cubemx/CMakeFiles/STM32_Drivers.dir/__/__/Drivers/STM32F4xx_HAL_Driver/Src/stm32f4xx_ll_usb.c.obj
                0x0800485a                USB_ActivateSetup
 .text.USB_EP0_OutStart
                0x080048a0       0xbc cmake/stm32cubemx/CMakeFiles/STM32_Drivers.dir/__/__/Drivers/STM32F4xx_HAL_Driver/Src/stm32f4xx_ll_usb.c.obj
                0x080048a0                USB_EP0_OutStart
 .text.USB_CoreReset
                0x0800495c       0x70 cmake/stm32cubemx/CMakeFiles/STM32_Drivers.dir/__/__/Drivers/STM32F4xx_HAL_Driver/Src/stm32f4xx_ll_usb.c.obj
 .text.HAL_RCC_OscConfig
                0x080049cc      0x4f0 cmake/stm32cubemx/CMakeFiles/STM32_Drivers.dir/__/__/Drivers/STM32F4xx_HAL_Driver/Src/stm32f4xx_hal_rcc.c.obj
                0x080049cc                HAL_RCC_OscConfig
 .text.HAL_RCC_ClockConfig
                0x08004ebc      0x1cc cmake/stm32cubemx/CMakeFiles/STM32_Drivers.dir/__/__/Drivers/STM32F4xx_HAL_Driver/Src/stm32f4xx_hal_rcc.c.obj
                0x08004ebc                HAL_RCC_ClockConfig
 .text.HAL_RCC_GetSysClockFreq
                0x08005088      0x18c cmake/stm32cubemx/CMakeFiles/STM32_Drivers.dir/__/__/Drivers/STM32F4xx_HAL_Driver/Src/stm32f4xx_hal_rcc.c.obj
                0x08005088                HAL_RCC_GetSysClockFreq
 .text.HAL_RCC_GetHCLKFreq
                0x08005214       0x18 cmake/stm32cubemx/CMakeFiles/STM32_Drivers.dir/__/__/Drivers/STM32F4xx_HAL_Driver/Src/stm32f4xx_hal_rcc.c.obj
                0x08005214                HAL_RCC_GetHCLKFreq
 .text.HAL_GPIO_Init
                0x0800522c      0x308 cmake/stm32cubemx/CMakeFiles/STM32_Drivers.dir/__/__/Drivers/STM32F4xx_HAL_Driver/Src/stm32f4xx_hal_gpio.c.obj
                0x0800522c                HAL_GPIO_Init
 .text.HAL_GPIO_ReadPin
                0x08005534       0x30 cmake/stm32cubemx/CMakeFiles/STM32_Drivers.dir/__/__/Drivers/STM32F4xx_HAL_Driver/Src/stm32f4xx_hal_gpio.c.obj
                0x08005534                HAL_GPIO_ReadPin
 .text.HAL_GPIO_WritePin
                0x08005564       0x32 cmake/stm32cubemx/CMakeFiles/STM32_Drivers.dir/__/__/Drivers/STM32F4xx_HAL_Driver/Src/stm32f4xx_hal_gpio.c.obj
                0x08005564                HAL_GPIO_WritePin
 *fill*         0x08005596        0x2 
 .text.HAL_GPIO_EXTI_IRQHandler
                0x08005598       0x30 cmake/stm32cubemx/CMakeFiles/STM32_Drivers.dir/__/__/Drivers/STM32F4xx_HAL_Driver/Src/stm32f4xx_hal_gpio.c.obj
                0x08005598                HAL_GPIO_EXTI_IRQHandler
 .text.__NVIC_SetPriorityGrouping
                0x080055c8       0x48 cmake/stm32cubemx/CMakeFiles/STM32_Drivers.dir/__/__/Drivers/STM32F4xx_HAL_Driver/Src/stm32f4xx_hal_cortex.c.obj
 .text.__NVIC_GetPriorityGrouping
                0x08005610       0x1c cmake/stm32cubemx/CMakeFiles/STM32_Drivers.dir/__/__/Drivers/STM32F4xx_HAL_Driver/Src/stm32f4xx_hal_cortex.c.obj
 .text.__NVIC_EnableIRQ
                0x0800562c       0x3c cmake/stm32cubemx/CMakeFiles/STM32_Drivers.dir/__/__/Drivers/STM32F4xx_HAL_Driver/Src/stm32f4xx_hal_cortex.c.obj
 .text.__NVIC_SetPriority
                0x08005668       0x54 cmake/stm32cubemx/CMakeFiles/STM32_Drivers.dir/__/__/Drivers/STM32F4xx_HAL_Driver/Src/stm32f4xx_hal_cortex.c.obj
 .text.NVIC_EncodePriority
                0x080056bc       0x66 cmake/stm32cubemx/CMakeFiles/STM32_Drivers.dir/__/__/Drivers/STM32F4xx_HAL_Driver/Src/stm32f4xx_hal_cortex.c.obj
 *fill*         0x08005722        0x2 
 .text.SysTick_Config
                0x08005724       0x44 cmake/stm32cubemx/CMakeFiles/STM32_Drivers.dir/__/__/Drivers/STM32F4xx_HAL_Driver/Src/stm32f4xx_hal_cortex.c.obj
 .text.HAL_NVIC_SetPriorityGrouping
                0x08005768       0x16 cmake/stm32cubemx/CMakeFiles/STM32_Drivers.dir/__/__/Drivers/STM32F4xx_HAL_Driver/Src/stm32f4xx_hal_cortex.c.obj
                0x08005768                HAL_NVIC_SetPriorityGrouping
 .text.HAL_NVIC_SetPriority
                0x0800577e       0x38 cmake/stm32cubemx/CMakeFiles/STM32_Drivers.dir/__/__/Drivers/STM32F4xx_HAL_Driver/Src/stm32f4xx_hal_cortex.c.obj
                0x0800577e                HAL_NVIC_SetPriority
 .text.HAL_NVIC_EnableIRQ
                0x080057b6       0x1c cmake/stm32cubemx/CMakeFiles/STM32_Drivers.dir/__/__/Drivers/STM32F4xx_HAL_Driver/Src/stm32f4xx_hal_cortex.c.obj
                0x080057b6                HAL_NVIC_EnableIRQ
 .text.HAL_SYSTICK_Config
                0x080057d2       0x18 cmake/stm32cubemx/CMakeFiles/STM32_Drivers.dir/__/__/Drivers/STM32F4xx_HAL_Driver/Src/stm32f4xx_hal_cortex.c.obj
                0x080057d2                HAL_SYSTICK_Config
 *fill*         0x080057ea        0x2 
 .text.HAL_Init
                0x080057ec       0x44 cmake/stm32cubemx/CMakeFiles/STM32_Drivers.dir/__/__/Drivers/STM32F4xx_HAL_Driver/Src/stm32f4xx_hal.c.obj
                0x080057ec                HAL_Init
 .text.HAL_InitTick
                0x08005830       0x60 cmake/stm32cubemx/CMakeFiles/STM32_Drivers.dir/__/__/Drivers/STM32F4xx_HAL_Driver/Src/stm32f4xx_hal.c.obj
                0x08005830                HAL_InitTick
 .text.HAL_IncTick
                0x08005890       0x28 cmake/stm32cubemx/CMakeFiles/STM32_Drivers.dir/__/__/Drivers/STM32F4xx_HAL_Driver/Src/stm32f4xx_hal.c.obj
                0x08005890                HAL_IncTick
 .text.HAL_GetTick
                0x080058b8       0x18 cmake/stm32cubemx/CMakeFiles/STM32_Drivers.dir/__/__/Drivers/STM32F4xx_HAL_Driver/Src/stm32f4xx_hal.c.obj
                0x080058b8                HAL_GetTick
 .text.HAL_Delay
                0x080058d0       0x48 cmake/stm32cubemx/CMakeFiles/STM32_Drivers.dir/__/__/Drivers/STM32F4xx_HAL_Driver/Src/stm32f4xx_hal.c.obj
                0x080058d0                HAL_Delay
 .text.HAL_TIM_Base_Start_IT
                0x08005918       0xc4 cmake/stm32cubemx/CMakeFiles/STM32_Drivers.dir/__/__/Drivers/STM32F4xx_HAL_Driver/Src/stm32f4xx_hal_tim.c.obj
                0x08005918                HAL_TIM_Base_Start_IT
 .text.HAL_TIM_PWM_Init
                0x080059dc       0x9e cmake/stm32cubemx/CMakeFiles/STM32_Drivers.dir/__/__/Drivers/STM32F4xx_HAL_Driver/Src/stm32f4xx_hal_tim.c.obj
                0x080059dc                HAL_TIM_PWM_Init
 *fill*         0x08005a7a        0x2 
 .text.HAL_TIM_PWM_Start_IT
                0x08005a7c      0x1fc cmake/stm32cubemx/CMakeFiles/STM32_Drivers.dir/__/__/Drivers/STM32F4xx_HAL_Driver/Src/stm32f4xx_hal_tim.c.obj
                0x08005a7c                HAL_TIM_PWM_Start_IT
 .text.HAL_TIM_IRQHandler
                0x08005c78      0x1e0 cmake/stm32cubemx/CMakeFiles/STM32_Drivers.dir/__/__/Drivers/STM32F4xx_HAL_Driver/Src/stm32f4xx_hal_tim.c.obj
                0x08005c78                HAL_TIM_IRQHandler
 .text.HAL_TIM_PWM_ConfigChannel
                0x08005e58      0x184 cmake/stm32cubemx/CMakeFiles/STM32_Drivers.dir/__/__/Drivers/STM32F4xx_HAL_Driver/Src/stm32f4xx_hal_tim.c.obj
                0x08005e58                HAL_TIM_PWM_ConfigChannel
 .text.HAL_TIM_PeriodElapsedCallback
                0x08005fdc       0x14 cmake/stm32cubemx/CMakeFiles/STM32_Drivers.dir/__/__/Drivers/STM32F4xx_HAL_Driver/Src/stm32f4xx_hal_tim.c.obj
                0x08005fdc                HAL_TIM_PeriodElapsedCallback
 .text.HAL_TIM_OC_DelayElapsedCallback
                0x08005ff0       0x14 cmake/stm32cubemx/CMakeFiles/STM32_Drivers.dir/__/__/Drivers/STM32F4xx_HAL_Driver/Src/stm32f4xx_hal_tim.c.obj
                0x08005ff0                HAL_TIM_OC_DelayElapsedCallback
 .text.HAL_TIM_IC_CaptureCallback
                0x08006004       0x14 cmake/stm32cubemx/CMakeFiles/STM32_Drivers.dir/__/__/Drivers/STM32F4xx_HAL_Driver/Src/stm32f4xx_hal_tim.c.obj
                0x08006004                HAL_TIM_IC_CaptureCallback
 .text.HAL_TIM_TriggerCallback
                0x08006018       0x14 cmake/stm32cubemx/CMakeFiles/STM32_Drivers.dir/__/__/Drivers/STM32F4xx_HAL_Driver/Src/stm32f4xx_hal_tim.c.obj
                0x08006018                HAL_TIM_TriggerCallback
 .text.TIM_Base_SetConfig
                0x0800602c      0x10c cmake/stm32cubemx/CMakeFiles/STM32_Drivers.dir/__/__/Drivers/STM32F4xx_HAL_Driver/Src/stm32f4xx_hal_tim.c.obj
                0x0800602c                TIM_Base_SetConfig
 .text.TIM_OC1_SetConfig
                0x08006138       0xcc cmake/stm32cubemx/CMakeFiles/STM32_Drivers.dir/__/__/Drivers/STM32F4xx_HAL_Driver/Src/stm32f4xx_hal_tim.c.obj
 .text.TIM_OC2_SetConfig
                0x08006204       0xd8 cmake/stm32cubemx/CMakeFiles/STM32_Drivers.dir/__/__/Drivers/STM32F4xx_HAL_Driver/Src/stm32f4xx_hal_tim.c.obj
                0x08006204                TIM_OC2_SetConfig
 .text.TIM_OC3_SetConfig
                0x080062dc       0xd4 cmake/stm32cubemx/CMakeFiles/STM32_Drivers.dir/__/__/Drivers/STM32F4xx_HAL_Driver/Src/stm32f4xx_hal_tim.c.obj
 .text.TIM_OC4_SetConfig
                0x080063b0       0xa0 cmake/stm32cubemx/CMakeFiles/STM32_Drivers.dir/__/__/Drivers/STM32F4xx_HAL_Driver/Src/stm32f4xx_hal_tim.c.obj
 .text.TIM_CCxChannelCmd
                0x08006450       0x4a cmake/stm32cubemx/CMakeFiles/STM32_Drivers.dir/__/__/Drivers/STM32F4xx_HAL_Driver/Src/stm32f4xx_hal_tim.c.obj
                0x08006450                TIM_CCxChannelCmd
 *fill*         0x0800649a        0x2 
 .text.HAL_TIMEx_MasterConfigSynchronization
                0x0800649c       0xdc cmake/stm32cubemx/CMakeFiles/STM32_Drivers.dir/__/__/Drivers/STM32F4xx_HAL_Driver/Src/stm32f4xx_hal_tim_ex.c.obj
                0x0800649c                HAL_TIMEx_MasterConfigSynchronization
 .text.HAL_TIMEx_CommutCallback
                0x08006578       0x14 cmake/stm32cubemx/CMakeFiles/STM32_Drivers.dir/__/__/Drivers/STM32F4xx_HAL_Driver/Src/stm32f4xx_hal_tim_ex.c.obj
                0x08006578                HAL_TIMEx_CommutCallback
 .text.HAL_TIMEx_BreakCallback
                0x0800658c       0x14 cmake/stm32cubemx/CMakeFiles/STM32_Drivers.dir/__/__/Drivers/STM32F4xx_HAL_Driver/Src/stm32f4xx_hal_tim_ex.c.obj
                0x0800658c                HAL_TIMEx_BreakCallback
 .text.USBD_Init
                0x080065a0       0x60 cmake/stm32cubemx/CMakeFiles/USB_Device_Library.dir/__/__/Middlewares/ST/STM32_USB_Device_Library/Core/Src/usbd_core.c.obj
                0x080065a0                USBD_Init
 .text.USBD_RegisterClass
                0x08006600       0x6c cmake/stm32cubemx/CMakeFiles/USB_Device_Library.dir/__/__/Middlewares/ST/STM32_USB_Device_Library/Core/Src/usbd_core.c.obj
                0x08006600                USBD_RegisterClass
 .text.USBD_Start
                0x0800666c       0x18 cmake/stm32cubemx/CMakeFiles/USB_Device_Library.dir/__/__/Middlewares/ST/STM32_USB_Device_Library/Core/Src/usbd_core.c.obj
                0x0800666c                USBD_Start
 .text.USBD_RunTestMode
                0x08006684       0x16 cmake/stm32cubemx/CMakeFiles/USB_Device_Library.dir/__/__/Middlewares/ST/STM32_USB_Device_Library/Core/Src/usbd_core.c.obj
                0x08006684                USBD_RunTestMode
 .text.USBD_SetClassConfig
                0x0800669a       0x38 cmake/stm32cubemx/CMakeFiles/USB_Device_Library.dir/__/__/Middlewares/ST/STM32_USB_Device_Library/Core/Src/usbd_core.c.obj
                0x0800669a                USBD_SetClassConfig
 .text.USBD_ClrClassConfig
                0x080066d2       0x34 cmake/stm32cubemx/CMakeFiles/USB_Device_Library.dir/__/__/Middlewares/ST/STM32_USB_Device_Library/Core/Src/usbd_core.c.obj
                0x080066d2                USBD_ClrClassConfig
 .text.USBD_LL_SetupStage
                0x08006706       0xaa cmake/stm32cubemx/CMakeFiles/USB_Device_Library.dir/__/__/Middlewares/ST/STM32_USB_Device_Library/Core/Src/usbd_core.c.obj
                0x08006706                USBD_LL_SetupStage
 .text.USBD_LL_DataOutStage
                0x080067b0      0x178 cmake/stm32cubemx/CMakeFiles/USB_Device_Library.dir/__/__/Middlewares/ST/STM32_USB_Device_Library/Core/Src/usbd_core.c.obj
                0x080067b0                USBD_LL_DataOutStage
 .text.USBD_LL_DataInStage
                0x08006928      0x176 cmake/stm32cubemx/CMakeFiles/USB_Device_Library.dir/__/__/Middlewares/ST/STM32_USB_Device_Library/Core/Src/usbd_core.c.obj
                0x08006928                USBD_LL_DataInStage
 .text.USBD_LL_Reset
                0x08006a9e       0xa6 cmake/stm32cubemx/CMakeFiles/USB_Device_Library.dir/__/__/Middlewares/ST/STM32_USB_Device_Library/Core/Src/usbd_core.c.obj
                0x08006a9e                USBD_LL_Reset
 .text.USBD_LL_SetSpeed
                0x08006b44       0x20 cmake/stm32cubemx/CMakeFiles/USB_Device_Library.dir/__/__/Middlewares/ST/STM32_USB_Device_Library/Core/Src/usbd_core.c.obj
                0x08006b44                USBD_LL_SetSpeed
 .text.USBD_LL_Suspend
                0x08006b64       0x38 cmake/stm32cubemx/CMakeFiles/USB_Device_Library.dir/__/__/Middlewares/ST/STM32_USB_Device_Library/Core/Src/usbd_core.c.obj
                0x08006b64                USBD_LL_Suspend
 .text.USBD_LL_Resume
                0x08006b9c       0x30 cmake/stm32cubemx/CMakeFiles/USB_Device_Library.dir/__/__/Middlewares/ST/STM32_USB_Device_Library/Core/Src/usbd_core.c.obj
                0x08006b9c                USBD_LL_Resume
 .text.USBD_LL_SOF
                0x08006bcc       0x40 cmake/stm32cubemx/CMakeFiles/USB_Device_Library.dir/__/__/Middlewares/ST/STM32_USB_Device_Library/Core/Src/usbd_core.c.obj
                0x08006bcc                USBD_LL_SOF
 .text.USBD_LL_IsoINIncomplete
                0x08006c0c       0x64 cmake/stm32cubemx/CMakeFiles/USB_Device_Library.dir/__/__/Middlewares/ST/STM32_USB_Device_Library/Core/Src/usbd_core.c.obj
                0x08006c0c                USBD_LL_IsoINIncomplete
 .text.USBD_LL_IsoOUTIncomplete
                0x08006c70       0x64 cmake/stm32cubemx/CMakeFiles/USB_Device_Library.dir/__/__/Middlewares/ST/STM32_USB_Device_Library/Core/Src/usbd_core.c.obj
                0x08006c70                USBD_LL_IsoOUTIncomplete
 .text.USBD_LL_DevConnected
                0x08006cd4       0x16 cmake/stm32cubemx/CMakeFiles/USB_Device_Library.dir/__/__/Middlewares/ST/STM32_USB_Device_Library/Core/Src/usbd_core.c.obj
                0x08006cd4                USBD_LL_DevConnected
 .text.USBD_LL_DevDisconnected
                0x08006cea       0x46 cmake/stm32cubemx/CMakeFiles/USB_Device_Library.dir/__/__/Middlewares/ST/STM32_USB_Device_Library/Core/Src/usbd_core.c.obj
                0x08006cea                USBD_LL_DevDisconnected
 .text.USBD_CoreFindIF
                0x08006d30       0x1a cmake/stm32cubemx/CMakeFiles/USB_Device_Library.dir/__/__/Middlewares/ST/STM32_USB_Device_Library/Core/Src/usbd_core.c.obj
                0x08006d30                USBD_CoreFindIF
 .text.USBD_CoreFindEP
                0x08006d4a       0x1a cmake/stm32cubemx/CMakeFiles/USB_Device_Library.dir/__/__/Middlewares/ST/STM32_USB_Device_Library/Core/Src/usbd_core.c.obj
                0x08006d4a                USBD_CoreFindEP
 .text.USBD_GetEpDesc
                0x08006d64       0x70 cmake/stm32cubemx/CMakeFiles/USB_Device_Library.dir/__/__/Middlewares/ST/STM32_USB_Device_Library/Core/Src/usbd_core.c.obj
                0x08006d64                USBD_GetEpDesc
 .text.USBD_GetNextDesc
                0x08006dd4       0x38 cmake/stm32cubemx/CMakeFiles/USB_Device_Library.dir/__/__/Middlewares/ST/STM32_USB_Device_Library/Core/Src/usbd_core.c.obj
                0x08006dd4                USBD_GetNextDesc
 .text.SWAPBYTE
                0x08006e0c       0x3e cmake/stm32cubemx/CMakeFiles/USB_Device_Library.dir/__/__/Middlewares/ST/STM32_USB_Device_Library/Core/Src/usbd_ctlreq.c.obj
 *fill*         0x08006e4a        0x2 
 .text.USBD_StdDevReq
                0x08006e4c       0xe4 cmake/stm32cubemx/CMakeFiles/USB_Device_Library.dir/__/__/Middlewares/ST/STM32_USB_Device_Library/Core/Src/usbd_ctlreq.c.obj
                0x08006e4c                USBD_StdDevReq
 .text.USBD_StdItfReq
                0x08006f30       0xd8 cmake/stm32cubemx/CMakeFiles/USB_Device_Library.dir/__/__/Middlewares/ST/STM32_USB_Device_Library/Core/Src/usbd_ctlreq.c.obj
                0x08006f30                USBD_StdItfReq
 .text.USBD_StdEPReq
                0x08007008      0x33e cmake/stm32cubemx/CMakeFiles/USB_Device_Library.dir/__/__/Middlewares/ST/STM32_USB_Device_Library/Core/Src/usbd_ctlreq.c.obj
                0x08007008                USBD_StdEPReq
 *fill*         0x08007346        0x2 
 .text.USBD_GetDescriptor
                0x08007348      0x2d4 cmake/stm32cubemx/CMakeFiles/USB_Device_Library.dir/__/__/Middlewares/ST/STM32_USB_Device_Library/Core/Src/usbd_ctlreq.c.obj
 .text.USBD_SetAddress
                0x0800761c       0x88 cmake/stm32cubemx/CMakeFiles/USB_Device_Library.dir/__/__/Middlewares/ST/STM32_USB_Device_Library/Core/Src/usbd_ctlreq.c.obj
 .text.USBD_SetConfig
                0x080076a4      0x154 cmake/stm32cubemx/CMakeFiles/USB_Device_Library.dir/__/__/Middlewares/ST/STM32_USB_Device_Library/Core/Src/usbd_ctlreq.c.obj
 .text.USBD_GetConfig
                0x080077f8       0x6c cmake/stm32cubemx/CMakeFiles/USB_Device_Library.dir/__/__/Middlewares/ST/STM32_USB_Device_Library/Core/Src/usbd_ctlreq.c.obj
 .text.USBD_GetStatus
                0x08007864       0x68 cmake/stm32cubemx/CMakeFiles/USB_Device_Library.dir/__/__/Middlewares/ST/STM32_USB_Device_Library/Core/Src/usbd_ctlreq.c.obj
 .text.USBD_SetFeature
                0x080078cc       0x52 cmake/stm32cubemx/CMakeFiles/USB_Device_Library.dir/__/__/Middlewares/ST/STM32_USB_Device_Library/Core/Src/usbd_ctlreq.c.obj
 .text.USBD_ClrFeature
                0x0800791e       0x44 cmake/stm32cubemx/CMakeFiles/USB_Device_Library.dir/__/__/Middlewares/ST/STM32_USB_Device_Library/Core/Src/usbd_ctlreq.c.obj
 .text.USBD_ParseSetupRequest
                0x08007962       0x74 cmake/stm32cubemx/CMakeFiles/USB_Device_Library.dir/__/__/Middlewares/ST/STM32_USB_Device_Library/Core/Src/usbd_ctlreq.c.obj
                0x08007962                USBD_ParseSetupRequest
 .text.USBD_CtlError
                0x080079d6       0x22 cmake/stm32cubemx/CMakeFiles/USB_Device_Library.dir/__/__/Middlewares/ST/STM32_USB_Device_Library/Core/Src/usbd_ctlreq.c.obj
                0x080079d6                USBD_CtlError
 .text.USBD_GetString
                0x080079f8       0xa4 cmake/stm32cubemx/CMakeFiles/USB_Device_Library.dir/__/__/Middlewares/ST/STM32_USB_Device_Library/Core/Src/usbd_ctlreq.c.obj
                0x080079f8                USBD_GetString
 .text.USBD_GetLen
                0x08007a9c       0x34 cmake/stm32cubemx/CMakeFiles/USB_Device_Library.dir/__/__/Middlewares/ST/STM32_USB_Device_Library/Core/Src/usbd_ctlreq.c.obj
 .text.USBD_CtlSendData
                0x08007ad0       0x3c cmake/stm32cubemx/CMakeFiles/USB_Device_Library.dir/__/__/Middlewares/ST/STM32_USB_Device_Library/Core/Src/usbd_ioreq.c.obj
                0x08007ad0                USBD_CtlSendData
 .text.USBD_CtlContinueSendData
                0x08007b0c       0x22 cmake/stm32cubemx/CMakeFiles/USB_Device_Library.dir/__/__/Middlewares/ST/STM32_USB_Device_Library/Core/Src/usbd_ioreq.c.obj
                0x08007b0c                USBD_CtlContinueSendData
 .text.USBD_CtlPrepareRx
                0x08007b2e       0x42 cmake/stm32cubemx/CMakeFiles/USB_Device_Library.dir/__/__/Middlewares/ST/STM32_USB_Device_Library/Core/Src/usbd_ioreq.c.obj
                0x08007b2e                USBD_CtlPrepareRx
 .text.USBD_CtlContinueRx
                0x08007b70       0x22 cmake/stm32cubemx/CMakeFiles/USB_Device_Library.dir/__/__/Middlewares/ST/STM32_USB_Device_Library/Core/Src/usbd_ioreq.c.obj
                0x08007b70                USBD_CtlContinueRx
 .text.USBD_CtlSendStatus
                0x08007b92       0x26 cmake/stm32cubemx/CMakeFiles/USB_Device_Library.dir/__/__/Middlewares/ST/STM32_USB_Device_Library/Core/Src/usbd_ioreq.c.obj
                0x08007b92                USBD_CtlSendStatus
 .text.USBD_CtlReceiveStatus
                0x08007bb8       0x26 cmake/stm32cubemx/CMakeFiles/USB_Device_Library.dir/__/__/Middlewares/ST/STM32_USB_Device_Library/Core/Src/usbd_ioreq.c.obj
                0x08007bb8                USBD_CtlReceiveStatus
 *fill*         0x08007bde        0x2 
 .text.USBD_CDC_Init
                0x08007be0      0x1f0 cmake/stm32cubemx/CMakeFiles/USB_Device_Library.dir/__/__/Middlewares/ST/STM32_USB_Device_Library/Class/CDC/Src/usbd_cdc.c.obj
 .text.USBD_CDC_DeInit
                0x08007dd0      0x104 cmake/stm32cubemx/CMakeFiles/USB_Device_Library.dir/__/__/Middlewares/ST/STM32_USB_Device_Library/Class/CDC/Src/usbd_cdc.c.obj
 .text.USBD_CDC_Setup
                0x08007ed4      0x1b8 cmake/stm32cubemx/CMakeFiles/USB_Device_Library.dir/__/__/Middlewares/ST/STM32_USB_Device_Library/Class/CDC/Src/usbd_cdc.c.obj
 .text.USBD_CDC_DataIn
                0x0800808c       0xfe cmake/stm32cubemx/CMakeFiles/USB_Device_Library.dir/__/__/Middlewares/ST/STM32_USB_Device_Library/Class/CDC/Src/usbd_cdc.c.obj
 .text.USBD_CDC_DataOut
                0x0800818a       0x70 cmake/stm32cubemx/CMakeFiles/USB_Device_Library.dir/__/__/Middlewares/ST/STM32_USB_Device_Library/Class/CDC/Src/usbd_cdc.c.obj
 .text.USBD_CDC_EP0_RxReady
                0x080081fa       0x74 cmake/stm32cubemx/CMakeFiles/USB_Device_Library.dir/__/__/Middlewares/ST/STM32_USB_Device_Library/Class/CDC/Src/usbd_cdc.c.obj
 *fill*         0x0800826e        0x2 
 .text.USBD_CDC_GetFSCfgDesc
                0x08008270       0x70 cmake/stm32cubemx/CMakeFiles/USB_Device_Library.dir/__/__/Middlewares/ST/STM32_USB_Device_Library/Class/CDC/Src/usbd_cdc.c.obj
 .text.USBD_CDC_GetHSCfgDesc
                0x080082e0       0x70 cmake/stm32cubemx/CMakeFiles/USB_Device_Library.dir/__/__/Middlewares/ST/STM32_USB_Device_Library/Class/CDC/Src/usbd_cdc.c.obj
 .text.USBD_CDC_GetOtherSpeedCfgDesc
                0x08008350       0x70 cmake/stm32cubemx/CMakeFiles/USB_Device_Library.dir/__/__/Middlewares/ST/STM32_USB_Device_Library/Class/CDC/Src/usbd_cdc.c.obj
 .text.USBD_CDC_GetDeviceQualifierDescriptor
                0x080083c0       0x20 cmake/stm32cubemx/CMakeFiles/USB_Device_Library.dir/__/__/Middlewares/ST/STM32_USB_Device_Library/Class/CDC/Src/usbd_cdc.c.obj
                0x080083c0                USBD_CDC_GetDeviceQualifierDescriptor
 .text.USBD_CDC_RegisterInterface
                0x080083e0       0x34 cmake/stm32cubemx/CMakeFiles/USB_Device_Library.dir/__/__/Middlewares/ST/STM32_USB_Device_Library/Class/CDC/Src/usbd_cdc.c.obj
                0x080083e0                USBD_CDC_RegisterInterface
 .text.USBD_CDC_SetTxBuffer
                0x08008414       0x44 cmake/stm32cubemx/CMakeFiles/USB_Device_Library.dir/__/__/Middlewares/ST/STM32_USB_Device_Library/Class/CDC/Src/usbd_cdc.c.obj
                0x08008414                USBD_CDC_SetTxBuffer
 .text.USBD_CDC_SetRxBuffer
                0x08008458       0x3a cmake/stm32cubemx/CMakeFiles/USB_Device_Library.dir/__/__/Middlewares/ST/STM32_USB_Device_Library/Class/CDC/Src/usbd_cdc.c.obj
                0x08008458                USBD_CDC_SetRxBuffer
 *fill*         0x08008492        0x2 
 .text.USBD_CDC_ReceivePacket
                0x08008494       0x6c cmake/stm32cubemx/CMakeFiles/USB_Device_Library.dir/__/__/Middlewares/ST/STM32_USB_Device_Library/Class/CDC/Src/usbd_cdc.c.obj
                0x08008494                USBD_CDC_ReceivePacket
 .text.memset   0x08008500       0x10 C:/ST/STM32CubeIDE_1.19.0/STM32CubeIDE/plugins/com.st.stm32cube.ide.mcu.externaltools.gnu-tools-for-stm32.13.3.rel1.win32_1.0.100.202509120712/tools/bin/../lib/gcc/arm-none-eabi/13.3.1/../../../../arm-none-eabi/lib/thumb/v7e-m+fp/hard\libg_nano.a(libc_a-memset.o)
                0x08008500                memset
 .text.__libc_init_array
                0x08008510       0x48 C:/ST/STM32CubeIDE_1.19.0/STM32CubeIDE/plugins/com.st.stm32cube.ide.mcu.externaltools.gnu-tools-for-stm32.13.3.rel1.win32_1.0.100.202509120712/tools/bin/../lib/gcc/arm-none-eabi/13.3.1/../../../../arm-none-eabi/lib/thumb/v7e-m+fp/hard\libg_nano.a(libc_a-init.o)
                0x08008510                __libc_init_array
 .text.memcpy   0x08008558       0x1c C:/ST/STM32CubeIDE_1.19.0/STM32CubeIDE/plugins/com.st.stm32cube.ide.mcu.externaltools.gnu-tools-for-stm32.13.3.rel1.win32_1.0.100.202509120712/tools/bin/../lib/gcc/arm-none-eabi/13.3.1/../../../../arm-none-eabi/lib/thumb/v7e-m+fp/hard\libg_nano.a(libc_a-memcpy-stub.o)
                0x08008558                memcpy
 *(.glue_7)
 .glue_7        0x08008574        0x0 linker stubs
 *(.glue_7t)
 .glue_7t       0x08008574        0x0 linker stubs
 *(.eh_frame)
 .eh_frame      0x08008574        0x0 C:/ST/STM32CubeIDE_1.19.0/STM32CubeIDE/plugins/com.st.stm32cube.ide.mcu.externaltools.gnu-tools-for-stm32.13.3.rel1.win32_1.0.100.202509120712/tools/bin/../lib/gcc/arm-none-eabi/13.3.1/thumb/v7e-m+fp/hard/crtbegin.o
 *(.init)
 .init          0x08008574        0x4 C:/ST/STM32CubeIDE_1.19.0/STM32CubeIDE/plugins/com.st.stm32cube.ide.mcu.externaltools.gnu-tools-for-stm32.13.3.rel1.win32_1.0.100.202509120712/tools/bin/../lib/gcc/arm-none-eabi/13.3.1/thumb/v7e-m+fp/hard/crti.o
                0x08008574                _init
 .init          0x08008578        0x8 C:/ST/STM32CubeIDE_1.19.0/STM32CubeIDE/plugins/com.st.stm32cube.ide.mcu.externaltools.gnu-tools-for-stm32.13.3.rel1.win32_1.0.100.202509120712/tools/bin/../lib/gcc/arm-none-eabi/13.3.1/thumb/v7e-m+fp/hard/crtn.o
 *(.fini)
 .fini          0x08008580        0x4 C:/ST/STM32CubeIDE_1.19.0/STM32CubeIDE/plugins/com.st.stm32cube.ide.mcu.externaltools.gnu-tools-for-stm32.13.3.rel1.win32_1.0.100.202509120712/tools/bin/../lib/gcc/arm-none-eabi/13.3.1/thumb/v7e-m+fp/hard/crti.o
                0x08008580                _fini
 .fini          0x08008584        0x8 C:/ST/STM32CubeIDE_1.19.0/STM32CubeIDE/plugins/com.st.stm32cube.ide.mcu.externaltools.gnu-tools-for-stm32.13.3.rel1.win32_1.0.100.202509120712/tools/bin/../lib/gcc/arm-none-eabi/13.3.1/thumb/v7e-m+fp/hard/crtn.o
                0x0800858c                        . = ALIGN (0x4)
                0x0800858c                        _etext = .

.vfp11_veneer   0x0800858c        0x0
 .vfp11_veneer  0x0800858c        0x0 linker stubs

.v4_bx          0x0800858c        0x0
 .v4_bx         0x0800858c        0x0 linker stubs

.iplt           0x0800858c        0x0
 .iplt          0x0800858c        0x0 C:/ST/STM32CubeIDE_1.19.0/STM32CubeIDE/plugins/com.st.stm32cube.ide.mcu.externaltools.gnu-tools-for-stm32.13.3.rel1.win32_1.0.100.202509120712/tools/bin/../lib/gcc/arm-none-eabi/13.3.1/thumb/v7e-m+fp/hard/crtbegin.o

.rodata         0x0800858c       0x58
                0x0800858c                        . = ALIGN (0x4)
 *(.rodata)
 .rodata        0x0800858c       0x46 CMakeFiles/3D_Printer.dir/USB_DEVICE/App/usbd_desc.c.obj
 *(.rodata*)
 *fill*         0x080085d2        0x2 
 .rodata.AHBPrescTable
                0x080085d4       0x10 cmake/stm32cubemx/CMakeFiles/STM32_Drivers.dir/__/__/Core/Src/system_stm32f4xx.c.obj
                0x080085d4                AHBPrescTable
                0x080085e4                        . = ALIGN (0x4)

.ARM.extab      0x080085e4        0x0
                0x080085e4                        . = ALIGN (0x4)
 *(.ARM.extab* .gnu.linkonce.armextab.*)
                0x080085e4                        . = ALIGN (0x4)

.ARM            0x080085e4        0x8
                0x080085e4                        . = ALIGN (0x4)
                0x080085e4                        __exidx_start = .
 *(.ARM.exidx*)
 .ARM.exidx     0x080085e4        0x8 C:/ST/STM32CubeIDE_1.19.0/STM32CubeIDE/plugins/com.st.stm32cube.ide.mcu.externaltools.gnu-tools-for-stm32.13.3.rel1.win32_1.0.100.202509120712/tools/bin/../lib/gcc/arm-none-eabi/13.3.1/thumb/v7e-m+fp/hard\libgcc.a(_udivmoddi4.o)
                0x080085ec                        __exidx_end = .
                0x080085ec                        . = ALIGN (0x4)

.preinit_array  0x080085ec        0x0
                0x080085ec                        . = ALIGN (0x4)
                0x080085ec                        PROVIDE (__preinit_array_start = .)
 *(.preinit_array*)
                0x080085ec                        PROVIDE (__preinit_array_end = .)
                0x080085ec                        . = ALIGN (0x4)

.init_array     0x080085ec        0x4
                0x080085ec                        . = ALIGN (0x4)
                0x080085ec                        PROVIDE (__init_array_start = .)
 *(SORT_BY_NAME(.init_array.*))
 *(.init_array*)
 .init_array    0x080085ec        0x4 C:/ST/STM32CubeIDE_1.19.0/STM32CubeIDE/plugins/com.st.stm32cube.ide.mcu.externaltools.gnu-tools-for-stm32.13.3.rel1.win32_1.0.100.202509120712/tools/bin/../lib/gcc/arm-none-eabi/13.3.1/thumb/v7e-m+fp/hard/crtbegin.o
                0x080085f0                        PROVIDE (__init_array_end = .)
                0x080085f0                        . = ALIGN (0x4)

.fini_array     0x080085f0        0x4
                0x080085f0                        . = ALIGN (0x4)
                [!provide]                        PROVIDE (__fini_array_start = .)
 *(SORT_BY_NAME(.fini_array.*))
 *(.fini_array*)
 .fini_array    0x080085f0        0x4 C:/ST/STM32CubeIDE_1.19.0/STM32CubeIDE/plugins/com.st.stm32cube.ide.mcu.externaltools.gnu-tools-for-stm32.13.3.rel1.win32_1.0.100.202509120712/tools/bin/../lib/gcc/arm-none-eabi/13.3.1/thumb/v7e-m+fp/hard/crtbegin.o
                [!provide]                        PROVIDE (__fini_array_end = .)
                0x080085f4                        . = ALIGN (0x4)
                0x080085f4                        _sidata = LOADADDR (.data)

.rel.dyn        0x080085f4        0x0
 .rel.iplt      0x080085f4        0x0 C:/ST/STM32CubeIDE_1.19.0/STM32CubeIDE/plugins/com.st.stm32cube.ide.mcu.externaltools.gnu-tools-for-stm32.13.3.rel1.win32_1.0.100.202509120712/tools/bin/../lib/gcc/arm-none-eabi/13.3.1/thumb/v7e-m+fp/hard/crtbegin.o

.data           0x20000000      0x130 load address 0x080085f4
                0x20000000                        . = ALIGN (0x4)
                0x20000000                        _sdata = .
 *(.data)
 *(.data*)
 .data.FS_Desc  0x20000000       0x1c CMakeFiles/3D_Printer.dir/USB_DEVICE/App/usbd_desc.c.obj
                0x20000000                FS_Desc
 .data.USBD_FS_DeviceDesc
                0x2000001c       0x12 CMakeFiles/3D_Printer.dir/USB_DEVICE/App/usbd_desc.c.obj
                0x2000001c                USBD_FS_DeviceDesc
 *fill*         0x2000002e        0x2 
 .data.USBD_LangIDDesc
                0x20000030        0x4 CMakeFiles/3D_Printer.dir/USB_DEVICE/App/usbd_desc.c.obj
                0x20000030                USBD_LangIDDesc
 .data.USBD_StringSerial
                0x20000034       0x1a CMakeFiles/3D_Printer.dir/USB_DEVICE/App/usbd_desc.c.obj
                0x20000034                USBD_StringSerial
 *fill*         0x2000004e        0x2 
 .data.USBD_Interface_fops_FS
                0x20000050       0x14 CMakeFiles/3D_Printer.dir/USB_DEVICE/App/usbd_cdc_if.c.obj
                0x20000050                USBD_Interface_fops_FS
 .data.axis_map
                0x20000064       0x30 CMakeFiles/3D_Printer.dir/Core/Src/axis.c.obj
                0x20000064                axis_map
 .data.channel_axis_map
                0x20000094        0x4 CMakeFiles/3D_Printer.dir/Core/Src/axis.c.obj
                0x20000094                channel_axis_map
 .data.SystemCoreClock
                0x20000098        0x4 cmake/stm32cubemx/CMakeFiles/STM32_Drivers.dir/__/__/Core/Src/system_stm32f4xx.c.obj
                0x20000098                SystemCoreClock
 .data.uwTickPrio
                0x2000009c        0x4 cmake/stm32cubemx/CMakeFiles/STM32_Drivers.dir/__/__/Drivers/STM32F4xx_HAL_Driver/Src/stm32f4xx_hal.c.obj
                0x2000009c                uwTickPrio
 .data.uwTickFreq
                0x200000a0        0x1 cmake/stm32cubemx/CMakeFiles/STM32_Drivers.dir/__/__/Drivers/STM32F4xx_HAL_Driver/Src/stm32f4xx_hal.c.obj
                0x200000a0                uwTickFreq
 *fill*         0x200000a1        0x3 
 .data.USBD_CDC_DeviceQualifierDesc
                0x200000a4        0xa cmake/stm32cubemx/CMakeFiles/USB_Device_Library.dir/__/__/Middlewares/ST/STM32_USB_Device_Library/Class/CDC/Src/usbd_cdc.c.obj
 *fill*         0x200000ae        0x2 
 .data.USBD_CDC
                0x200000b0       0x38 cmake/stm32cubemx/CMakeFiles/USB_Device_Library.dir/__/__/Middlewares/ST/STM32_USB_Device_Library/Class/CDC/Src/usbd_cdc.c.obj
                0x200000b0                USBD_CDC
 .data.USBD_CDC_CfgDesc
                0x200000e8       0x43 cmake/stm32cubemx/CMakeFiles/USB_Device_Library.dir/__/__/Middlewares/ST/STM32_USB_Device_Library/Class/CDC/Src/usbd_cdc.c.obj
 .data.CDCInEpAdd
                0x2000012b        0x1 cmake/stm32cubemx/CMakeFiles/USB_Device_Library.dir/__/__/Middlewares/ST/STM32_USB_Device_Library/Class/CDC/Src/usbd_cdc.c.obj
 .data.CDCOutEpAdd
                0x2000012c        0x1 cmake/stm32cubemx/CMakeFiles/USB_Device_Library.dir/__/__/Middlewares/ST/STM32_USB_Device_Library/Class/CDC/Src/usbd_cdc.c.obj
 .data.CDCCmdEpAdd
                0x2000012d        0x1 cmake/stm32cubemx/CMakeFiles/USB_Device_Library.dir/__/__/Middlewares/ST/STM32_USB_Device_Library/Class/CDC/Src/usbd_cdc.c.obj
 *(.RamFunc)
 *(.RamFunc*)
                0x20000130                        . = ALIGN (0x4)
 *fill*         0x2000012e        0x2 

.igot.plt       0x20000130        0x0 load address 0x08008724
 .igot.plt      0x20000130        0x0 C:/ST/STM32CubeIDE_1.19.0/STM32CubeIDE/plugins/com.st.stm32cube.ide.mcu.externaltools.gnu-tools-for-stm32.13.3.rel1.win32_1.0.100.202509120712/tools/bin/../lib/gcc/arm-none-eabi/13.3.1/thumb/v7e-m+fp/hard/crtbegin.o

.tdata          0x20000130        0x0 load address 0x08008724
 *(.tdata .tdata.* .gnu.linkonce.td.*)
                0x20000130                        . = ALIGN (0x4)
                0x20000130                        _edata = .
                [!provide]                        PROVIDE (__data_end = .)
                [!provide]                        PROVIDE (__tdata_end = .)
                [!provide]                        PROVIDE (__tdata_start = ADDR (.tdata))
                [!provide]                        PROVIDE (__tdata_size = (__tdata_end - __tdata_start))
                [!provide]                        PROVIDE (__data_start = ADDR (.data))
                [!provide]                        PROVIDE (__data_size = (__data_end - __data_start))
                [!provide]                        PROVIDE (__tdata_source = LOADADDR (.tdata))
                [!provide]                        PROVIDE (__tdata_source_end = (LOADADDR (.tdata) + SIZEOF (.tdata)))
                [!provide]                        PROVIDE (__tdata_source_size = (__tdata_source_end - __tdata_source))
                [!provide]                        PROVIDE (__data_source = LOADADDR (.data))
                [!provide]                        PROVIDE (__data_source_end = __tdata_source_end)
                [!provide]                        PROVIDE (__data_source_size = (__data_source_end - __data_source))

.tbss           0x20000130        0x0 load address 0x08008724
                0x20000130                        _sbss = .
                0x20000130                        __bss_start__ = _sbss
 *(.tbss .tbss.*)
                0x20000130                        . = ALIGN (0x4)
                [!provide]                        PROVIDE (__tbss_end = .)
                [!provide]                        PROVIDE (__tbss_start = ADDR (.tbss))
                [!provide]                        PROVIDE (__tbss_size = (__tbss_end - __tbss_start))
                [!provide]                        PROVIDE (__tbss_offset = (ADDR (.tbss) - ADDR (.tdata)))
                [!provide]                        PROVIDE (__tls_base = __tdata_start)
                [!provide]                        PROVIDE (__tls_end = __tbss_end)
                [!provide]                        PROVIDE (__tls_size = (__tls_end - __tls_base))
                [!provide]                        PROVIDE (__tls_align = MAX (ALIGNOF (.tdata), ALIGNOF (.tbss)))
                [!provide]                        PROVIDE (__tls_size_align = (((__tls_size + __tls_align) - 0x1) & ~ ((__tls_align - 0x1))))
                [!provide]                        PROVIDE (__arm32_tls_tcb_offset = MAX (0x8, __tls_align))
                [!provide]                        PROVIDE (__arm64_tls_tcb_offset = MAX (0x10, __tls_align))

.bss            0x20000130     0x5594 load address 0x08008724
 *(.bss)
 .bss           0x20000130       0x1c C:/ST/STM32CubeIDE_1.19.0/STM32CubeIDE/plugins/com.st.stm32cube.ide.mcu.externaltools.gnu-tools-for-stm32.13.3.rel1.win32_1.0.100.202509120712/tools/bin/../lib/gcc/arm-none-eabi/13.3.1/thumb/v7e-m+fp/hard/crtbegin.o
 *(.bss*)
 .bss.hpcd_USB_OTG_FS
                0x2000014c      0x4e4 CMakeFiles/3D_Printer.dir/USB_DEVICE/Target/usbd_conf.c.obj
                0x2000014c                hpcd_USB_OTG_FS
 .bss.mem.0     0x20000630      0x220 CMakeFiles/3D_Printer.dir/USB_DEVICE/Target/usbd_conf.c.obj
 .bss.hUsbDeviceFS
                0x20000850      0x2dc CMakeFiles/3D_Printer.dir/USB_DEVICE/App/usb_device.c.obj
                0x20000850                hUsbDeviceFS
 .bss.USBD_StrDesc
                0x20000b2c      0x200 CMakeFiles/3D_Printer.dir/USB_DEVICE/App/usbd_desc.c.obj
                0x20000b2c                USBD_StrDesc
 .bss.UserRxBufferFS
                0x20000d2c      0x400 CMakeFiles/3D_Printer.dir/USB_DEVICE/App/usbd_cdc_if.c.obj
                0x20000d2c                UserRxBufferFS
 .bss.UserTxBufferFS
                0x2000112c      0x400 CMakeFiles/3D_Printer.dir/USB_DEVICE/App/usbd_cdc_if.c.obj
                0x2000112c                UserTxBufferFS
 .bss.htim3     0x2000152c       0x48 CMakeFiles/3D_Printer.dir/Core/Src/main.c.obj
                0x2000152c                htim3
 .bss.htim4     0x20001574       0x48 CMakeFiles/3D_Printer.dir/Core/Src/main.c.obj
                0x20001574                htim4
 .bss.last_press_time_endstop_x
                0x200015bc        0x4 CMakeFiles/3D_Printer.dir/Core/Src/main.c.obj
                0x200015bc                last_press_time_endstop_x
 .bss.last_press_time_endstop_y
                0x200015c0        0x4 CMakeFiles/3D_Printer.dir/Core/Src/main.c.obj
                0x200015c0                last_press_time_endstop_y
 .bss.last_press_time_endstop_z
                0x200015c4        0x4 CMakeFiles/3D_Printer.dir/Core/Src/main.c.obj
                0x200015c4                last_press_time_endstop_z
 .bss.currentState
                0x200015c8        0x1 CMakeFiles/3D_Printer.dir/Core/Src/main.c.obj
                0x200015c8                currentState
 *fill*         0x200015c9        0x3 
 .bss.x_buffer_mem
                0x200015cc     0x1000 CMakeFiles/3D_Printer.dir/Core/Src/axis.c.obj
 .bss.y_buffer_mem
                0x200025cc     0x1000 CMakeFiles/3D_Printer.dir/Core/Src/axis.c.obj
 .bss.z_buffer_mem
                0x200035cc     0x1000 CMakeFiles/3D_Printer.dir/Core/Src/axis.c.obj
 .bss.e_buffer_mem
                0x200045cc     0x1000 CMakeFiles/3D_Printer.dir/Core/Src/axis.c.obj
 .bss.x_buffer  0x200055cc       0x10 CMakeFiles/3D_Printer.dir/Core/Src/axis.c.obj
 .bss.y_buffer  0x200055dc       0x10 CMakeFiles/3D_Printer.dir/Core/Src/axis.c.obj
 .bss.z_buffer  0x200055ec       0x10 CMakeFiles/3D_Printer.dir/Core/Src/axis.c.obj
 .bss.e_buffer  0x200055fc       0x10 CMakeFiles/3D_Printer.dir/Core/Src/axis.c.obj
 .bss.motor_X   0x2000560c       0x28 CMakeFiles/3D_Printer.dir/Core/Src/axis.c.obj
                0x2000560c                motor_X
 .bss.motor_Y   0x20005634       0x28 CMakeFiles/3D_Printer.dir/Core/Src/axis.c.obj
                0x20005634                motor_Y
 .bss.motor_Z   0x2000565c       0x28 CMakeFiles/3D_Printer.dir/Core/Src/axis.c.obj
                0x2000565c                motor_Z
 .bss.motor_extruder
                0x20005684       0x28 CMakeFiles/3D_Printer.dir/Core/Src/axis.c.obj
                0x20005684                motor_extruder
 .bss.x_cbuf    0x200056ac        0x4 CMakeFiles/3D_Printer.dir/Core/Src/axis.c.obj
                0x200056ac                x_cbuf
 .bss.y_cbuf    0x200056b0        0x4 CMakeFiles/3D_Printer.dir/Core/Src/axis.c.obj
                0x200056b0                y_cbuf
 .bss.z_cbuf    0x200056b4        0x4 CMakeFiles/3D_Printer.dir/Core/Src/axis.c.obj
                0x200056b4                z_cbuf
 .bss.e_cbuf    0x200056b8        0x4 CMakeFiles/3D_Printer.dir/Core/Src/axis.c.obj
                0x200056b8                e_cbuf
 .bss.uwTick    0x200056bc        0x4 cmake/stm32cubemx/CMakeFiles/STM32_Drivers.dir/__/__/Drivers/STM32F4xx_HAL_Driver/Src/stm32f4xx_hal.c.obj
                0x200056bc                uwTick
 .bss.cfgidx.0  0x200056c0        0x1 cmake/stm32cubemx/CMakeFiles/USB_Device_Library.dir/__/__/Middlewares/ST/STM32_USB_Device_Library/Core/Src/usbd_ctlreq.c.obj
 *(COMMON)
                0x200056c4                        . = ALIGN (0x4)
 *fill*         0x200056c1        0x3 
                0x200056c4                        _ebss = .
                0x200056c4                        __bss_end__ = _ebss
                [!provide]                        PROVIDE (__bss_end = .)
                [!provide]                        PROVIDE (__non_tls_bss_start = ADDR (.bss))
                [!provide]                        PROVIDE (__bss_start = __tbss_start)
                [!provide]                        PROVIDE (__bss_size = (__bss_end - __bss_start))

._user_heap_stack
                0x200056c4      0x604 load address 0x08008724
                0x200056c8                        . = ALIGN (0x8)
 *fill*         0x200056c4        0x4 
                [!provide]                        PROVIDE (end = .)
                0x200056c8                        PROVIDE (_end = .)
                0x200058c8                        . = (. + _Min_Heap_Size)
 *fill*         0x200056c8      0x200 
                0x20005cc8                        . = (. + _Min_Stack_Size)
 *fill*         0x200058c8      0x400 
                0x20005cc8                        . = ALIGN (0x8)

/DISCARD/
 libc.a:*(*)
 libm.a:*(*)
 libgcc.a:*(*)
OUTPUT(3D_Printer.elf elf32-littlearm)
LOAD linker stubs

.ARM.attributes
                0x00000000       0x30
 .ARM.attributes
                0x00000000       0x22 C:/ST/STM32CubeIDE_1.19.0/STM32CubeIDE/plugins/com.st.stm32cube.ide.mcu.externaltools.gnu-tools-for-stm32.13.3.rel1.win32_1.0.100.202509120712/tools/bin/../lib/gcc/arm-none-eabi/13.3.1/thumb/v7e-m+fp/hard/crti.o
 .ARM.attributes
                0x00000022       0x34 C:/ST/STM32CubeIDE_1.19.0/STM32CubeIDE/plugins/com.st.stm32cube.ide.mcu.externaltools.gnu-tools-for-stm32.13.3.rel1.win32_1.0.100.202509120712/tools/bin/../lib/gcc/arm-none-eabi/13.3.1/thumb/v7e-m+fp/hard/crtbegin.o
 .ARM.attributes
                0x00000056       0x34 CMakeFiles/3D_Printer.dir/USB_DEVICE/Target/usbd_conf.c.obj
 .ARM.attributes
                0x0000008a       0x34 CMakeFiles/3D_Printer.dir/USB_DEVICE/App/usb_device.c.obj
 .ARM.attributes
                0x000000be       0x34 CMakeFiles/3D_Printer.dir/USB_DEVICE/App/usbd_desc.c.obj
 .ARM.attributes
                0x000000f2       0x34 CMakeFiles/3D_Printer.dir/USB_DEVICE/App/usbd_cdc_if.c.obj
 .ARM.attributes
                0x00000126       0x34 CMakeFiles/3D_Printer.dir/Core/Src/main.c.obj
 .ARM.attributes
                0x0000015a       0x34 CMakeFiles/3D_Printer.dir/Core/Src/stm32f4xx_it.c.obj
 .ARM.attributes
                0x0000018e       0x34 CMakeFiles/3D_Printer.dir/Core/Src/stm32f4xx_hal_msp.c.obj
 .ARM.attributes
                0x000001c2       0x21 CMakeFiles/3D_Printer.dir/startup_stm32f401xc.s.obj
 .ARM.attributes
                0x000001e3       0x34 CMakeFiles/3D_Printer.dir/Core/Src/circular_buffer.c.obj
 .ARM.attributes
                0x00000217       0x34 CMakeFiles/3D_Printer.dir/Core/Src/stepper_motor.c.obj
 .ARM.attributes
                0x0000024b       0x34 CMakeFiles/3D_Printer.dir/Core/Src/emergency_stop.c.obj
 .ARM.attributes
                0x0000027f       0x34 CMakeFiles/3D_Printer.dir/Core/Src/system_check.c.obj
 .ARM.attributes
                0x000002b3       0x34 CMakeFiles/3D_Printer.dir/Core/Src/axis.c.obj
 .ARM.attributes
                0x000002e7       0x34 CMakeFiles/3D_Printer.dir/Core/Src/t_velocity.c.obj
 .ARM.attributes
                0x0000031b       0x34 cmake/stm32cubemx/CMakeFiles/STM32_Drivers.dir/__/__/Core/Src/system_stm32f4xx.c.obj
 .ARM.attributes
                0x0000034f       0x34 cmake/stm32cubemx/CMakeFiles/STM32_Drivers.dir/__/__/Drivers/STM32F4xx_HAL_Driver/Src/stm32f4xx_hal_pcd.c.obj
 .ARM.attributes
                0x00000383       0x34 cmake/stm32cubemx/CMakeFiles/STM32_Drivers.dir/__/__/Drivers/STM32F4xx_HAL_Driver/Src/stm32f4xx_hal_pcd_ex.c.obj
 .ARM.attributes
                0x000003b7       0x34 cmake/stm32cubemx/CMakeFiles/STM32_Drivers.dir/__/__/Drivers/STM32F4xx_HAL_Driver/Src/stm32f4xx_ll_usb.c.obj
 .ARM.attributes
                0x000003eb       0x34 cmake/stm32cubemx/CMakeFiles/STM32_Drivers.dir/__/__/Drivers/STM32F4xx_HAL_Driver/Src/stm32f4xx_hal_rcc.c.obj
 .ARM.attributes
                0x0000041f       0x34 cmake/stm32cubemx/CMakeFiles/STM32_Drivers.dir/__/__/Drivers/STM32F4xx_HAL_Driver/Src/stm32f4xx_hal_gpio.c.obj
 .ARM.attributes
                0x00000453       0x34 cmake/stm32cubemx/CMakeFiles/STM32_Drivers.dir/__/__/Drivers/STM32F4xx_HAL_Driver/Src/stm32f4xx_hal_cortex.c.obj
 .ARM.attributes
                0x00000487       0x34 cmake/stm32cubemx/CMakeFiles/STM32_Drivers.dir/__/__/Drivers/STM32F4xx_HAL_Driver/Src/stm32f4xx_hal.c.obj
 .ARM.attributes
                0x000004bb       0x34 cmake/stm32cubemx/CMakeFiles/STM32_Drivers.dir/__/__/Drivers/STM32F4xx_HAL_Driver/Src/stm32f4xx_hal_tim.c.obj
 .ARM.attributes
                0x000004ef       0x34 cmake/stm32cubemx/CMakeFiles/STM32_Drivers.dir/__/__/Drivers/STM32F4xx_HAL_Driver/Src/stm32f4xx_hal_tim_ex.c.obj
 .ARM.attributes
                0x00000523       0x34 cmake/stm32cubemx/CMakeFiles/USB_Device_Library.dir/__/__/Middlewares/ST/STM32_USB_Device_Library/Core/Src/usbd_core.c.obj
 .ARM.attributes
                0x00000557       0x34 cmake/stm32cubemx/CMakeFiles/USB_Device_Library.dir/__/__/Middlewares/ST/STM32_USB_Device_Library/Core/Src/usbd_ctlreq.c.obj
 .ARM.attributes
                0x0000058b       0x34 cmake/stm32cubemx/CMakeFiles/USB_Device_Library.dir/__/__/Middlewares/ST/STM32_USB_Device_Library/Core/Src/usbd_ioreq.c.obj
 .ARM.attributes
                0x000005bf       0x34 cmake/stm32cubemx/CMakeFiles/USB_Device_Library.dir/__/__/Middlewares/ST/STM32_USB_Device_Library/Class/CDC/Src/usbd_cdc.c.obj
 .ARM.attributes
                0x000005f3       0x22 C:/ST/STM32CubeIDE_1.19.0/STM32CubeIDE/plugins/com.st.stm32cube.ide.mcu.externaltools.gnu-tools-for-stm32.13.3.rel1.win32_1.0.100.202509120712/tools/bin/../lib/gcc/arm-none-eabi/13.3.1/thumb/v7e-m+fp/hard\libgcc.a(_aeabi_uldivmod.o)
 .ARM.attributes
                0x00000615       0x34 C:/ST/STM32CubeIDE_1.19.0/STM32CubeIDE/plugins/com.st.stm32cube.ide.mcu.externaltools.gnu-tools-for-stm32.13.3.rel1.win32_1.0.100.202509120712/tools/bin/../lib/gcc/arm-none-eabi/13.3.1/thumb/v7e-m+fp/hard\libgcc.a(_udivmoddi4.o)
 .ARM.attributes
                0x00000649       0x22 C:/ST/STM32CubeIDE_1.19.0/STM32CubeIDE/plugins/com.st.stm32cube.ide.mcu.externaltools.gnu-tools-for-stm32.13.3.rel1.win32_1.0.100.202509120712/tools/bin/../lib/gcc/arm-none-eabi/13.3.1/thumb/v7e-m+fp/hard\libgcc.a(_dvmd_tls.o)
 .ARM.attributes
                0x0000066b       0x34 C:/ST/STM32CubeIDE_1.19.0/STM32CubeIDE/plugins/com.st.stm32cube.ide.mcu.externaltools.gnu-tools-for-stm32.13.3.rel1.win32_1.0.100.202509120712/tools/bin/../lib/gcc/arm-none-eabi/13.3.1/../../../../arm-none-eabi/lib/thumb/v7e-m+fp/hard\libg_nano.a(libc_a-memset.o)
 .ARM.attributes
                0x0000069f       0x34 C:/ST/STM32CubeIDE_1.19.0/STM32CubeIDE/plugins/com.st.stm32cube.ide.mcu.externaltools.gnu-tools-for-stm32.13.3.rel1.win32_1.0.100.202509120712/tools/bin/../lib/gcc/arm-none-eabi/13.3.1/../../../../arm-none-eabi/lib/thumb/v7e-m+fp/hard\libg_nano.a(libc_a-init.o)
 .ARM.attributes
                0x000006d3       0x34 C:/ST/STM32CubeIDE_1.19.0/STM32CubeIDE/plugins/com.st.stm32cube.ide.mcu.externaltools.gnu-tools-for-stm32.13.3.rel1.win32_1.0.100.202509120712/tools/bin/../lib/gcc/arm-none-eabi/13.3.1/../../../../arm-none-eabi/lib/thumb/v7e-m+fp/hard\libg_nano.a(libc_a-memcpy-stub.o)
 .ARM.attributes
                0x00000707       0x22 C:/ST/STM32CubeIDE_1.19.0/STM32CubeIDE/plugins/com.st.stm32cube.ide.mcu.externaltools.gnu-tools-for-stm32.13.3.rel1.win32_1.0.100.202509120712/tools/bin/../lib/gcc/arm-none-eabi/13.3.1/thumb/v7e-m+fp/hard/crtn.o

.comment        0x00000000       0x43
 .comment       0x00000000       0x43 CMakeFiles/3D_Printer.dir/USB_DEVICE/Target/usbd_conf.c.obj
                                 0x44 (size before relaxing)
 .comment       0x00000043        0x0 CMakeFiles/3D_Printer.dir/USB_DEVICE/App/usb_device.c.obj
                                 0x44 (size before relaxing)
 .comment       0x00000043        0x0 CMakeFiles/3D_Printer.dir/USB_DEVICE/App/usbd_desc.c.obj
                                 0x44 (size before relaxing)
 .comment       0x00000043        0x0 CMakeFiles/3D_Printer.dir/USB_DEVICE/App/usbd_cdc_if.c.obj
                                 0x44 (size before relaxing)
 .comment       0x00000043        0x0 CMakeFiles/3D_Printer.dir/Core/Src/main.c.obj
                                 0x44 (size before relaxing)
 .comment       0x00000043        0x0 CMakeFiles/3D_Printer.dir/Core/Src/stm32f4xx_it.c.obj
                                 0x44 (size before relaxing)
 .comment       0x00000043        0x0 CMakeFiles/3D_Printer.dir/Core/Src/stm32f4xx_hal_msp.c.obj
                                 0x44 (size before relaxing)
 .comment       0x00000043        0x0 CMakeFiles/3D_Printer.dir/Core/Src/circular_buffer.c.obj
                                 0x44 (size before relaxing)
 .comment       0x00000043        0x0 CMakeFiles/3D_Printer.dir/Core/Src/stepper_motor.c.obj
                                 0x44 (size before relaxing)
 .comment       0x00000043        0x0 CMakeFiles/3D_Printer.dir/Core/Src/emergency_stop.c.obj
                                 0x44 (size before relaxing)
 .comment       0x00000043        0x0 CMakeFiles/3D_Printer.dir/Core/Src/system_check.c.obj
                                 0x44 (size before relaxing)
 .comment       0x00000043        0x0 CMakeFiles/3D_Printer.dir/Core/Src/axis.c.obj
                                 0x44 (size before relaxing)
 .comment       0x00000043        0x0 CMakeFiles/3D_Printer.dir/Core/Src/t_velocity.c.obj
                                 0x44 (size before relaxing)
 .comment       0x00000043        0x0 cmake/stm32cubemx/CMakeFiles/STM32_Drivers.dir/__/__/Core/Src/system_stm32f4xx.c.obj
                                 0x44 (size before relaxing)
 .comment       0x00000043        0x0 cmake/stm32cubemx/CMakeFiles/STM32_Drivers.dir/__/__/Drivers/STM32F4xx_HAL_Driver/Src/stm32f4xx_hal_pcd.c.obj
                                 0x44 (size before relaxing)
 .comment       0x00000043        0x0 cmake/stm32cubemx/CMakeFiles/STM32_Drivers.dir/__/__/Drivers/STM32F4xx_HAL_Driver/Src/stm32f4xx_hal_pcd_ex.c.obj
                                 0x44 (size before relaxing)
 .comment       0x00000043        0x0 cmake/stm32cubemx/CMakeFiles/STM32_Drivers.dir/__/__/Drivers/STM32F4xx_HAL_Driver/Src/stm32f4xx_ll_usb.c.obj
                                 0x44 (size before relaxing)
 .comment       0x00000043        0x0 cmake/stm32cubemx/CMakeFiles/STM32_Drivers.dir/__/__/Drivers/STM32F4xx_HAL_Driver/Src/stm32f4xx_hal_rcc.c.obj
                                 0x44 (size before relaxing)
 .comment       0x00000043        0x0 cmake/stm32cubemx/CMakeFiles/STM32_Drivers.dir/__/__/Drivers/STM32F4xx_HAL_Driver/Src/stm32f4xx_hal_gpio.c.obj
                                 0x44 (size before relaxing)
 .comment       0x00000043        0x0 cmake/stm32cubemx/CMakeFiles/STM32_Drivers.dir/__/__/Drivers/STM32F4xx_HAL_Driver/Src/stm32f4xx_hal_cortex.c.obj
                                 0x44 (size before relaxing)
 .comment       0x00000043        0x0 cmake/stm32cubemx/CMakeFiles/STM32_Drivers.dir/__/__/Drivers/STM32F4xx_HAL_Driver/Src/stm32f4xx_hal.c.obj
                                 0x44 (size before relaxing)
 .comment       0x00000043        0x0 cmake/stm32cubemx/CMakeFiles/STM32_Drivers.dir/__/__/Drivers/STM32F4xx_HAL_Driver/Src/stm32f4xx_hal_tim.c.obj
                                 0x44 (size before relaxing)
 .comment       0x00000043        0x0 cmake/stm32cubemx/CMakeFiles/STM32_Drivers.dir/__/__/Drivers/STM32F4xx_HAL_Driver/Src/stm32f4xx_hal_tim_ex.c.obj
                                 0x44 (size before relaxing)
 .comment       0x00000043        0x0 cmake/stm32cubemx/CMakeFiles/USB_Device_Library.dir/__/__/Middlewares/ST/STM32_USB_Device_Library/Core/Src/usbd_core.c.obj
                                 0x44 (size before relaxing)
 .comment       0x00000043        0x0 cmake/stm32cubemx/CMakeFiles/USB_Device_Library.dir/__/__/Middlewares/ST/STM32_USB_Device_Library/Core/Src/usbd_ctlreq.c.obj
                                 0x44 (size before relaxing)
 .comment       0x00000043        0x0 cmake/stm32cubemx/CMakeFiles/USB_Device_Library.dir/__/__/Middlewares/ST/STM32_USB_Device_Library/Core/Src/usbd_ioreq.c.obj
                                 0x44 (size before relaxing)
 .comment       0x00000043        0x0 cmake/stm32cubemx/CMakeFiles/USB_Device_Library.dir/__/__/Middlewares/ST/STM32_USB_Device_Library/Class/CDC/Src/usbd_cdc.c.obj
                                 0x44 (size before relaxing)
 .comment       0x00000043        0x0 C:/ST/STM32CubeIDE_1.19.0/STM32CubeIDE/plugins/com.st.stm32cube.ide.mcu.externaltools.gnu-tools-for-stm32.13.3.rel1.win32_1.0.100.202509120712/tools/bin/../lib/gcc/arm-none-eabi/13.3.1/../../../../arm-none-eabi/lib/thumb/v7e-m+fp/hard\libg_nano.a(libc_a-memset.o)
                                 0x44 (size before relaxing)
 .comment       0x00000043        0x0 C:/ST/STM32CubeIDE_1.19.0/STM32CubeIDE/plugins/com.st.stm32cube.ide.mcu.externaltools.gnu-tools-for-stm32.13.3.rel1.win32_1.0.100.202509120712/tools/bin/../lib/gcc/arm-none-eabi/13.3.1/../../../../arm-none-eabi/lib/thumb/v7e-m+fp/hard\libg_nano.a(libc_a-init.o)
                                 0x44 (size before relaxing)
 .comment       0x00000043        0x0 C:/ST/STM32CubeIDE_1.19.0/STM32CubeIDE/plugins/com.st.stm32cube.ide.mcu.externaltools.gnu-tools-for-stm32.13.3.rel1.win32_1.0.100.202509120712/tools/bin/../lib/gcc/arm-none-eabi/13.3.1/../../../../arm-none-eabi/lib/thumb/v7e-m+fp/hard\libg_nano.a(libc_a-memcpy-stub.o)
                                 0x44 (size before relaxing)

.debug_info     0x00000000    0x15769
 .debug_info    0x00000000     0x1c0d CMakeFiles/3D_Printer.dir/USB_DEVICE/Target/usbd_conf.c.obj
 .debug_info    0x00001c0d      0x70e CMakeFiles/3D_Printer.dir/USB_DEVICE/App/usb_device.c.obj
 .debug_info    0x0000231b      0x458 CMakeFiles/3D_Printer.dir/USB_DEVICE/App/usbd_desc.c.obj
 .debug_info    0x00002773     0x123b CMakeFiles/3D_Printer.dir/USB_DEVICE/App/usbd_cdc_if.c.obj
 .debug_info    0x000039ae     0x152a CMakeFiles/3D_Printer.dir/Core/Src/main.c.obj
 .debug_info    0x00004ed8      0xc10 CMakeFiles/3D_Printer.dir/Core/Src/stm32f4xx_it.c.obj
 .debug_info    0x00005ae8      0xc6c CMakeFiles/3D_Printer.dir/Core/Src/stm32f4xx_hal_msp.c.obj
 .debug_info    0x00006754       0x30 CMakeFiles/3D_Printer.dir/startup_stm32f401xc.s.obj
 .debug_info    0x00006784      0x3d1 CMakeFiles/3D_Printer.dir/Core/Src/circular_buffer.c.obj
 .debug_info    0x00006b55      0x970 CMakeFiles/3D_Printer.dir/Core/Src/stepper_motor.c.obj
 .debug_info    0x000074c5       0x4b CMakeFiles/3D_Printer.dir/Core/Src/emergency_stop.c.obj
 .debug_info    0x00007510       0x9f CMakeFiles/3D_Printer.dir/Core/Src/system_check.c.obj
 .debug_info    0x000075af      0xb14 CMakeFiles/3D_Printer.dir/Core/Src/axis.c.obj
 .debug_info    0x000080c3      0x13f CMakeFiles/3D_Printer.dir/Core/Src/t_velocity.c.obj
 .debug_info    0x00008202      0x53e cmake/stm32cubemx/CMakeFiles/STM32_Drivers.dir/__/__/Core/Src/system_stm32f4xx.c.obj
 .debug_info    0x00008740     0x1577 cmake/stm32cubemx/CMakeFiles/STM32_Drivers.dir/__/__/Drivers/STM32F4xx_HAL_Driver/Src/stm32f4xx_hal_pcd.c.obj
 .debug_info    0x00009cb7      0x6ea cmake/stm32cubemx/CMakeFiles/STM32_Drivers.dir/__/__/Drivers/STM32F4xx_HAL_Driver/Src/stm32f4xx_hal_pcd_ex.c.obj
 .debug_info    0x0000a3a1     0x1993 cmake/stm32cubemx/CMakeFiles/STM32_Drivers.dir/__/__/Drivers/STM32F4xx_HAL_Driver/Src/stm32f4xx_ll_usb.c.obj
 .debug_info    0x0000bd34      0x905 cmake/stm32cubemx/CMakeFiles/STM32_Drivers.dir/__/__/Drivers/STM32F4xx_HAL_Driver/Src/stm32f4xx_hal_rcc.c.obj
 .debug_info    0x0000c639      0x6f9 cmake/stm32cubemx/CMakeFiles/STM32_Drivers.dir/__/__/Drivers/STM32F4xx_HAL_Driver/Src/stm32f4xx_hal_gpio.c.obj
 .debug_info    0x0000cd32      0xcf6 cmake/stm32cubemx/CMakeFiles/STM32_Drivers.dir/__/__/Drivers/STM32F4xx_HAL_Driver/Src/stm32f4xx_hal_cortex.c.obj
 .debug_info    0x0000da28      0x8bb cmake/stm32cubemx/CMakeFiles/STM32_Drivers.dir/__/__/Drivers/STM32F4xx_HAL_Driver/Src/stm32f4xx_hal.c.obj