Archive member included to satisfy reference by file (symbol)

C:/ST/STM32CubeIDE_1.19.0/STM32CubeIDE/plugins/com.st.stm32cube.ide.mcu.externaltools.gnu-tools-for-stm32.13.3.rel1.win32_1.0.100.202509120712/tools/bin/../lib/gcc/arm-none-eabi/13.3.1/thumb/v7e-m+fp/hard\libgcc.a(_aeabi_uldivmod.o)
                              cmake/stm32cubemx/CMakeFiles/STM32_Drivers.dir/__/__/Drivers/STM32F4xx_HAL_Driver/Src/stm32f4xx_hal_rcc.c.obj (__aeabi_uldivmod)
C:/ST/STM32CubeIDE_1.19.0/STM32CubeIDE/plugins/com.st.stm32cube.ide.mcu.externaltools.gnu-tools-for-stm32.13.3.rel1.win32_1.0.100.202509120712/tools/bin/../lib/gcc/arm-none-eabi/13.3.1/thumb/v7e-m+fp/hard\libgcc.a(_udivmoddi4.o)
                              C:/ST/STM32CubeIDE_1.19.0/STM32CubeIDE/plugins/com.st.stm32cube.ide.mcu.externaltools.gnu-tools-for-stm32.13.3.rel1.win32_1.0.100.202509120712/tools/bin/../lib/gcc/arm-none-eabi/13.3.1/thumb/v7e-m+fp/hard\libgcc.a(_aeabi_uldivmod.o) (__udivmoddi4)
C:/ST/STM32CubeIDE_1.19.0/STM32CubeIDE/plugins/com.st.stm32cube.ide.mcu.externaltools.gnu-tools-for-stm32.13.3.rel1.win32_1.0.100.202509120712/tools/bin/../lib/gcc/arm-none-eabi/13.3.1/thumb/v7e-m+fp/hard\libgcc.a(_dvmd_tls.o)
                              C:/ST/STM32CubeIDE_1.19.0/STM32CubeIDE/plugins/com.st.stm32cube.ide.mcu.externaltools.gnu-tools-for-stm32.13.3.rel1.win32_1.0.100.202509120712/tools/bin/../lib/gcc/arm-none-eabi/13.3.1/thumb/v7e-m+fp/hard\libgcc.a(_aeabi_uldivmod.o) (__aeabi_ldiv0)
C:/ST/STM32CubeIDE_1.19.0/STM32CubeIDE/plugins/com.st.stm32cube.ide.mcu.externaltools.gnu-tools-for-stm32.13.3.rel1.win32_1.0.100.202509120712/tools/bin/../lib/gcc/arm-none-eabi/13.3.1/../../../../arm-none-eabi/lib/thumb/v7e-m+fp/hard\libg_nano.a(libc_a-exit.o)
                              C:/ST/STM32CubeIDE_1.19.0/STM32CubeIDE/plugins/com.st.stm32cube.ide.mcu.externaltools.gnu-tools-for-stm32.13.3.rel1.win32_1.0.100.202509120712/tools/bin/../lib/gcc/arm-none-eabi/13.3.1/../../../../arm-none-eabi/lib/thumb/v7e-m+fp/hard/crt0.o (exit)
C:/ST/STM32CubeIDE_1.19.0/STM32CubeIDE/plugins/com.st.stm32cube.ide.mcu.externaltools.gnu-tools-for-stm32.13.3.rel1.win32_1.0.100.202509120712/tools/bin/../lib/gcc/arm-none-eabi/13.3.1/../../../../arm-none-eabi/lib/thumb/v7e-m+fp/hard\libg_nano.a(libc_a-findfp.o)
                              C:/ST/STM32CubeIDE_1.19.0/STM32CubeIDE/plugins/com.st.stm32cube.ide.mcu.externaltools.gnu-tools-for-stm32.13.3.rel1.win32_1.0.100.202509120712/tools/bin/../lib/gcc/arm-none-eabi/13.3.1/../../../../arm-none-eabi/lib/thumb/v7e-m+fp/hard\libg_nano.a(libc_a-exit.o) (__stdio_exit_handler)
C:/ST/STM32CubeIDE_1.19.0/STM32CubeIDE/plugins/com.st.stm32cube.ide.mcu.externaltools.gnu-tools-for-stm32.13.3.rel1.win32_1.0.100.202509120712/tools/bin/../lib/gcc/arm-none-eabi/13.3.1/../../../../arm-none-eabi/lib/thumb/v7e-m+fp/hard\libg_nano.a(libc_a-fwalk.o)
                              C:/ST/STM32CubeIDE_1.19.0/STM32CubeIDE/plugins/com.st.stm32cube.ide.mcu.externaltools.gnu-tools-for-stm32.13.3.rel1.win32_1.0.100.202509120712/tools/bin/../lib/gcc/arm-none-eabi/13.3.1/../../../../arm-none-eabi/lib/thumb/v7e-m+fp/hard\libg_nano.a(libc_a-findfp.o) (_fwalk_sglue)
C:/ST/STM32CubeIDE_1.19.0/STM32CubeIDE/plugins/com.st.stm32cube.ide.mcu.externaltools.gnu-tools-for-stm32.13.3.rel1.win32_1.0.100.202509120712/tools/bin/../lib/gcc/arm-none-eabi/13.3.1/../../../../arm-none-eabi/lib/thumb/v7e-m+fp/hard\libg_nano.a(libc_a-stdio.o)
                              C:/ST/STM32CubeIDE_1.19.0/STM32CubeIDE/plugins/com.st.stm32cube.ide.mcu.externaltools.gnu-tools-for-stm32.13.3.rel1.win32_1.0.100.202509120712/tools/bin/../lib/gcc/arm-none-eabi/13.3.1/../../../../arm-none-eabi/lib/thumb/v7e-m+fp/hard\libg_nano.a(libc_a-findfp.o) (__sread)
C:/ST/STM32CubeIDE_1.19.0/STM32CubeIDE/plugins/com.st.stm32cube.ide.mcu.externaltools.gnu-tools-for-stm32.13.3.rel1.win32_1.0.100.202509120712/tools/bin/../lib/gcc/arm-none-eabi/13.3.1/../../../../arm-none-eabi/lib/thumb/v7e-m+fp/hard\libg_nano.a(libc_a-memset.o)
                              C:/ST/STM32CubeIDE_1.19.0/STM32CubeIDE/plugins/com.st.stm32cube.ide.mcu.externaltools.gnu-tools-for-stm32.13.3.rel1.win32_1.0.100.202509120712/tools/bin/../lib/gcc/arm-none-eabi/13.3.1/../../../../arm-none-eabi/lib/thumb/v7e-m+fp/hard/crt0.o (memset)
C:/ST/STM32CubeIDE_1.19.0/STM32CubeIDE/plugins/com.st.stm32cube.ide.mcu.externaltools.gnu-tools-for-stm32.13.3.rel1.win32_1.0.100.202509120712/tools/bin/../lib/gcc/arm-none-eabi/13.3.1/../../../../arm-none-eabi/lib/thumb/v7e-m+fp/hard\libg_nano.a(libc_a-closer.o)
                              C:/ST/STM32CubeIDE_1.19.0/STM32CubeIDE/plugins/com.st.stm32cube.ide.mcu.externaltools.gnu-tools-for-stm32.13.3.rel1.win32_1.0.100.202509120712/tools/bin/../lib/gcc/arm-none-eabi/13.3.1/../../../../arm-none-eabi/lib/thumb/v7e-m+fp/hard\libg_nano.a(libc_a-stdio.o) (_close_r)
[...]
Memory Configuration

Name             Origin             Length             Attributes
RAM              0x20000000         0x00010000         xrw
FLASH            0x08000000         0x00040000         xr
*default*        0x00000000         0xffffffff

Linker script and memory map

LOAD C:/ST/STM32CubeIDE_1.19.0/STM32CubeIDE/plugins/com.st.stm32cube.ide.mcu.externaltools.gnu-tools-for-stm32.13.3.rel1.win32_1.0.100.202509120712/tools/bin/../lib/gcc/arm-none-eabi/13.3.1/thumb/v7e-m+fp/hard/crti.o
LOAD C:/ST/STM32CubeIDE_1.19.0/STM32CubeIDE/plugins/com.st.stm32cube.ide.mcu.externaltools.gnu-tools-for-stm32.13.3.rel1.win32_1.0.100.202509120712/tools/bin/../lib/gcc/arm-none-eabi/13.3.1/thumb/v7e-m+fp/hard/crtbegin.o
LOAD C:/ST/STM32CubeIDE_1.19.0/STM32CubeIDE/plugins/com.st.stm32cube.ide.mcu.externaltools.gnu-tools-for-stm32.13.3.rel1.win32_1.0.100.202509120712/tools/bin/../lib/gcc/arm-none-eabi/13.3.1/../../../../arm-none-eabi/lib/thumb/v7e-m+fp/hard/crt0.o
LOAD CMakeFiles/3D_Printer.dir/USB_DEVICE/Target/usbd_conf.c.obj
LOAD CMakeFiles/3D_Printer.dir/USB_DEVICE/App/usb_device.c.obj
LOAD CMakeFiles/3D_Printer.dir/USB_DEVICE/App/usbd_desc.c.obj
LOAD CMakeFiles/3D_Printer.dir/USB_DEVICE/App/usbd_cdc_if.c.obj
LOAD CMakeFiles/3D_Printer.dir/Core/Src/main.c.obj
LOAD CMakeFiles/3D_Printer.dir/Core/Src/stm32f4xx_it.c.obj
LOAD CMakeFiles/3D_Printer.dir/Core/Src/stm32f4xx_hal_msp.c.obj
LOAD CMakeFiles/3D_Printer.dir/Core/Src/sysmem.c.obj
LOAD CMakeFiles/3D_Printer.dir/Core/Src/syscalls.c.obj
LOAD CMakeFiles/3D_Printer.dir/startup_stm32f401xc.s.obj
LOAD CMakeFiles/3D_Printer.dir/Core/Src/circular_buffer.c.obj
LOAD CMakeFiles/3D_Printer.dir/Core/Src/stepper_motor.c.obj
LOAD CMakeFiles/3D_Printer.dir/Core/Src/emergency_stop.c.obj
LOAD CMakeFiles/3D_Printer.dir/Core/Src/system_check.c.obj
LOAD CMakeFiles/3D_Printer.dir/Core/Src/axis.c.obj
LOAD CMakeFiles/3D_Printer.dir/Core/Src/usb_praser.c.obj
LOAD CMakeFiles/3D_Printer.dir/Core/Src/protocol_praser.c.obj
LOAD CMakeFiles/3D_Printer.dir/Core/Src/t_velocity.c.obj
LOAD CMakeFiles/3D_Printer.dir/Core/Src/pid.c.obj
LOAD CMakeFiles/3D_Printer.dir/Core/Src/remote_state.c.obj
LOAD cmake/stm32cubemx/CMakeFiles/STM32_Drivers.dir/__/__/Core/Src/system_stm32f4xx.c.obj
LOAD cmake/stm32cubemx/CMakeFiles/STM32_Drivers.dir/__/__/Drivers/STM32F4xx_HAL_Driver/Src/stm32f4xx_hal_pcd.c.obj
LOAD cmake/stm32cubemx/CMakeFiles/STM32_Drivers.dir/__/__/Drivers/STM32F4xx_HAL_Driver/Src/stm32f4xx_hal_pcd_ex.c.obj
LOAD cmake/stm32cubemx/CMakeFiles/STM32_Drivers.dir/__/__/Drivers/STM32F4xx_HAL_Driver/Src/stm32f4xx_ll_usb.c.obj
LOAD cmake/stm32cubemx/CMakeFiles/STM32_Drivers.dir/__/__/Drivers/STM32F4xx_HAL_Driver/Src/stm32f4xx_hal_rcc.c.obj
LOAD cmake/stm32cubemx/CMakeFiles/STM32_Drivers.dir/__/__/Drivers/STM32F4xx_HAL_Driver/Src/stm32f4xx_hal_rcc_ex.c.obj
LOAD cmake/stm32cubemx/CMakeFiles/STM32_Drivers.dir/__/__/Drivers/STM32F4xx_HAL_Driver/Src/stm32f4xx_hal_flash.c.obj
LOAD cmake/stm32cubemx/CMakeFiles/STM32_Drivers.dir/__/__/Drivers/STM32F4xx_HAL_Driver/Src/stm32f4xx_hal_flash_ex.c.obj
LOAD cmake/stm32cubemx/CMakeFiles/STM32_Drivers.dir/__/__/Drivers/STM32F4xx_HAL_Driver/Src/stm32f4xx_hal_flash_ramfunc.c.obj
LOAD cmake/stm32cubemx/CMakeFiles/STM32_Drivers.dir/__/__/Drivers/STM32F4xx_HAL_Driver/Src/stm32f4xx_hal_gpio.c.obj
LOAD cmake/stm32cubemx/CMakeFiles/STM32_Drivers.dir/__/__/Drivers/STM32F4xx_HAL_Driver/Src/stm32f4xx_hal_dma_ex.c.obj
LOAD cmake/stm32cubemx/CMakeFiles/STM32_Drivers.dir/__/__/Drivers/STM32F4xx_HAL_Driver/Src/stm32f4xx_hal_dma.c.obj
LOAD cmake/stm32cubemx/CMakeFiles/STM32_Drivers.dir/__/__/Drivers/STM32F4xx_HAL_Driver/Src/stm32f4xx_hal_pwr.c.obj
LOAD cmake/stm32cubemx/CMakeFiles/STM32_Drivers.dir/__/__/Drivers/STM32F4xx_HAL_Driver/Src/stm32f4xx_hal_pwr_ex.c.obj
LOAD cmake/stm32cubemx/CMakeFiles/STM32_Drivers.dir/__/__/Drivers/STM32F4xx_HAL_Driver/Src/stm32f4xx_hal_cortex.c.obj
LOAD cmake/stm32cubemx/CMakeFiles/STM32_Drivers.dir/__/__/Drivers/STM32F4xx_HAL_Driver/Src/stm32f4xx_hal.c.obj
LOAD cmake/stm32cubemx/CMakeFiles/STM32_Drivers.dir/__/__/Drivers/STM32F4xx_HAL_Driver/Src/stm32f4xx_hal_exti.c.obj
LOAD cmake/stm32cubemx/CMakeFiles/STM32_Drivers.dir/__/__/Drivers/STM32F4xx_HAL_Driver/Src/stm32f4xx_hal_adc.c.obj
LOAD cmake/stm32cubemx/CMakeFiles/STM32_Drivers.dir/__/__/Drivers/STM32F4xx_HAL_Driver/Src/stm32f4xx_hal_adc_ex.c.obj
LOAD cmake/stm32cubemx/CMakeFiles/STM32_Drivers.dir/__/__/Drivers/STM32F4xx_HAL_Driver/Src/stm32f4xx_hal_tim.c.obj
LOAD cmake/stm32cubemx/CMakeFiles/STM32_Drivers.dir/__/__/Drivers/STM32F4xx_HAL_Driver/Src/stm32f4xx_hal_tim_ex.c.obj
LOAD cmake/stm32cubemx/CMakeFiles/USB_Device_Library.dir/__/__/Middlewares/ST/STM32_USB_Device_Library/Core/Src/usbd_core.c.obj
LOAD cmake/stm32cubemx/CMakeFiles/USB_Device_Library.dir/__/__/Middlewares/ST/STM32_USB_Device_Library/Core/Src/usbd_ctlreq.c.obj
LOAD cmake/stm32cubemx/CMakeFiles/USB_Device_Library.dir/__/__/Middlewares/ST/STM32_USB_Device_Library/Core/Src/usbd_ioreq.c.obj
LOAD cmake/stm32cubemx/CMakeFiles/USB_Device_Library.dir/__/__/Middlewares/ST/STM32_USB_Device_Library/Class/CDC/Src/usbd_cdc.c.obj
LOAD C:/ST/STM32CubeIDE_1.19.0/STM32CubeIDE/plugins/com.st.stm32cube.ide.mcu.externaltools.gnu-tools-for-stm32.13.3.rel1.win32_1.0.100.202509120712/tools/bin/../lib/gcc/arm-none-eabi/13.3.1/../../../../arm-none-eabi/lib/thumb/v7e-m+fp/hard\libm.a
START GROUP
LOAD C:/ST/STM32CubeIDE_1.19.0/STM32CubeIDE/plugins/com.st.stm32cube.ide.mcu.externaltools.gnu-tools-for-stm32.13.3.rel1.win32_1.0.100.202509120712/tools/bin/../lib/gcc/arm-none-eabi/13.3.1/thumb/v7e-m+fp/hard\libgcc.a
LOAD C:/ST/STM32CubeIDE_1.19.0/STM32CubeIDE/plugins/com.st.stm32cube.ide.mcu.externaltools.gnu-tools-for-stm32.13.3.rel1.win32_1.0.100.202509120712/tools/bin/../lib/gcc/arm-none-eabi/13.3.1/../../../../arm-none-eabi/lib/thumb/v7e-m+fp/hard\libg_nano.a
LOAD C:/ST/STM32CubeIDE_1.19.0/STM32CubeIDE/plugins/com.st.stm32cube.ide.mcu.externaltools.gnu-tools-for-stm32.13.3.rel1.win32_1.0.100.202509120712/tools/bin/../lib/gcc/arm-none-eabi/13.3.1/../../../../arm-none-eabi/lib/thumb/v7e-m+fp/hard\libc_nano.a
END GROUP
START GROUP
LOAD C:/ST/STM32CubeIDE_1.19.0/STM32CubeIDE/plugins/com.st.stm32cube.ide.mcu.externaltools.gnu-tools-for-stm32.13.3.rel1.win32_1.0.100.202509120712/tools/bin/../lib/gcc/arm-none-eabi/13.3.1/thumb/v7e-m+fp/hard\libgcc.a
LOAD C:/ST/STM32CubeIDE_1.19.0/STM32CubeIDE/plugins/com.st.stm32cube.ide.mcu.externaltools.gnu-tools-for-stm32.13.3.rel1.win32_1.0.100.202509120712/tools/bin/../lib/gcc/arm-none-eabi/13.3.1/../../../../arm-none-eabi/lib/thumb/v7e-m+fp/hard\libc_nano.a
END GROUP
LOAD C:/ST/STM32CubeIDE_1.19.0/STM32CubeIDE/plugins/com.st.stm32cube.ide.mcu.externaltools.gnu-tools-for-stm32.13.3.rel1.win32_1.0.100.202509120712/tools/bin/../lib/gcc/arm-none-eabi/13.3.1/thumb/v7e-m+fp/hard/crtend.o
LOAD C:/ST/STM32CubeIDE_1.19.0/STM32CubeIDE/plugins/com.st.stm32cube.ide.mcu.externaltools.gnu-tools-for-stm32.13.3.rel1.win32_1.0.100.202509120712/tools/bin/../lib/gcc/arm-none-eabi/13.3.1/thumb/v7e-m+fp/hard/crtn.o
                0x20010000                        _estack = (ORIGIN (RAM) + LENGTH (RAM))
                0x00000200                        _Min_Heap_Size = 0x200
                0x00000400                        _Min_Stack_Size = 0x400

.isr_vector     0x08000000      0x194
                0x08000000                        . = ALIGN (0x4)
 *(.isr_vector)
 .isr_vector    0x08000000      0x194 CMakeFiles/3D_Printer.dir/startup_stm32f401xc.s.obj
                0x08000000                g_pfnVectors
                0x08000194                        . = ALIGN (0x4)

.text           0x08000194     0xa270
                0x08000194                        . = ALIGN (0x4)
 *(.text)
 .text          0x08000194       0x40 C:/ST/STM32CubeIDE_1.19.0/STM32CubeIDE/plugins/com.st.stm32cube.ide.mcu.externaltools.gnu-tools-for-stm32.13.3.rel1.win32_1.0.100.202509120712/tools/bin/../lib/gcc/arm-none-eabi/13.3.1/thumb/v7e-m+fp/hard/crtbegin.o
 .text          0x080001d4       0x30 C:/ST/STM32CubeIDE_1.19.0/STM32CubeIDE/plugins/com.st.stm32cube.ide.mcu.externaltools.gnu-tools-for-stm32.13.3.rel1.win32_1.0.100.202509120712/tools/bin/../lib/gcc/arm-none-eabi/13.3.1/thumb/v7e-m+fp/hard\libgcc.a(_aeabi_uldivmod.o)
                0x080001d4                __aeabi_uldivmod
 .text          0x08000204      0x2f8 C:/ST/STM32CubeIDE_1.19.0/STM32CubeIDE/plugins/com.st.stm32cube.ide.mcu.externaltools.gnu-tools-for-stm32.13.3.rel1.win32_1.0.100.202509120712/tools/bin/../lib/gcc/arm-none-eabi/13.3.1/thumb/v7e-m+fp/hard\libgcc.a(_udivmoddi4.o)
                0x08000204                __udivmoddi4
 .text          0x080004fc        0x4 C:/ST/STM32CubeIDE_1.19.0/STM32CubeIDE/plugins/com.st.stm32cube.ide.mcu.externaltools.gnu-tools-for-stm32.13.3.rel1.win32_1.0.100.202509120712/tools/bin/../lib/gcc/arm-none-eabi/13.3.1/thumb/v7e-m+fp/hard\libgcc.a(_dvmd_tls.o)
                0x080004fc                __aeabi_idiv0
                0x080004fc                __aeabi_ldiv0
 *(.text*)
 .text.HAL_PCD_MspInit
                0x08000500       0xc4 CMakeFiles/3D_Printer.dir/USB_DEVICE/Target/usbd_conf.c.obj
                0x08000500                HAL_PCD_MspInit
 .text.HAL_PCD_SetupStageCallback
                0x080005c4       0x24 CMakeFiles/3D_Printer.dir/USB_DEVICE/Target/usbd_conf.c.obj
                0x080005c4                HAL_PCD_SetupStageCallback
 .text.HAL_PCD_DataOutStageCallback
                0x080005e8       0x36 CMakeFiles/3D_Printer.dir/USB_DEVICE/Target/usbd_conf.c.obj
                0x080005e8                HAL_PCD_DataOutStageCallback
 .text.HAL_PCD_DataInStageCallback
                0x0800061e       0x34 CMakeFiles/3D_Printer.dir/USB_DEVICE/Target/usbd_conf.c.obj
                0x0800061e                HAL_PCD_DataInStageCallback
 .text.HAL_PCD_SOFCallback
                0x08000652       0x1c CMakeFiles/3D_Printer.dir/USB_DEVICE/Target/usbd_conf.c.obj
                0x08000652                HAL_PCD_SOFCallback
 .text.HAL_PCD_ResetCallback
                0x0800066e       0x3c CMakeFiles/3D_Printer.dir/USB_DEVICE/Target/usbd_conf.c.obj
                0x0800066e                HAL_PCD_ResetCallback
 *fill*         0x080006aa        0x2 
 .text.HAL_PCD_SuspendCallback
                0x080006ac       0x4c CMakeFiles/3D_Printer.dir/USB_DEVICE/Target/usbd_conf.c.obj
                0x080006ac                HAL_PCD_SuspendCallback
 .text.HAL_PCD_ResumeCallback
                0x080006f8       0x1c CMakeFiles/3D_Printer.dir/USB_DEVICE/Target/usbd_conf.c.obj
                0x080006f8                HAL_PCD_ResumeCallback
 .text.HAL_PCD_ISOOUTIncompleteCallback
                0x08000714       0x24 CMakeFiles/3D_Printer.dir/USB_DEVICE/Target/usbd_conf.c.obj
                0x08000714                HAL_PCD_ISOOUTIncompleteCallback
 .text.HAL_PCD_ISOINIncompleteCallback
                0x08000738       0x24 CMakeFiles/3D_Printer.dir/USB_DEVICE/Target/usbd_conf.c.obj
                0x08000738                HAL_PCD_ISOINIncompleteCallback
 .text.HAL_PCD_ConnectCallback
                0x0800075c       0x1c CMakeFiles/3D_Printer.dir/USB_DEVICE/Target/usbd_conf.c.obj
                0x0800075c                HAL_PCD_ConnectCallback
 .text.HAL_PCD_DisconnectCallback
                0x08000778       0x1c CMakeFiles/3D_Printer.dir/USB_DEVICE/Target/usbd_conf.c.obj
                0x08000778                HAL_PCD_DisconnectCallback
 .text.USBD_LL_Init
                0x08000794       0x98 CMakeFiles/3D_Printer.dir/USB_DEVICE/Target/usbd_conf.c.obj
                0x08000794                USBD_LL_Init
 .text.USBD_LL_Start
                0x0800082c       0x36 CMakeFiles/3D_Printer.dir/USB_DEVICE/Target/usbd_conf.c.obj
                0x0800082c                USBD_LL_Start
 .text.USBD_LL_OpenEP
                0x08000862       0x4c CMakeFiles/3D_Printer.dir/USB_DEVICE/Target/usbd_conf.c.obj
                0x08000862                USBD_LL_OpenEP
 .text.USBD_LL_CloseEP
                0x080008ae       0x3e CMakeFiles/3D_Printer.dir/USB_DEVICE/Target/usbd_conf.c.obj
                0x080008ae                USBD_LL_CloseEP
 .text.USBD_LL_StallEP
                0x080008ec       0x3e CMakeFiles/3D_Printer.dir/USB_DEVICE/Target/usbd_conf.c.obj
                0x080008ec                USBD_LL_StallEP
 .text.USBD_LL_ClearStallEP
                0x0800092a       0x3e CMakeFiles/3D_Printer.dir/USB_DEVICE/Target/usbd_conf.c.obj
                0x0800092a                USBD_LL_ClearStallEP
 .text.USBD_LL_IsStallEP
                0x08000968       0x58 CMakeFiles/3D_Printer.dir/USB_DEVICE/Target/usbd_conf.c.obj
                0x08000968                USBD_LL_IsStallEP
 .text.USBD_LL_SetUSBAddress
                0x080009c0       0x3e CMakeFiles/3D_Printer.dir/USB_DEVICE/Target/usbd_conf.c.obj
                0x080009c0                USBD_LL_SetUSBAddress
 .text.USBD_LL_Transmit
                0x080009fe       0x42 CMakeFiles/3D_Printer.dir/USB_DEVICE/Target/usbd_conf.c.obj
                0x080009fe                USBD_LL_Transmit
 .text.USBD_LL_PrepareReceive
                0x08000a40       0x42 CMakeFiles/3D_Printer.dir/USB_DEVICE/Target/usbd_conf.c.obj
                0x08000a40                USBD_LL_PrepareReceive
 .text.USBD_LL_GetRxDataSize
                0x08000a82       0x26 CMakeFiles/3D_Printer.dir/USB_DEVICE/Target/usbd_conf.c.obj
                0x08000a82                USBD_LL_GetRxDataSize
 .text.USBD_static_malloc
                0x08000aa8       0x1c CMakeFiles/3D_Printer.dir/USB_DEVICE/Target/usbd_conf.c.obj
                0x08000aa8                USBD_static_malloc
 .text.USBD_static_free
                0x08000ac4       0x14 CMakeFiles/3D_Printer.dir/USB_DEVICE/Target/usbd_conf.c.obj
                0x08000ac4                USBD_static_free
 .text.USBD_Get_USB_Status
                0x08000ad8       0x58 CMakeFiles/3D_Printer.dir/USB_DEVICE/Target/usbd_conf.c.obj
                0x08000ad8                USBD_Get_USB_Status
 .text.MX_USB_DEVICE_Init
                0x08000b30       0x60 CMakeFiles/3D_Printer.dir/USB_DEVICE/App/usb_device.c.obj
                0x08000b30                MX_USB_DEVICE_Init
 .text.USBD_FS_DeviceDescriptor
                0x08000b90       0x24 CMakeFiles/3D_Printer.dir/USB_DEVICE/App/usbd_desc.c.obj
                0x08000b90                USBD_FS_DeviceDescriptor
 .text.USBD_FS_LangIDStrDescriptor
                0x08000bb4       0x24 CMakeFiles/3D_Printer.dir/USB_DEVICE/App/usbd_desc.c.obj
                0x08000bb4                USBD_FS_LangIDStrDescriptor
 .text.USBD_FS_ProductStrDescriptor
                0x08000bd8       0x3c CMakeFiles/3D_Printer.dir/USB_DEVICE/App/usbd_desc.c.obj
                0x08000bd8                USBD_FS_ProductStrDescriptor
 .text.USBD_FS_ManufacturerStrDescriptor
                0x08000c14       0x28 CMakeFiles/3D_Printer.dir/USB_DEVICE/App/usbd_desc.c.obj
                0x08000c14                USBD_FS_ManufacturerStrDescriptor
 .text.USBD_FS_SerialStrDescriptor
                0x08000c3c       0x24 CMakeFiles/3D_Printer.dir/USB_DEVICE/App/usbd_desc.c.obj
                0x08000c3c                USBD_FS_SerialStrDescriptor
 .text.USBD_FS_ConfigStrDescriptor
                0x08000c60       0x3c CMakeFiles/3D_Printer.dir/USB_DEVICE/App/usbd_desc.c.obj
                0x08000c60                USBD_FS_ConfigStrDescriptor
 .text.USBD_FS_InterfaceStrDescriptor
                0x08000c9c       0x3c CMakeFiles/3D_Printer.dir/USB_DEVICE/App/usbd_desc.c.obj
                0x08000c9c                USBD_FS_InterfaceStrDescriptor
 .text.Get_SerialNum
                0x08000cd8       0x58 CMakeFiles/3D_Printer.dir/USB_DEVICE/App/usbd_desc.c.obj
 .text.IntToUnicode
                0x08000d30       0x7e CMakeFiles/3D_Printer.dir/USB_DEVICE/App/usbd_desc.c.obj
 *fill*         0x08000dae        0x2 
 .text.CDC_Init_FS
                0x08000db0       0x28 CMakeFiles/3D_Printer.dir/USB_DEVICE/App/usbd_cdc_if.c.obj
 .text.CDC_DeInit_FS
                0x08000dd8       0x10 CMakeFiles/3D_Printer.dir/USB_DEVICE/App/usbd_cdc_if.c.obj
 .text.CDC_Control_FS
                0x08000de8       0xbc CMakeFiles/3D_Printer.dir/USB_DEVICE/App/usbd_cdc_if.c.obj
 .text.CDC_Receive_FS
                0x08000ea4       0x3c CMakeFiles/3D_Printer.dir/USB_DEVICE/App/usbd_cdc_if.c.obj
 .text.CDC_Transmit_FS
                0x08000ee0       0x4c CMakeFiles/3D_Printer.dir/USB_DEVICE/App/usbd_cdc_if.c.obj
                0x08000ee0                CDC_Transmit_FS
 .text.CDC_TransmitCplt_FS
                0x08000f2c       0x22 CMakeFiles/3D_Printer.dir/USB_DEVICE/App/usbd_cdc_if.c.obj
 *fill*         0x08000f4e        0x2 
 .text.HAL_TIM_PWM_PulseFinishedCallback
                0x08000f50       0x3c CMakeFiles/3D_Printer.dir/Core/Src/main.c.obj
                0x08000f50                HAL_TIM_PWM_PulseFinishedCallback
 .text.HAL_ADC_ConvCpltCallback
                0x08000f8c       0xbc CMakeFiles/3D_Printer.dir/Core/Src/main.c.obj
                0x08000f8c                HAL_ADC_ConvCpltCallback
 .text.EXTI_debouncing
                0x08001048       0x38 CMakeFiles/3D_Printer.dir/Core/Src/main.c.obj
                0x08001048                EXTI_debouncing
 .text.HAL_GPIO_EXTI_Callback
                0x08001080       0x8c CMakeFiles/3D_Printer.dir/Core/Src/main.c.obj
                0x08001080                HAL_GPIO_EXTI_Callback
 .text.main     0x0800110c      0x250 CMakeFiles/3D_Printer.dir/Core/Src/main.c.obj
                0x0800110c                main
 .text.SystemClock_Config
                0x0800135c       0xd8 CMakeFiles/3D_Printer.dir/Core/Src/main.c.obj
                0x0800135c                SystemClock_Config
 .text.MX_ADC1_Init
                0x08001434       0xc0 CMakeFiles/3D_Printer.dir/Core/Src/main.c.obj
 .text.MX_TIM3_Init
                0x080014f4       0xf4 CMakeFiles/3D_Printer.dir/Core/Src/main.c.obj
 .text.MX_TIM4_Init
                0x080015e8       0xe0 CMakeFiles/3D_Printer.dir/Core/Src/main.c.obj
 .text.MX_DMA_Init
                0x080016c8       0x40 CMakeFiles/3D_Printer.dir/Core/Src/main.c.obj
 .text.MX_GPIO_Init
                0x08001708      0x19c CMakeFiles/3D_Printer.dir/Core/Src/main.c.obj
 .text.Error_Handler
                0x080018a4        0xc CMakeFiles/3D_Printer.dir/Core/Src/main.c.obj
                0x080018a4                Error_Handler
 .text.NMI_Handler
                0x080018b0        0x8 CMakeFiles/3D_Printer.dir/Core/Src/stm32f4xx_it.c.obj
                0x080018b0                NMI_Handler
 .text.HardFault_Handler
                0x080018b8        0x8 CMakeFiles/3D_Printer.dir/Core/Src/stm32f4xx_it.c.obj
                0x080018b8                HardFault_Handler
 .text.MemManage_Handler
                0x080018c0        0x8 CMakeFiles/3D_Printer.dir/Core/Src/stm32f4xx_it.c.obj
                0x080018c0                MemManage_Handler
 .text.BusFault_Handler
                0x080018c8        0x8 CMakeFiles/3D_Printer.dir/Core/Src/stm32f4xx_it.c.obj
                0x080018c8                BusFault_Handler
 .text.UsageFault_Handler
                0x080018d0        0x8 CMakeFiles/3D_Printer.dir/Core/Src/stm32f4xx_it.c.obj
                0x080018d0                UsageFault_Handler
 .text.SVC_Handler
                0x080018d8        0xe CMakeFiles/3D_Printer.dir/Core/Src/stm32f4xx_it.c.obj
                0x080018d8                SVC_Handler
 .text.DebugMon_Handler
                0x080018e6        0xe CMakeFiles/3D_Printer.dir/Core/Src/stm32f4xx_it.c.obj
                0x080018e6                DebugMon_Handler
 .text.PendSV_Handler
                0x080018f4        0xe CMakeFiles/3D_Printer.dir/Core/Src/stm32f4xx_it.c.obj
                0x080018f4                PendSV_Handler
 .text.SysTick_Handler
                0x08001902        0xc CMakeFiles/3D_Printer.dir/Core/Src/stm32f4xx_it.c.obj
                0x08001902                SysTick_Handler
 .text.EXTI3_IRQHandler
                0x0800190e        0xe CMakeFiles/3D_Printer.dir/Core/Src/stm32f4xx_it.c.obj
                0x0800190e                EXTI3_IRQHandler
 .text.EXTI4_IRQHandler
                0x0800191c        0xe CMakeFiles/3D_Printer.dir/Core/Src/stm32f4xx_it.c.obj
                0x0800191c                EXTI4_IRQHandler
 .text.EXTI9_5_IRQHandler
                0x0800192a        0xe CMakeFiles/3D_Printer.dir/Core/Src/stm32f4xx_it.c.obj
                0x0800192a                EXTI9_5_IRQHandler
 .text.TIM3_IRQHandler
                0x08001938       0x14 CMakeFiles/3D_Printer.dir/Core/Src/stm32f4xx_it.c.obj
                0x08001938                TIM3_IRQHandler
 .text.EXTI15_10_IRQHandler
                0x0800194c       0x10 CMakeFiles/3D_Printer.dir/Core/Src/stm32f4xx_it.c.obj
                0x0800194c                EXTI15_10_IRQHandler
 .text.DMA2_Stream0_IRQHandler
                0x0800195c       0x14 CMakeFiles/3D_Printer.dir/Core/Src/stm32f4xx_it.c.obj
                0x0800195c                DMA2_Stream0_IRQHandler
 .text.OTG_FS_IRQHandler
                0x08001970       0x14 CMakeFiles/3D_Printer.dir/Core/Src/stm32f4xx_it.c.obj
                0x08001970                OTG_FS_IRQHandler
 .text.HAL_MspInit
                0x08001984       0x50 CMakeFiles/3D_Printer.dir/Core/Src/stm32f4xx_hal_msp.c.obj
                0x08001984                HAL_MspInit
 .text.HAL_ADC_MspInit
                0x080019d4       0xf0 CMakeFiles/3D_Printer.dir/Core/Src/stm32f4xx_hal_msp.c.obj
                0x080019d4                HAL_ADC_MspInit
 .text.HAL_TIM_PWM_MspInit
                0x08001ac4       0x7c CMakeFiles/3D_Printer.dir/Core/Src/stm32f4xx_hal_msp.c.obj
                0x08001ac4                HAL_TIM_PWM_MspInit
 .text.HAL_TIM_MspPostInit
                0x08001b40      0x100 CMakeFiles/3D_Printer.dir/Core/Src/stm32f4xx_hal_msp.c.obj
                0x08001b40                HAL_TIM_MspPostInit
 .text.Reset_Handler
                0x08001c40       0x50 CMakeFiles/3D_Printer.dir/startup_stm32f401xc.s.obj
                0x08001c40                Reset_Handler
 .text.Default_Handler
                0x08001c90        0x2 CMakeFiles/3D_Printer.dir/startup_stm32f401xc.s.obj
                0x08001c90                RTC_Alarm_IRQHandler
                0x08001c90                EXTI2_IRQHandler
                0x08001c90                SPI4_IRQHandler
                0x08001c90                TIM1_CC_IRQHandler
                0x08001c90                DMA2_Stream5_IRQHandler
                0x08001c90                DMA1_Stream5_IRQHandler
                0x08001c90                PVD_IRQHandler
                0x08001c90                SDIO_IRQHandler
                0x08001c90                TAMP_STAMP_IRQHandler
                0x08001c90                TIM1_UP_TIM10_IRQHandler
                0x08001c90                I2C3_ER_IRQHandler
                0x08001c90                EXTI0_IRQHandler
                0x08001c90                I2C2_EV_IRQHandler
                0x08001c90                DMA1_Stream2_IRQHandler
                0x08001c90                FPU_IRQHandler
                0x08001c90                DMA2_Stream2_IRQHandler
                0x08001c90                SPI1_IRQHandler
                0x08001c90                TIM1_BRK_TIM9_IRQHandler
                0x08001c90                DMA2_Stream3_IRQHandler
                0x08001c90                USART6_IRQHandler
                0x08001c90                TIM4_IRQHandler
                0x08001c90                I2C1_EV_IRQHandler
                0x08001c90                DMA1_Stream6_IRQHandler
                0x08001c90                DMA1_Stream1_IRQHandler
                0x08001c90                RCC_IRQHandler
                0x08001c90                Default_Handler
                0x08001c90                ADC_IRQHandler
                0x08001c90                DMA1_Stream7_IRQHandler
                0x08001c90                TIM5_IRQHandler
                0x08001c90                DMA2_Stream7_IRQHandler
                0x08001c90                I2C3_EV_IRQHandler
                0x08001c90                RTC_WKUP_IRQHandler
                0x08001c90                SPI2_IRQHandler
                0x08001c90                DMA1_Stream0_IRQHandler
                0x08001c90                WWDG_IRQHandler
                0x08001c90                TIM2_IRQHandler
                0x08001c90                OTG_FS_WKUP_IRQHandler
                0x08001c90                TIM1_TRG_COM_TIM11_IRQHandler
                0x08001c90                EXTI1_IRQHandler
                0x08001c90                USART2_IRQHandler
                0x08001c90                I2C2_ER_IRQHandler
                0x08001c90                DMA2_Stream1_IRQHandler
                0x08001c90                FLASH_IRQHandler
                0x08001c90                DMA2_Stream4_IRQHandler
                0x08001c90                USART1_IRQHandler
                0x08001c90                SPI3_IRQHandler
                0x08001c90                DMA1_Stream4_IRQHandler
                0x08001c90                I2C1_ER_IRQHandler
                0x08001c90                DMA2_Stream6_IRQHandler
                0x08001c90                DMA1_Stream3_IRQHandler
 .text.circ_buf_free_space
                0x08001c92       0x3a CMakeFiles/3D_Printer.dir/Core/Src/circular_buffer.c.obj
 .text.circ_buf_init
                0x08001ccc       0x5e CMakeFiles/3D_Printer.dir/Core/Src/circular_buffer.c.obj
                0x08001ccc                circ_buf_init
 .text.circ_buf_push
                0x08001d2a       0x60 CMakeFiles/3D_Printer.dir/Core/Src/circular_buffer.c.obj
                0x08001d2a                circ_buf_push
 .text.circ_buf_push_many
                0x08001d8a       0xce CMakeFiles/3D_Printer.dir/Core/Src/circular_buffer.c.obj
                0x08001d8a                circ_buf_push_many
 .text.circ_buf_push_many_uint8
                0x08001e58      0x186 CMakeFiles/3D_Printer.dir/Core/Src/circular_buffer.c.obj
                0x08001e58                circ_buf_push_many_uint8
 .text.circ_buf_pop
                0x08001fde       0x62 CMakeFiles/3D_Printer.dir/Core/Src/circular_buffer.c.obj
                0x08001fde                circ_buf_pop
 .text.circ_buf_empty
                0x08002040       0x32 CMakeFiles/3D_Printer.dir/Core/Src/circular_buffer.c.obj
                0x08002040                circ_buf_empty
 .text.circ_buf_size
                0x08002072       0x2a CMakeFiles/3D_Printer.dir/Core/Src/circular_buffer.c.obj
                0x08002072                circ_buf_size
 .text.stepper_motor_init
                0x0800209c       0x5a CMakeFiles/3D_Printer.dir/Core/Src/stepper_motor.c.obj
                0x0800209c                stepper_motor_init
 .text.set_motor_velocity_and_dir
                0x080020f6       0xa0 CMakeFiles/3D_Printer.dir/Core/Src/stepper_motor.c.obj
                0x080020f6                set_motor_velocity_and_dir
 .text.check_next_pulse
                0x08002196       0xd8 CMakeFiles/3D_Printer.dir/Core/Src/stepper_motor.c.obj
                0x08002196                check_next_pulse
 .text.start_homing
                0x0800226e       0x5c CMakeFiles/3D_Printer.dir/Core/Src/stepper_motor.c.obj
                0x0800226e                start_homing
 .text.stop_homing
                0x080022ca       0x74 CMakeFiles/3D_Printer.dir/Core/Src/stepper_motor.c.obj
                0x080022ca                stop_homing
 *fill*         0x0800233e        0x2 
 .text.Stepper_Emergency_Stop
                0x08002340       0x4c CMakeFiles/3D_Printer.dir/Core/Src/emergency_stop.c.obj
                0x08002340                Stepper_Emergency_Stop
 .text.Heaters_Emergency_Stop
                0x0800238c       0x2c CMakeFiles/3D_Printer.dir/Core/Src/emergency_stop.c.obj
                0x0800238c                Heaters_Emergency_Stop
 .text.Emergency_Stop_Activate
                0x080023b8       0x1c CMakeFiles/3D_Printer.dir/Core/Src/emergency_stop.c.obj
                0x080023b8                Emergency_Stop_Activate
 .text.System_Check
                0x080023d4       0x10 CMakeFiles/3D_Printer.dir/Core/Src/system_check.c.obj
                0x080023d4                System_Check
 .text.process_axis
                0x080023e4       0x68 CMakeFiles/3D_Printer.dir/Core/Src/axis.c.obj
                0x080023e4                process_axis
 .text.axis_init
                0x0800244c       0xe4 CMakeFiles/3D_Printer.dir/Core/Src/axis.c.obj
                0x0800244c                axis_init
 .text.usb_praser_init
                0x08002530       0x44 CMakeFiles/3D_Printer.dir/Core/Src/usb_praser.c.obj
                0x08002530                usb_praser_init
 .text.send_frame
                0x08002574       0x5a CMakeFiles/3D_Printer.dir/Core/Src/protocol_praser.c.obj
 *fill*         0x080025ce        0x2 
 .text.usb_tx_process
                0x080025d0       0x84 CMakeFiles/3D_Printer.dir/Core/Src/protocol_praser.c.obj
                0x080025d0                usb_tx_process
 .text.prase_init
                0x08002654       0x28 CMakeFiles/3D_Printer.dir/Core/Src/protocol_praser.c.obj
                0x08002654                prase_init
 .text.generate_next_seq
                0x0800267c       0x24 CMakeFiles/3D_Printer.dir/Core/Src/protocol_praser.c.obj
                0x0800267c                generate_next_seq
 .text.parse_frame
                0x080026a0      0x160 CMakeFiles/3D_Printer.dir/Core/Src/protocol_praser.c.obj
                0x080026a0                parse_frame
 .text.parse_sync
                0x08002800       0x58 CMakeFiles/3D_Printer.dir/Core/Src/protocol_praser.c.obj
                0x08002800                parse_sync
 .text.send_status
                0x08002858       0x48 CMakeFiles/3D_Printer.dir/Core/Src/protocol_praser.c.obj
                0x08002858                send_status
 .text.parse_status_req
                0x080028a0       0x14 CMakeFiles/3D_Printer.dir/Core/Src/protocol_praser.c.obj
                0x080028a0                parse_status_req
 .text.parse_status_resp
                0x080028b4       0x44 CMakeFiles/3D_Printer.dir/Core/Src/protocol_praser.c.obj
                0x080028b4                parse_status_resp
 .text.parse_estop
                0x080028f8       0x14 CMakeFiles/3D_Printer.dir/Core/Src/protocol_praser.c.obj
                0x080028f8                parse_estop
 .text.vel_get_dir
                0x0800290c       0x1e CMakeFiles/3D_Printer.dir/Core/Src/t_velocity.c.obj
                0x0800290c                vel_get_dir
 .text.vel_get_period
                0x0800292a       0x16 CMakeFiles/3D_Printer.dir/Core/Src/t_velocity.c.obj
                0x0800292a                vel_get_period
 .text.vel_get_step_number
                0x08002940       0x1e CMakeFiles/3D_Printer.dir/Core/Src/t_velocity.c.obj
                0x08002940                vel_get_step_number
 .text.PID_Init
                0x0800295e       0x5e CMakeFiles/3D_Printer.dir/Core/Src/pid.c.obj
                0x0800295e                PID_Init
 .text.PID_Compute
                0x080029bc       0xde CMakeFiles/3D_Printer.dir/Core/Src/pid.c.obj
                0x080029bc                PID_Compute
 *fill*         0x08002a9a        0x2 
 .text.PID_to_PWM
                0x08002a9c       0x80 CMakeFiles/3D_Printer.dir/Core/Src/pid.c.obj
                0x08002a9c                PID_to_PWM
 .text.system_update_remote_state
                0x08002b1c       0x20 CMakeFiles/3D_Printer.dir/Core/Src/remote_state.c.obj
                0x08002b1c                system_update_remote_state
 .text.system_update_remote_errors
                0x08002b3c       0x20 CMakeFiles/3D_Printer.dir/Core/Src/remote_state.c.obj
                0x08002b3c                system_update_remote_errors
 .text.system_update_remote_queue
                0x08002b5c       0x20 CMakeFiles/3D_Printer.dir/Core/Src/remote_state.c.obj
                0x08002b5c                system_update_remote_queue
 .text.SystemInit
                0x08002b7c       0x24 cmake/stm32cubemx/CMakeFiles/STM32_Drivers.dir/__/__/Core/Src/system_stm32f4xx.c.obj
                0x08002b7c                SystemInit
 .text.HAL_PCD_Init
                0x08002ba0      0x21e cmake/stm32cubemx/CMakeFiles/STM32_Drivers.dir/__/__/Drivers/STM32F4xx_HAL_Driver/Src/stm32f4xx_hal_pcd.c.obj
                0x08002ba0                HAL_PCD_Init
 .text.HAL_PCD_Start
                0x08002dbe       0x6a cmake/stm32cubemx/CMakeFiles/STM32_Drivers.dir/__/__/Drivers/STM32F4xx_HAL_Driver/Src/stm32f4xx_hal_pcd.c.obj
                0x08002dbe                HAL_PCD_Start
 .text.HAL_PCD_IRQHandler
                0x08002e28      0x942 cmake/stm32cubemx/CMakeFiles/STM32_Drivers.dir/__/__/Drivers/STM32F4xx_HAL_Driver/Src/stm32f4xx_hal_pcd.c.obj
                0x08002e28                HAL_PCD_IRQHandler
 .text.HAL_PCD_SetAddress
                0x0800376a       0x48 cmake/stm32cubemx/CMakeFiles/STM32_Drivers.dir/__/__/Drivers/STM32F4xx_HAL_Driver/Src/stm32f4xx_hal_pcd.c.obj
                0x0800376a                HAL_PCD_SetAddress
 .text.HAL_PCD_EP_Open
                0x080037b2       0xd4 cmake/stm32cubemx/CMakeFiles/STM32_Drivers.dir/__/__/Drivers/STM32F4xx_HAL_Driver/Src/stm32f4xx_hal_pcd.c.obj
                0x080037b2                HAL_PCD_EP_Open
 .text.HAL_PCD_EP_Close
                0x08003886       0x94 cmake/stm32cubemx/CMakeFiles/STM32_Drivers.dir/__/__/Drivers/STM32F4xx_HAL_Driver/Src/stm32f4xx_hal_pcd.c.obj
                0x08003886                HAL_PCD_EP_Close
 .text.HAL_PCD_EP_Receive
                0x0800391a       0x76 cmake/stm32cubemx/CMakeFiles/STM32_Drivers.dir/__/__/Drivers/STM32F4xx_HAL_Driver/Src/stm32f4xx_hal_pcd.c.obj
                0x0800391a                HAL_PCD_EP_Receive
 .text.HAL_PCD_EP_GetRxCount
                0x08003990       0x30 cmake/stm32cubemx/CMakeFiles/STM32_Drivers.dir/__/__/Drivers/STM32F4xx_HAL_Driver/Src/stm32f4xx_hal_pcd.c.obj
                0x08003990                HAL_PCD_EP_GetRxCount
 .text.HAL_PCD_EP_Transmit
                0x080039c0       0x74 cmake/stm32cubemx/CMakeFiles/STM32_Drivers.dir/__/__/Drivers/STM32F4xx_HAL_Driver/Src/stm32f4xx_hal_pcd.c.obj
                0x080039c0                HAL_PCD_EP_Transmit
 .text.HAL_PCD_EP_SetStall
                0x08003a34       0xc6 cmake/stm32cubemx/CMakeFiles/STM32_Drivers.dir/__/__/Drivers/STM32F4xx_HAL_Driver/Src/stm32f4xx_hal_pcd.c.obj
                0x08003a34                HAL_PCD_EP_SetStall
 .text.HAL_PCD_EP_ClrStall
                0x08003afa       0xac cmake/stm32cubemx/CMakeFiles/STM32_Drivers.dir/__/__/Drivers/STM32F4xx_HAL_Driver/Src/stm32f4xx_hal_pcd.c.obj
                0x08003afa                HAL_PCD_EP_ClrStall
 .text.HAL_PCD_EP_Abort
                0x08003ba6       0x62 cmake/stm32cubemx/CMakeFiles/STM32_Drivers.dir/__/__/Drivers/STM32F4xx_HAL_Driver/Src/stm32f4xx_hal_pcd.c.obj
                0x08003ba6                HAL_PCD_EP_Abort
 .text.PCD_WriteEmptyTxFifo
                0x08003c08      0x118 cmake/stm32cubemx/CMakeFiles/STM32_Drivers.dir/__/__/Drivers/STM32F4xx_HAL_Driver/Src/stm32f4xx_hal_pcd.c.obj
 .text.PCD_EP_OutXfrComplete_int
                0x08003d20      0x1d0 cmake/stm32cubemx/CMakeFiles/STM32_Drivers.dir/__/__/Drivers/STM32F4xx_HAL_Driver/Src/stm32f4xx_hal_pcd.c.obj
 .text.PCD_EP_OutSetupPacket_int
                0x08003ef0       0x8c cmake/stm32cubemx/CMakeFiles/STM32_Drivers.dir/__/__/Drivers/STM32F4xx_HAL_Driver/Src/stm32f4xx_hal_pcd.c.obj
 .text.HAL_PCDEx_SetTxFiFo
                0x08003f7c       0x8e cmake/stm32cubemx/CMakeFiles/STM32_Drivers.dir/__/__/Drivers/STM32F4xx_HAL_Driver/Src/stm32f4xx_hal_pcd_ex.c.obj
                0x08003f7c                HAL_PCDEx_SetTxFiFo
 .text.HAL_PCDEx_SetRxFiFo
                0x0800400a       0x22 cmake/stm32cubemx/CMakeFiles/STM32_Drivers.dir/__/__/Drivers/STM32F4xx_HAL_Driver/Src/stm32f4xx_hal_pcd_ex.c.obj
                0x0800400a                HAL_PCDEx_SetRxFiFo
 .text.HAL_PCDEx_LPM_Callback
                0x0800402c       0x18 cmake/stm32cubemx/CMakeFiles/STM32_Drivers.dir/__/__/Drivers/STM32F4xx_HAL_Driver/Src/stm32f4xx_hal_pcd_ex.c.obj
                0x0800402c                HAL_PCDEx_LPM_Callback
 .text.USB_CoreInit
                0x08004044       0xc8 cmake/stm32cubemx/CMakeFiles/STM32_Drivers.dir/__/__/Drivers/STM32F4xx_HAL_Driver/Src/stm32f4xx_ll_usb.c.obj
                0x08004044                USB_CoreInit
 .text.USB_SetTurnaroundTime
                0x0800410c      0x144 cmake/stm32cubemx/CMakeFiles/STM32_Drivers.dir/__/__/Drivers/STM32F4xx_HAL_Driver/Src/stm32f4xx_ll_usb.c.obj
                0x0800410c                USB_SetTurnaroundTime
 .text.USB_EnableGlobalInt
                0x08004250       0x22 cmake/stm32cubemx/CMakeFiles/STM32_Drivers.dir/__/__/Drivers/STM32F4xx_HAL_Driver/Src/stm32f4xx_ll_usb.c.obj
                0x08004250                USB_EnableGlobalInt
 .text.USB_DisableGlobalInt
                0x08004272       0x22 cmake/stm32cubemx/CMakeFiles/STM32_Drivers.dir/__/__/Drivers/STM32F4xx_HAL_Driver/Src/stm32f4xx_ll_usb.c.obj
                0x08004272                USB_DisableGlobalInt
 .text.USB_SetCurrentMode
                0x08004294       0x98 cmake/stm32cubemx/CMakeFiles/STM32_Drivers.dir/__/__/Drivers/STM32F4xx_HAL_Driver/Src/stm32f4xx_ll_usb.c.obj
                0x08004294                USB_SetCurrentMode
 .text.USB_DevInit
                0x0800432c      0x2c8 cmake/stm32cubemx/CMakeFiles/STM32_Drivers.dir/__/__/Drivers/STM32F4xx_HAL_Driver/Src/stm32f4xx_ll_usb.c.obj
                0x0800432c                USB_DevInit
 .text.USB_FlushTxFifo
                0x080045f4       0x64 cmake/stm32cubemx/CMakeFiles/STM32_Drivers.dir/__/__/Drivers/STM32F4xx_HAL_Driver/Src/stm32f4xx_ll_usb.c.obj
                0x080045f4                USB_FlushTxFifo
 .text.USB_FlushRxFifo
                0x08004658       0x5c cmake/stm32cubemx/CMakeFiles/STM32_Drivers.dir/__/__/Drivers/STM32F4xx_HAL_Driver/Src/stm32f4xx_ll_usb.c.obj
                0x08004658                USB_FlushRxFifo
 .text.USB_SetDevSpeed
                0x080046b4       0x32 cmake/stm32cubemx/CMakeFiles/STM32_Drivers.dir/__/__/Drivers/STM32F4xx_HAL_Driver/Src/stm32f4xx_ll_usb.c.obj
                0x080046b4                USB_SetDevSpeed
 .text.USB_GetDevSpeed
                0x080046e6       0x4a cmake/stm32cubemx/CMakeFiles/STM32_Drivers.dir/__/__/Drivers/STM32F4xx_HAL_Driver/Src/stm32f4xx_ll_usb.c.obj
                0x080046e6                USB_GetDevSpeed
 .text.USB_ActivateEndpoint
                0x08004730      0x10e cmake/stm32cubemx/CMakeFiles/STM32_Drivers.dir/__/__/Drivers/STM32F4xx_HAL_Driver/Src/stm32f4xx_ll_usb.c.obj
                0x08004730                USB_ActivateEndpoint
 *fill*         0x0800483e        0x2 
 .text.USB_DeactivateEndpoint
                0x08004840      0x1b8 cmake/stm32cubemx/CMakeFiles/STM32_Drivers.dir/__/__/Drivers/STM32F4xx_HAL_Driver/Src/stm32f4xx_ll_usb.c.obj
                0x08004840                USB_DeactivateEndpoint
 .text.USB_EPStartXfer
                0x080049f8      0x53c cmake/stm32cubemx/CMakeFiles/STM32_Drivers.dir/__/__/Drivers/STM32F4xx_HAL_Driver/Src/stm32f4xx_ll_usb.c.obj
                0x080049f8                USB_EPStartXfer
 .text.USB_EPStopXfer
                0x08004f34      0x154 cmake/stm32cubemx/CMakeFiles/STM32_Drivers.dir/__/__/Drivers/STM32F4xx_HAL_Driver/Src/stm32f4xx_ll_usb.c.obj
                0x08004f34                USB_EPStopXfer
 .text.USB_WritePacket
                0x08005088       0x7c cmake/stm32cubemx/CMakeFiles/STM32_Drivers.dir/__/__/Drivers/STM32F4xx_HAL_Driver/Src/stm32f4xx_ll_usb.c.obj
                0x08005088                USB_WritePacket
 .text.USB_ReadPacket
                0x08005104       0xb0 cmake/stm32cubemx/CMakeFiles/STM32_Drivers.dir/__/__/Drivers/STM32F4xx_HAL_Driver/Src/stm32f4xx_ll_usb.c.obj
                0x08005104                USB_ReadPacket
 .text.USB_EPSetStall
                0x080051b4       0xdc cmake/stm32cubemx/CMakeFiles/STM32_Drivers.dir/__/__/Drivers/STM32F4xx_HAL_Driver/Src/stm32f4xx_ll_usb.c.obj
                0x080051b4                USB_EPSetStall
 .text.USB_EPClearStall
                0x08005290       0xcc cmake/stm32cubemx/CMakeFiles/STM32_Drivers.dir/__/__/Drivers/STM32F4xx_HAL_Driver/Src/stm32f4xx_ll_usb.c.obj
                0x08005290                USB_EPClearStall
 .text.USB_SetDevAddress
                0x0800535c       0x4c cmake/stm32cubemx/CMakeFiles/STM32_Drivers.dir/__/__/Drivers/STM32F4xx_HAL_Driver/Src/stm32f4xx_ll_usb.c.obj
                0x0800535c                USB_SetDevAddress
 .text.USB_DevConnect
                0x080053a8       0x42 cmake/stm32cubemx/CMakeFiles/STM32_Drivers.dir/__/__/Drivers/STM32F4xx_HAL_Driver/Src/stm32f4xx_ll_usb.c.obj
                0x080053a8                USB_DevConnect
 .text.USB_DevDisconnect
                0x080053ea       0x42 cmake/stm32cubemx/CMakeFiles/STM32_Drivers.dir/__/__/Drivers/STM32F4xx_HAL_Driver/Src/stm32f4xx_ll_usb.c.obj
                0x080053ea                USB_DevDisconnect
 .text.USB_ReadInterrupts
                0x0800542c       0x26 cmake/stm32cubemx/CMakeFiles/STM32_Drivers.dir/__/__/Drivers/STM32F4xx_HAL_Driver/Src/stm32f4xx_ll_usb.c.obj
                0x0800542c                USB_ReadInterrupts
 .text.USB_ReadDevAllOutEpInterrupt
                0x08005452       0x34 cmake/stm32cubemx/CMakeFiles/STM32_Drivers.dir/__/__/Drivers/STM32F4xx_HAL_Driver/Src/stm32f4xx_ll_usb.c.obj
                0x08005452                USB_ReadDevAllOutEpInterrupt
 .text.USB_ReadDevAllInEpInterrupt
                0x08005486       0x34 cmake/stm32cubemx/CMakeFiles/STM32_Drivers.dir/__/__/Drivers/STM32F4xx_HAL_Driver/Src/stm32f4xx_ll_usb.c.obj
                0x08005486                USB_ReadDevAllInEpInterrupt
 .text.USB_ReadDevOutEPInterrupt
                0x080054ba       0x3c cmake/stm32cubemx/CMakeFiles/STM32_Drivers.dir/__/__/Drivers/STM32F4xx_HAL_Driver/Src/stm32f4xx_ll_usb.c.obj
                0x080054ba                USB_ReadDevOutEPInterrupt
 .text.USB_ReadDevInEPInterrupt
                0x080054f6       0x5c cmake/stm32cubemx/CMakeFiles/STM32_Drivers.dir/__/__/Drivers/STM32F4xx_HAL_Driver/Src/stm32f4xx_ll_usb.c.obj
                0x080054f6                USB_ReadDevInEPInterrupt
 .text.USB_GetMode
                0x08005552       0x1c cmake/stm32cubemx/CMakeFiles/STM32_Drivers.dir/__/__/Drivers/STM32F4xx_HAL_Driver/Src/stm32f4xx_ll_usb.c.obj
                0x08005552                USB_GetMode
 .text.USB_ActivateSetup
                0x0800556e       0x46 cmake/stm32cubemx/CMakeFiles/STM32_Drivers.dir/__/__/Drivers/STM32F4xx_HAL_Driver/Src/stm32f4xx_ll_usb.c.obj
                0x0800556e                USB_ActivateSetup
 .text.USB_EP0_OutStart
                0x080055b4       0xbc cmake/stm32cubemx/CMakeFiles/STM32_Drivers.dir/__/__/Drivers/STM32F4xx_HAL_Driver/Src/stm32f4xx_ll_usb.c.obj
                0x080055b4                USB_EP0_OutStart
 .text.USB_CoreReset
                0x08005670       0x70 cmake/stm32cubemx/CMakeFiles/STM32_Drivers.dir/__/__/Drivers/STM32F4xx_HAL_Driver/Src/stm32f4xx_ll_usb.c.obj
 .text.HAL_RCC_OscConfig
                0x080056e0      0x4f0 cmake/stm32cubemx/CMakeFiles/STM32_Drivers.dir/__/__/Drivers/STM32F4xx_HAL_Driver/Src/stm32f4xx_hal_rcc.c.obj
                0x080056e0                HAL_RCC_OscConfig
 .text.HAL_RCC_ClockConfig
                0x08005bd0      0x1cc cmake/stm32cubemx/CMakeFiles/STM32_Drivers.dir/__/__/Drivers/STM32F4xx_HAL_Driver/Src/stm32f4xx_hal_rcc.c.obj
                0x08005bd0                HAL_RCC_ClockConfig
 .text.HAL_RCC_GetSysClockFreq
                0x08005d9c      0x18c cmake/stm32cubemx/CMakeFiles/STM32_Drivers.dir/__/__/Drivers/STM32F4xx_HAL_Driver/Src/stm32f4xx_hal_rcc.c.obj
                0x08005d9c                HAL_RCC_GetSysClockFreq
 .text.HAL_RCC_GetHCLKFreq
                0x08005f28       0x18 cmake/stm32cubemx/CMakeFiles/STM32_Drivers.dir/__/__/Drivers/STM32F4xx_HAL_Driver/Src/stm32f4xx_hal_rcc.c.obj
                0x08005f28                HAL_RCC_GetHCLKFreq
 .text.HAL_GPIO_Init
                0x08005f40      0x308 cmake/stm32cubemx/CMakeFiles/STM32_Drivers.dir/__/__/Drivers/STM32F4xx_HAL_Driver/Src/stm32f4xx_hal_gpio.c.obj
                0x08005f40                HAL_GPIO_Init
 .text.HAL_GPIO_ReadPin
                0x08006248       0x30 cmake/stm32cubemx/CMakeFiles/STM32_Drivers.dir/__/__/Drivers/STM32F4xx_HAL_Driver/Src/stm32f4xx_hal_gpio.c.obj
                0x08006248                HAL_GPIO_ReadPin
 .text.HAL_GPIO_WritePin
                0x08006278       0x32 cmake/stm32cubemx/CMakeFiles/STM32_Drivers.dir/__/__/Drivers/STM32F4xx_HAL_Driver/Src/stm32f4xx_hal_gpio.c.obj
                0x08006278                HAL_GPIO_WritePin
 *fill*         0x080062aa        0x2 
 .text.HAL_GPIO_EXTI_IRQHandler
                0x080062ac       0x30 cmake/stm32cubemx/CMakeFiles/STM32_Drivers.dir/__/__/Drivers/STM32F4xx_HAL_Driver/Src/stm32f4xx_hal_gpio.c.obj
                0x080062ac                HAL_GPIO_EXTI_IRQHandler
 .text.HAL_DMA_Init
                0x080062dc      0x15c cmake/stm32cubemx/CMakeFiles/STM32_Drivers.dir/__/__/Drivers/STM32F4xx_HAL_Driver/Src/stm32f4xx_hal_dma.c.obj
                0x080062dc                HAL_DMA_Init
 .text.HAL_DMA_Start_IT
                0x08006438       0xb0 cmake/stm32cubemx/CMakeFiles/STM32_Drivers.dir/__/__/Drivers/STM32F4xx_HAL_Driver/Src/stm32f4xx_hal_dma.c.obj
                0x08006438                HAL_DMA_Start_IT
 .text.HAL_DMA_IRQHandler
                0x080064e8      0x314 cmake/stm32cubemx/CMakeFiles/STM32_Drivers.dir/__/__/Drivers/STM32F4xx_HAL_Driver/Src/stm32f4xx_hal_dma.c.obj
                0x080064e8                HAL_DMA_IRQHandler
 .text.DMA_SetConfig
                0x080067fc       0x5c cmake/stm32cubemx/CMakeFiles/STM32_Drivers.dir/__/__/Drivers/STM32F4xx_HAL_Driver/Src/stm32f4xx_hal_dma.c.obj
 .text.DMA_CalcBaseAndBitshift
                0x08006858       0x6c cmake/stm32cubemx/CMakeFiles/STM32_Drivers.dir/__/__/Drivers/STM32F4xx_HAL_Driver/Src/stm32f4xx_hal_dma.c.obj
 .text.DMA_CheckFifoParam
                0x080068c4       0xf8 cmake/stm32cubemx/CMakeFiles/STM32_Drivers.dir/__/__/Drivers/STM32F4xx_HAL_Driver/Src/stm32f4xx_hal_dma.c.obj
 .text.__NVIC_SetPriorityGrouping
                0x080069bc       0x48 cmake/stm32cubemx/CMakeFiles/STM32_Drivers.dir/__/__/Drivers/STM32F4xx_HAL_Driver/Src/stm32f4xx_hal_cortex.c.obj
 .text.__NVIC_GetPriorityGrouping
                0x08006a04       0x1c cmake/stm32cubemx/CMakeFiles/STM32_Drivers.dir/__/__/Drivers/STM32F4xx_HAL_Driver/Src/stm32f4xx_hal_cortex.c.obj
 .text.__NVIC_EnableIRQ
                0x08006a20       0x3c cmake/stm32cubemx/CMakeFiles/STM32_Drivers.dir/__/__/Drivers/STM32F4xx_HAL_Driver/Src/stm32f4xx_hal_cortex.c.obj
 .text.__NVIC_SetPriority
                0x08006a5c       0x54 cmake/stm32cubemx/CMakeFiles/STM32_Drivers.dir/__/__/Drivers/STM32F4xx_HAL_Driver/Src/stm32f4xx_hal_cortex.c.obj
 .text.NVIC_EncodePriority
                0x08006ab0       0x66 cmake/stm32cubemx/CMakeFiles/STM32_Drivers.dir/__/__/Drivers/STM32F4xx_HAL_Driver/Src/stm32f4xx_hal_cortex.c.obj
 *fill*         0x08006b16        0x2 
 .text.SysTick_Config
                0x08006b18       0x44 cmake/stm32cubemx/CMakeFiles/STM32_Drivers.dir/__/__/Drivers/STM32F4xx_HAL_Driver/Src/stm32f4xx_hal_cortex.c.obj
 .text.HAL_NVIC_SetPriorityGrouping
                0x08006b5c       0x16 cmake/stm32cubemx/CMakeFiles/STM32_Drivers.dir/__/__/Drivers/STM32F4xx_HAL_Driver/Src/stm32f4xx_hal_cortex.c.obj
                0x08006b5c                HAL_NVIC_SetPriorityGrouping
 .text.HAL_NVIC_SetPriority
                0x08006b72       0x38 cmake/stm32cubemx/CMakeFiles/STM32_Drivers.dir/__/__/Drivers/STM32F4xx_HAL_Driver/Src/stm32f4xx_hal_cortex.c.obj
                0x08006b72                HAL_NVIC_SetPriority
 .text.HAL_NVIC_EnableIRQ
                0x08006baa       0x1c cmake/stm32cubemx/CMakeFiles/STM32_Drivers.dir/__/__/Drivers/STM32F4xx_HAL_Driver/Src/stm32f4xx_hal_cortex.c.obj
                0x08006baa                HAL_NVIC_EnableIRQ
 .text.HAL_SYSTICK_Config
                0x08006bc6       0x18 cmake/stm32cubemx/CMakeFiles/STM32_Drivers.dir/__/__/Drivers/STM32F4xx_HAL_Driver/Src/stm32f4xx_hal_cortex.c.obj
                0x08006bc6                HAL_SYSTICK_Config
 *fill*         0x08006bde        0x2 
 .text.HAL_Init
                0x08006be0       0x44 cmake/stm32cubemx/CMakeFiles/STM32_Drivers.dir/__/__/Drivers/STM32F4xx_HAL_Driver/Src/stm32f4xx_hal.c.obj
                0x08006be0                HAL_Init
 .text.HAL_InitTick
                0x08006c24       0x60 cmake/stm32cubemx/CMakeFiles/STM32_Drivers.dir/__/__/Drivers/STM32F4xx_HAL_Driver/Src/stm32f4xx_hal.c.obj
                0x08006c24                HAL_InitTick
 .text.HAL_IncTick
                0x08006c84       0x28 cmake/stm32cubemx/CMakeFiles/STM32_Drivers.dir/__/__/Drivers/STM32F4xx_HAL_Driver/Src/stm32f4xx_hal.c.obj
                0x08006c84                HAL_IncTick
 .text.HAL_GetTick
                0x08006cac       0x18 cmake/stm32cubemx/CMakeFiles/STM32_Drivers.dir/__/__/Drivers/STM32F4xx_HAL_Driver/Src/stm32f4xx_hal.c.obj
                0x08006cac                HAL_GetTick
 .text.HAL_Delay
                0x08006cc4       0x48 cmake/stm32cubemx/CMakeFiles/STM32_Drivers.dir/__/__/Drivers/STM32F4xx_HAL_Driver/Src/stm32f4xx_hal.c.obj
                0x08006cc4                HAL_Delay
 .text.HAL_ADC_Init
                0x08006d0c       0x86 cmake/stm32cubemx/CMakeFiles/STM32_Drivers.dir/__/__/Drivers/STM32F4xx_HAL_Driver/Src/stm32f4xx_hal_adc.c.obj
                0x08006d0c                HAL_ADC_Init
 *fill*         0x08006d92        0x2 
 .text.HAL_ADC_Start_DMA
                0x08006d94      0x1e8 cmake/stm32cubemx/CMakeFiles/STM32_Drivers.dir/__/__/Drivers/STM32F4xx_HAL_Driver/Src/stm32f4xx_hal_adc.c.obj
                0x08006d94                HAL_ADC_Start_DMA
 .text.HAL_ADC_ConvHalfCpltCallback
                0x08006f7c       0x14 cmake/stm32cubemx/CMakeFiles/STM32_Drivers.dir/__/__/Drivers/STM32F4xx_HAL_Driver/Src/stm32f4xx_hal_adc.c.obj
                0x08006f7c                HAL_ADC_ConvHalfCpltCallback
 .text.HAL_ADC_ErrorCallback
                0x08006f90       0x14 cmake/stm32cubemx/CMakeFiles/STM32_Drivers.dir/__/__/Drivers/STM32F4xx_HAL_Driver/Src/stm32f4xx_hal_adc.c.obj
                0x08006f90                HAL_ADC_ErrorCallback
 .text.HAL_ADC_ConfigChannel
                0x08006fa4      0x244 cmake/stm32cubemx/CMakeFiles/STM32_Drivers.dir/__/__/Drivers/STM32F4xx_HAL_Driver/Src/stm32f4xx_hal_adc.c.obj
                0x08006fa4                HAL_ADC_ConfigChannel
 .text.ADC_Init
                0x080071e8      0x1f8 cmake/stm32cubemx/CMakeFiles/STM32_Drivers.dir/__/__/Drivers/STM32F4xx_HAL_Driver/Src/stm32f4xx_hal_adc.c.obj
 .text.ADC_DMAConvCplt
                0x080073e0       0xba cmake/stm32cubemx/CMakeFiles/STM32_Drivers.dir/__/__/Drivers/STM32F4xx_HAL_Driver/Src/stm32f4xx_hal_adc.c.obj
 .text.ADC_DMAHalfConvCplt
                0x0800749a       0x1c cmake/stm32cubemx/CMakeFiles/STM32_Drivers.dir/__/__/Drivers/STM32F4xx_HAL_Driver/Src/stm32f4xx_hal_adc.c.obj
 .text.ADC_DMAError
                0x080074b6       0x2e cmake/stm32cubemx/CMakeFiles/STM32_Drivers.dir/__/__/Drivers/STM32F4xx_HAL_Driver/Src/stm32f4xx_hal_adc.c.obj
 .text.HAL_TIM_Base_Start_IT
                0x080074e4       0xc4 cmake/stm32cubemx/CMakeFiles/STM32_Drivers.dir/__/__/Drivers/STM32F4xx_HAL_Driver/Src/stm32f4xx_hal_tim.c.obj
                0x080074e4                HAL_TIM_Base_Start_IT
 .text.HAL_TIM_PWM_Init
                0x080075a8       0x9e cmake/stm32cubemx/CMakeFiles/STM32_Drivers.dir/__/__/Drivers/STM32F4xx_HAL_Driver/Src/stm32f4xx_hal_tim.c.obj
                0x080075a8                HAL_TIM_PWM_Init
 *fill*         0x08007646        0x2 
 .text.HAL_TIM_PWM_Stop
                0x08007648       0xc8 cmake/stm32cubemx/CMakeFiles/STM32_Drivers.dir/__/__/Drivers/STM32F4xx_HAL_Driver/Src/stm32f4xx_hal_tim.c.obj
                0x08007648                HAL_TIM_PWM_Stop
 .text.HAL_TIM_PWM_Start_IT
                0x08007710      0x1fc cmake/stm32cubemx/CMakeFiles/STM32_Drivers.dir/__/__/Drivers/STM32F4xx_HAL_Driver/Src/stm32f4xx_hal_tim.c.obj
                0x08007710                HAL_TIM_PWM_Start_IT
 .text.HAL_TIM_PWM_Stop_IT
                0x0800790c      0x164 cmake/stm32cubemx/CMakeFiles/STM32_Drivers.dir/__/__/Drivers/STM32F4xx_HAL_Driver/Src/stm32f4xx_hal_tim.c.obj
                0x0800790c                HAL_TIM_PWM_Stop_IT
 .text.HAL_TIM_IRQHandler
                0x08007a70      0x1e0 cmake/stm32cubemx/CMakeFiles/STM32_Drivers.dir/__/__/Drivers/STM32F4xx_HAL_Driver/Src/stm32f4xx_hal_tim.c.obj
                0x08007a70                HAL_TIM_IRQHandler
 .text.HAL_TIM_PWM_ConfigChannel
                0x08007c50      0x184 cmake/stm32cubemx/CMakeFiles/STM32_Drivers.dir/__/__/Drivers/STM32F4xx_HAL_Driver/Src/stm32f4xx_hal_tim.c.obj
                0x08007c50                HAL_TIM_PWM_ConfigChannel
 .text.HAL_TIM_PeriodElapsedCallback
                0x08007dd4       0x14 cmake/stm32cubemx/CMakeFiles/STM32_Drivers.dir/__/__/Drivers/STM32F4xx_HAL_Driver/Src/stm32f4xx_hal_tim.c.obj
                0x08007dd4                HAL_TIM_PeriodElapsedCallback
 .text.HAL_TIM_OC_DelayElapsedCallback
                0x08007de8       0x14 cmake/stm32cubemx/CMakeFiles/STM32_Drivers.dir/__/__/Drivers/STM32F4xx_HAL_Driver/Src/stm32f4xx_hal_tim.c.obj
                0x08007de8                HAL_TIM_OC_DelayElapsedCallback
 .text.HAL_TIM_IC_CaptureCallback
                0x08007dfc       0x14 cmake/stm32cubemx/CMakeFiles/STM32_Drivers.dir/__/__/Drivers/STM32F4xx_HAL_Driver/Src/stm32f4xx_hal_tim.c.obj
                0x08007dfc                HAL_TIM_IC_CaptureCallback
 .text.HAL_TIM_TriggerCallback
                0x08007e10       0x14 cmake/stm32cubemx/CMakeFiles/STM32_Drivers.dir/__/__/Drivers/STM32F4xx_HAL_Driver/Src/stm32f4xx_hal_tim.c.obj
                0x08007e10                HAL_TIM_TriggerCallback
 .text.TIM_Base_SetConfig
                0x08007e24      0x10c cmake/stm32cubemx/CMakeFiles/STM32_Drivers.dir/__/__/Drivers/STM32F4xx_HAL_Driver/Src/stm32f4xx_hal_tim.c.obj
                0x08007e24                TIM_Base_SetConfig
 .text.TIM_OC1_SetConfig
                0x08007f30       0xcc cmake/stm32cubemx/CMakeFiles/STM32_Drivers.dir/__/__/Drivers/STM32F4xx_HAL_Driver/Src/stm32f4xx_hal_tim.c.obj
 .text.TIM_OC2_SetConfig
                0x08007ffc       0xd8 cmake/stm32cubemx/CMakeFiles/STM32_Drivers.dir/__/__/Drivers/STM32F4xx_HAL_Driver/Src/stm32f4xx_hal_tim.c.obj
                0x08007ffc                TIM_OC2_SetConfig
 .text.TIM_OC3_SetConfig
                0x080080d4       0xd4 cmake/stm32cubemx/CMakeFiles/STM32_Drivers.dir/__/__/Drivers/STM32F4xx_HAL_Driver/Src/stm32f4xx_hal_tim.c.obj
 .text.TIM_OC4_SetConfig
                0x080081a8       0xa0 cmake/stm32cubemx/CMakeFiles/STM32_Drivers.dir/__/__/Drivers/STM32F4xx_HAL_Driver/Src/stm32f4xx_hal_tim.c.obj
 .text.TIM_CCxChannelCmd
                0x08008248       0x4a cmake/stm32cubemx/CMakeFiles/STM32_Drivers.dir/__/__/Drivers/STM32F4xx_HAL_Driver/Src/stm32f4xx_hal_tim.c.obj
                0x08008248                TIM_CCxChannelCmd
 *fill*         0x08008292        0x2 
 .text.HAL_TIMEx_MasterConfigSynchronization
                0x08008294       0xdc cmake/stm32cubemx/CMakeFiles/STM32_Drivers.dir/__/__/Drivers/STM32F4xx_HAL_Driver/Src/stm32f4xx_hal_tim_ex.c.obj
                0x08008294                HAL_TIMEx_MasterConfigSynchronization
 .text.HAL_TIMEx_CommutCallback
                0x08008370       0x14 cmake/stm32cubemx/CMakeFiles/STM32_Drivers.dir/__/__/Drivers/STM32F4xx_HAL_Driver/Src/stm32f4xx_hal_tim_ex.c.obj
                0x08008370                HAL_TIMEx_CommutCallback
 .text.HAL_TIMEx_BreakCallback
                0x08008384       0x14 cmake/stm32cubemx/CMakeFiles/STM32_Drivers.dir/__/__/Drivers/STM32F4xx_HAL_Driver/Src/stm32f4xx_hal_tim_ex.c.obj
                0x08008384                HAL_TIMEx_BreakCallback
 .text.USBD_Init
                0x08008398       0x60 cmake/stm32cubemx/CMakeFiles/USB_Device_Library.dir/__/__/Middlewares/ST/STM32_USB_Device_Library/Core/Src/usbd_core.c.obj
                0x08008398                USBD_Init
 .text.USBD_RegisterClass
                0x080083f8       0x6c cmake/stm32cubemx/CMakeFiles/USB_Device_Library.dir/__/__/Middlewares/ST/STM32_USB_Device_Library/Core/Src/usbd_core.c.obj
                0x080083f8                USBD_RegisterClass
 .text.USBD_Start
                0x08008464       0x18 cmake/stm32cubemx/CMakeFiles/USB_Device_Library.dir/__/__/Middlewares/ST/STM32_USB_Device_Library/Core/Src/usbd_core.c.obj
                0x08008464                USBD_Start
 .text.USBD_RunTestMode
                0x0800847c       0x16 cmake/stm32cubemx/CMakeFiles/USB_Device_Library.dir/__/__/Middlewares/ST/STM32_USB_Device_Library/Core/Src/usbd_core.c.obj
                0x0800847c                USBD_RunTestMode
 .text.USBD_SetClassConfig
                0x08008492       0x38 cmake/stm32cubemx/CMakeFiles/USB_Device_Library.dir/__/__/Middlewares/ST/STM32_USB_Device_Library/Core/Src/usbd_core.c.obj
                0x08008492                USBD_SetClassConfig
 .text.USBD_ClrClassConfig
                0x080084ca       0x34 cmake/stm32cubemx/CMakeFiles/USB_Device_Library.dir/__/__/Middlewares/ST/STM32_USB_Device_Library/Core/Src/usbd_core.c.obj
                0x080084ca                USBD_ClrClassConfig
 .text.USBD_LL_SetupStage
                0x080084fe       0xaa cmake/stm32cubemx/CMakeFiles/USB_Device_Library.dir/__/__/Middlewares/ST/STM32_USB_Device_Library/Core/Src/usbd_core.c.obj
                0x080084fe                USBD_LL_SetupStage
 .text.USBD_LL_DataOutStage
                0x080085a8      0x178 cmake/stm32cubemx/CMakeFiles/USB_Device_Library.dir/__/__/Middlewares/ST/STM32_USB_Device_Library/Core/Src/usbd_core.c.obj
                0x080085a8                USBD_LL_DataOutStage
 .text.USBD_LL_DataInStage
                0x08008720      0x176 cmake/stm32cubemx/CMakeFiles/USB_Device_Library.dir/__/__/Middlewares/ST/STM32_USB_Device_Library/Core/Src/usbd_core.c.obj
                0x08008720                USBD_LL_DataInStage
 .text.USBD_LL_Reset
                0x08008896       0xa6 cmake/stm32cubemx/CMakeFiles/USB_Device_Library.dir/__/__/Middlewares/ST/STM32_USB_Device_Library/Core/Src/usbd_core.c.obj
                0x08008896                USBD_LL_Reset
 .text.USBD_LL_SetSpeed
                0x0800893c       0x20 cmake/stm32cubemx/CMakeFiles/USB_Device_Library.dir/__/__/Middlewares/ST/STM32_USB_Device_Library/Core/Src/usbd_core.c.obj
                0x0800893c                USBD_LL_SetSpeed
 .text.USBD_LL_Suspend
                0x0800895c       0x38 cmake/stm32cubemx/CMakeFiles/USB_Device_Library.dir/__/__/Middlewares/ST/STM32_USB_Device_Library/Core/Src/usbd_core.c.obj
                0x0800895c                USBD_LL_Suspend
 .text.USBD_LL_Resume
                0x08008994       0x30 cmake/stm32cubemx/CMakeFiles/USB_Device_Library.dir/__/__/Middlewares/ST/STM32_USB_Device_Library/Core/Src/usbd_core.c.obj
                0x08008994                USBD_LL_Resume
 .text.USBD_LL_SOF
                0x080089c4       0x40 cmake/stm32cubemx/CMakeFiles/USB_Device_Library.dir/__/__/Middlewares/ST/STM32_USB_Device_Library/Core/Src/usbd_core.c.obj
                0x080089c4                USBD_LL_SOF
 .text.USBD_LL_IsoINIncomplete
                0x08008a04       0x64 cmake/stm32cubemx/CMakeFiles/USB_Device_Library.dir/__/__/Middlewares/ST/STM32_USB_Device_Library/Core/Src/usbd_core.c.obj
                0x08008a04                USBD_LL_IsoINIncomplete
 .text.USBD_LL_IsoOUTIncomplete
                0x08008a68       0x64 cmake/stm32cubemx/CMakeFiles/USB_Device_Library.dir/__/__/Middlewares/ST/STM32_USB_Device_Library/Core/Src/usbd_core.c.obj
                0x08008a68                USBD_LL_IsoOUTIncomplete
 .text.USBD_LL_DevConnected
                0x08008acc       0x16 cmake/stm32cubemx/CMakeFiles/USB_Device_Library.dir/__/__/Middlewares/ST/STM32_USB_Device_Library/Core/Src/usbd_core.c.obj
                0x08008acc                USBD_LL_DevConnected
 .text.USBD_LL_DevDisconnected
                0x08008ae2       0x46 cmake/stm32cubemx/CMakeFiles/USB_Device_Library.dir/__/__/Middlewares/ST/STM32_USB_Device_Library/Core/Src/usbd_core.c.obj
                0x08008ae2                USBD_LL_DevDisconnected
 .text.USBD_CoreFindIF
                0x08008b28       0x1a cmake/stm32cubemx/CMakeFiles/USB_Device_Library.dir/__/__/Middlewares/ST/STM32_USB_Device_Library/Core/Src/usbd_core.c.obj
                0x08008b28                USBD_CoreFindIF
 .text.USBD_CoreFindEP
                0x08008b42       0x1a cmake/stm32cubemx/CMakeFiles/USB_Device_Library.dir/__/__/Middlewares/ST/STM32_USB_Device_Library/Core/Src/usbd_core.c.obj
                0x08008b42                USBD_CoreFindEP
 .text.USBD_GetEpDesc
                0x08008b5c       0x70 cmake/stm32cubemx/CMakeFiles/USB_Device_Library.dir/__/__/Middlewares/ST/STM32_USB_Device_Library/Core/Src/usbd_core.c.obj
                0x08008b5c                USBD_GetEpDesc
 .text.USBD_GetNextDesc
                0x08008bcc       0x38 cmake/stm32cubemx/CMakeFiles/USB_Device_Library.dir/__/__/Middlewares/ST/STM32_USB_Device_Library/Core/Src/usbd_core.c.obj
                0x08008bcc                USBD_GetNextDesc
 .text.SWAPBYTE
                0x08008c04       0x3e cmake/stm32cubemx/CMakeFiles/USB_Device_Library.dir/__/__/Middlewares/ST/STM32_USB_Device_Library/Core/Src/usbd_ctlreq.c.obj
 *fill*         0x08008c42        0x2 
 .text.USBD_StdDevReq
                0x08008c44       0xe4 cmake/stm32cubemx/CMakeFiles/USB_Device_Library.dir/__/__/Middlewares/ST/STM32_USB_Device_Library/Core/Src/usbd_ctlreq.c.obj
                0x08008c44                USBD_StdDevReq
 .text.USBD_StdItfReq
                0x08008d28       0xd8 cmake/stm32cubemx/CMakeFiles/USB_Device_Library.dir/__/__/Middlewares/ST/STM32_USB_Device_Library/Core/Src/usbd_ctlreq.c.obj
                0x08008d28                USBD_StdItfReq
 .text.USBD_StdEPReq
                0x08008e00      0x33e cmake/stm32cubemx/CMakeFiles/USB_Device_Library.dir/__/__/Middlewares/ST/STM32_USB_Device_Library/Core/Src/usbd_ctlreq.c.obj
                0x08008e00                USBD_StdEPReq
 *fill*         0x0800913e        0x2 
 .text.USBD_GetDescriptor
                0x08009140      0x2d4 cmake/stm32cubemx/CMakeFiles/USB_Device_Library.dir/__/__/Middlewares/ST/STM32_USB_Device_Library/Core/Src/usbd_ctlreq.c.obj
 .text.USBD_SetAddress
                0x08009414       0x88 cmake/stm32cubemx/CMakeFiles/USB_Device_Library.dir/__/__/Middlewares/ST/STM32_USB_Device_Library/Core/Src/usbd_ctlreq.c.obj
 .text.USBD_SetConfig
                0x0800949c      0x154 cmake/stm32cubemx/CMakeFiles/USB_Device_Library.dir/__/__/Middlewares/ST/STM32_USB_Device_Library/Core/Src/usbd_ctlreq.c.obj
 .text.USBD_GetConfig
                0x080095f0       0x6c cmake/stm32cubemx/CMakeFiles/USB_Device_Library.dir/__/__/Middlewares/ST/STM32_USB_Device_Library/Core/Src/usbd_ctlreq.c.obj
 .text.USBD_GetStatus
                0x0800965c       0x68 cmake/stm32cubemx/CMakeFiles/USB_Device_Library.dir/__/__/Middlewares/ST/STM32_USB_Device_Library/Core/Src/usbd_ctlreq.c.obj
 .text.USBD_SetFeature
                0x080096c4       0x52 cmake/stm32cubemx/CMakeFiles/USB_Device_Library.dir/__/__/Middlewares/ST/STM32_USB_Device_Library/Core/Src/usbd_ctlreq.c.obj
 .text.USBD_ClrFeature
                0x08009716       0x44 cmake/stm32cubemx/CMakeFiles/USB_Device_Library.dir/__/__/Middlewares/ST/STM32_USB_Device_Library/Core/Src/usbd_ctlreq.c.obj
 .text.USBD_ParseSetupRequest
                0x0800975a       0x74 cmake/stm32cubemx/CMakeFiles/USB_Device_Library.dir/__/__/Middlewares/ST/STM32_USB_Device_Library/Core/Src/usbd_ctlreq.c.obj
                0x0800975a                USBD_ParseSetupRequest
 .text.USBD_CtlError
                0x080097ce       0x22 cmake/stm32cubemx/CMakeFiles/USB_Device_Library.dir/__/__/Middlewares/ST/STM32_USB_Device_Library/Core/Src/usbd_ctlreq.c.obj
                0x080097ce                USBD_CtlError
 .text.USBD_GetString
                0x080097f0       0xa4 cmake/stm32cubemx/CMakeFiles/USB_Device_Library.dir/__/__/Middlewares/ST/STM32_USB_Device_Library/Core/Src/usbd_ctlreq.c.obj
                0x080097f0                USBD_GetString
 .text.USBD_GetLen
                0x08009894       0x34 cmake/stm32cubemx/CMakeFiles/USB_Device_Library.dir/__/__/Middlewares/ST/STM32_USB_Device_Library/Core/Src/usbd_ctlreq.c.obj
 .text.USBD_CtlSendData
                0x080098c8       0x3c cmake/stm32cubemx/CMakeFiles/USB_Device_Library.dir/__/__/Middlewares/ST/STM32_USB_Device_Library/Core/Src/usbd_ioreq.c.obj
                0x080098c8                USBD_CtlSendData
 .text.USBD_CtlContinueSendData
                0x08009904       0x22 cmake/stm32cubemx/CMakeFiles/USB_Device_Library.dir/__/__/Middlewares/ST/STM32_USB_Device_Library/Core/Src/usbd_ioreq.c.obj
                0x08009904                USBD_CtlContinueSendData
 .text.USBD_CtlPrepareRx
                0x08009926       0x42 cmake/stm32cubemx/CMakeFiles/USB_Device_Library.dir/__/__/Middlewares/ST/STM32_USB_Device_Library/Core/Src/usbd_ioreq.c.obj
                0x08009926                USBD_CtlPrepareRx
 .text.USBD_CtlContinueRx
                0x08009968       0x22 cmake/stm32cubemx/CMakeFiles/USB_Device_Library.dir/__/__/Middlewares/ST/STM32_USB_Device_Library/Core/Src/usbd_ioreq.c.obj
                0x08009968                USBD_CtlContinueRx
 .text.USBD_CtlSendStatus
                0x0800998a       0x26 cmake/stm32cubemx/CMakeFiles/USB_Device_Library.dir/__/__/Middlewares/ST/STM32_USB_Device_Library/Core/Src/usbd_ioreq.c.obj
                0x0800998a                USBD_CtlSendStatus
 .text.USBD_CtlReceiveStatus
                0x080099b0       0x26 cmake/stm32cubemx/CMakeFiles/USB_Device_Library.dir/__/__/Middlewares/ST/STM32_USB_Device_Library/Core/Src/usbd_ioreq.c.obj
                0x080099b0                USBD_CtlReceiveStatus
 *fill*         0x080099d6        0x2 
 .text.USBD_CDC_Init
                0x080099d8      0x1f0 cmake/stm32cubemx/CMakeFiles/USB_Device_Library.dir/__/__/Middlewares/ST/STM32_USB_Device_Library/Class/CDC/Src/usbd_cdc.c.obj
 .text.USBD_CDC_DeInit
                0x08009bc8      0x104 cmake/stm32cubemx/CMakeFiles/USB_Device_Library.dir/__/__/Middlewares/ST/STM32_USB_Device_Library/Class/CDC/Src/usbd_cdc.c.obj
 .text.USBD_CDC_Setup
                0x08009ccc      0x1b8 cmake/stm32cubemx/CMakeFiles/USB_Device_Library.dir/__/__/Middlewares/ST/STM32_USB_Device_Library/Class/CDC/Src/usbd_cdc.c.obj
 .text.USBD_CDC_DataIn
                0x08009e84       0xfe cmake/stm32cubemx/CMakeFiles/USB_Device_Library.dir/__/__/Middlewares/ST/STM32_USB_Device_Library/Class/CDC/Src/usbd_cdc.c.obj
 .text.USBD_CDC_DataOut
                0x08009f82       0x70 cmake/stm32cubemx/CMakeFiles/USB_Device_Library.dir/__/__/Middlewares/ST/STM32_USB_Device_Library/Class/CDC/Src/usbd_cdc.c.obj
 .text.USBD_CDC_EP0_RxReady
                0x08009ff2       0x74 cmake/stm32cubemx/CMakeFiles/USB_Device_Library.dir/__/__/Middlewares/ST/STM32_USB_Device_Library/Class/CDC/Src/usbd_cdc.c.obj
 *fill*         0x0800a066        0x2 
 .text.USBD_CDC_GetFSCfgDesc
                0x0800a068       0x70 cmake/stm32cubemx/CMakeFiles/USB_Device_Library.dir/__/__/Middlewares/ST/STM32_USB_Device_Library/Class/CDC/Src/usbd_cdc.c.obj
 .text.USBD_CDC_GetHSCfgDesc
                0x0800a0d8       0x70 cmake/stm32cubemx/CMakeFiles/USB_Device_Library.dir/__/__/Middlewares/ST/STM32_USB_Device_Library/Class/CDC/Src/usbd_cdc.c.obj
 .text.USBD_CDC_GetOtherSpeedCfgDesc
                0x0800a148       0x70 cmake/stm32cubemx/CMakeFiles/USB_Device_Library.dir/__/__/Middlewares/ST/STM32_USB_Device_Library/Class/CDC/Src/usbd_cdc.c.obj
 .text.USBD_CDC_GetDeviceQualifierDescriptor
                0x0800a1b8       0x20 cmake/stm32cubemx/CMakeFiles/USB_Device_Library.dir/__/__/Middlewares/ST/STM32_USB_Device_Library/Class/CDC/Src/usbd_cdc.c.obj
                0x0800a1b8                USBD_CDC_GetDeviceQualifierDescriptor
 .text.USBD_CDC_RegisterInterface
                0x0800a1d8       0x34 cmake/stm32cubemx/CMakeFiles/USB_Device_Library.dir/__/__/Middlewares/ST/STM32_USB_Device_Library/Class/CDC/Src/usbd_cdc.c.obj
                0x0800a1d8                USBD_CDC_RegisterInterface
 .text.USBD_CDC_SetTxBuffer
                0x0800a20c       0x44 cmake/stm32cubemx/CMakeFiles/USB_Device_Library.dir/__/__/Middlewares/ST/STM32_USB_Device_Library/Class/CDC/Src/usbd_cdc.c.obj
                0x0800a20c                USBD_CDC_SetTxBuffer
 .text.USBD_CDC_SetRxBuffer
                0x0800a250       0x3a cmake/stm32cubemx/CMakeFiles/USB_Device_Library.dir/__/__/Middlewares/ST/STM32_USB_Device_Library/Class/CDC/Src/usbd_cdc.c.obj
                0x0800a250                USBD_CDC_SetRxBuffer
 *fill*         0x0800a28a        0x2 
 .text.USBD_CDC_TransmitPacket
                0x0800a28c       0x80 cmake/stm32cubemx/CMakeFiles/USB_Device_Library.dir/__/__/Middlewares/ST/STM32_USB_Device_Library/Class/CDC/Src/usbd_cdc.c.obj
                0x0800a28c                USBD_CDC_TransmitPacket
 .text.USBD_CDC_ReceivePacket
                0x0800a30c       0x6c cmake/stm32cubemx/CMakeFiles/USB_Device_Library.dir/__/__/Middlewares/ST/STM32_USB_Device_Library/Class/CDC/Src/usbd_cdc.c.obj
                0x0800a30c                USBD_CDC_ReceivePacket
 .text.memset   0x0800a378       0x10 C:/ST/STM32CubeIDE_1.19.0/STM32CubeIDE/plugins/com.st.stm32cube.ide.mcu.externaltools.gnu-tools-for-stm32.13.3.rel1.win32_1.0.100.202509120712/tools/bin/../lib/gcc/arm-none-eabi/13.3.1/../../../../arm-none-eabi/lib/thumb/v7e-m+fp/hard\libg_nano.a(libc_a-memset.o)
                0x0800a378                memset
 .text.__libc_init_array
                0x0800a388       0x48 C:/ST/STM32CubeIDE_1.19.0/STM32CubeIDE/plugins/com.st.stm32cube.ide.mcu.externaltools.gnu-tools-for-stm32.13.3.rel1.win32_1.0.100.202509120712/tools/bin/../lib/gcc/arm-none-eabi/13.3.1/../../../../arm-none-eabi/lib/thumb/v7e-m+fp/hard\libg_nano.a(libc_a-init.o)
                0x0800a388                __libc_init_array
 .text.memcpy   0x0800a3d0       0x1c C:/ST/STM32CubeIDE_1.19.0/STM32CubeIDE/plugins/com.st.stm32cube.ide.mcu.externaltools.gnu-tools-for-stm32.13.3.rel1.win32_1.0.100.202509120712/tools/bin/../lib/gcc/arm-none-eabi/13.3.1/../../../../arm-none-eabi/lib/thumb/v7e-m+fp/hard\libg_nano.a(libc_a-memcpy-stub.o)
                0x0800a3d0                memcpy
 *(.glue_7)
 .glue_7        0x0800a3ec        0x0 linker stubs
 *(.glue_7t)
 .glue_7t       0x0800a3ec        0x0 linker stubs
 *(.eh_frame)
 .eh_frame      0x0800a3ec        0x0 C:/ST/STM32CubeIDE_1.19.0/STM32CubeIDE/plugins/com.st.stm32cube.ide.mcu.externaltools.gnu-tools-for-stm32.13.3.rel1.win32_1.0.100.202509120712/tools/bin/../lib/gcc/arm-none-eabi/13.3.1/thumb/v7e-m+fp/hard/crtbegin.o
 *(.init)
 .init          0x0800a3ec        0x4 C:/ST/STM32CubeIDE_1.19.0/STM32CubeIDE/plugins/com.st.stm32cube.ide.mcu.externaltools.gnu-tools-for-stm32.13.3.rel1.win32_1.0.100.202509120712/tools/bin/../lib/gcc/arm-none-eabi/13.3.1/thumb/v7e-m+fp/hard/crti.o
                0x0800a3ec                _init
 .init          0x0800a3f0        0x8 C:/ST/STM32CubeIDE_1.19.0/STM32CubeIDE/plugins/com.st.stm32cube.ide.mcu.externaltools.gnu-tools-for-stm32.13.3.rel1.win32_1.0.100.202509120712/tools/bin/../lib/gcc/arm-none-eabi/13.3.1/thumb/v7e-m+fp/hard/crtn.o
 *(.fini)
 .fini          0x0800a3f8        0x4 C:/ST/STM32CubeIDE_1.19.0/STM32CubeIDE/plugins/com.st.stm32cube.ide.mcu.externaltools.gnu-tools-for-stm32.13.3.rel1.win32_1.0.100.202509120712/tools/bin/../lib/gcc/arm-none-eabi/13.3.1/thumb/v7e-m+fp/hard/crti.o
                0x0800a3f8                _fini
 .fini          0x0800a3fc        0x8 C:/ST/STM32CubeIDE_1.19.0/STM32CubeIDE/plugins/com.st.stm32cube.ide.mcu.externaltools.gnu-tools-for-stm32.13.3.rel1.win32_1.0.100.202509120712/tools/bin/../lib/gcc/arm-none-eabi/13.3.1/thumb/v7e-m+fp/hard/crtn.o
                0x0800a404                        . = ALIGN (0x4)
                0x0800a404                        _etext = .

.vfp11_veneer   0x0800a404        0x0
 .vfp11_veneer  0x0800a404        0x0 linker stubs

.v4_bx          0x0800a404        0x0
 .v4_bx         0x0800a404        0x0 linker stubs

.iplt           0x0800a404        0x0
 .iplt          0x0800a404        0x0 C:/ST/STM32CubeIDE_1.19.0/STM32CubeIDE/plugins/com.st.stm32cube.ide.mcu.externaltools.gnu-tools-for-stm32.13.3.rel1.win32_1.0.100.202509120712/tools/bin/../lib/gcc/arm-none-eabi/13.3.1/thumb/v7e-m+fp/hard/crtbegin.o

.rodata         0x0800a404       0x60
                0x0800a404                        . = ALIGN (0x4)
 *(.rodata)
 .rodata        0x0800a404       0x46 CMakeFiles/3D_Printer.dir/USB_DEVICE/App/usbd_desc.c.obj
 *(.rodata*)
 *fill*         0x0800a44a        0x2 
 .rodata.AHBPrescTable
                0x0800a44c       0x10 cmake/stm32cubemx/CMakeFiles/STM32_Drivers.dir/__/__/Core/Src/system_stm32f4xx.c.obj
                0x0800a44c                AHBPrescTable
 .rodata.flagBitshiftOffset.0
                0x0800a45c        0x8 cmake/stm32cubemx/CMakeFiles/STM32_Drivers.dir/__/__/Drivers/STM32F4xx_HAL_Driver/Src/stm32f4xx_hal_dma.c.obj
                0x0800a464                        . = ALIGN (0x4)

.ARM.extab      0x0800a464        0x0
                0x0800a464                        . = ALIGN (0x4)
 *(.ARM.extab* .gnu.linkonce.armextab.*)
                0x0800a464                        . = ALIGN (0x4)

.ARM            0x0800a464        0x8
                0x0800a464                        . = ALIGN (0x4)
                0x0800a464                        __exidx_start = .
 *(.ARM.exidx*)
 .ARM.exidx     0x0800a464        0x8 C:/ST/STM32CubeIDE_1.19.0/STM32CubeIDE/plugins/com.st.stm32cube.ide.mcu.externaltools.gnu-tools-for-stm32.13.3.rel1.win32_1.0.100.202509120712/tools/bin/../lib/gcc/arm-none-eabi/13.3.1/thumb/v7e-m+fp/hard\libgcc.a(_udivmoddi4.o)
                0x0800a46c                        __exidx_end = .
                0x0800a46c                        . = ALIGN (0x4)

.preinit_array  0x0800a46c        0x0
                0x0800a46c                        . = ALIGN (0x4)
                0x0800a46c                        PROVIDE (__preinit_array_start = .)
 *(.preinit_array*)
                0x0800a46c                        PROVIDE (__preinit_array_end = .)
                0x0800a46c                        . = ALIGN (0x4)

.init_array     0x0800a46c        0x4
                0x0800a46c                        . = ALIGN (0x4)
                0x0800a46c                        PROVIDE (__init_array_start = .)
 *(SORT_BY_NAME(.init_array.*))
 *(.init_array*)
 .init_array    0x0800a46c        0x4 C:/ST/STM32CubeIDE_1.19.0/STM32CubeIDE/plugins/com.st.stm32cube.ide.mcu.externaltools.gnu-tools-for-stm32.13.3.rel1.win32_1.0.100.202509120712/tools/bin/../lib/gcc/arm-none-eabi/13.3.1/thumb/v7e-m+fp/hard/crtbegin.o
                0x0800a470                        PROVIDE (__init_array_end = .)
                0x0800a470                        . = ALIGN (0x4)

.fini_array     0x0800a470        0x4
                0x0800a470                        . = ALIGN (0x4)
                [!provide]                        PROVIDE (__fini_array_start = .)
 *(SORT_BY_NAME(.fini_array.*))
 *(.fini_array*)
 .fini_array    0x0800a470        0x4 C:/ST/STM32CubeIDE_1.19.0/STM32CubeIDE/plugins/com.st.stm32cube.ide.mcu.externaltools.gnu-tools-for-stm32.13.3.rel1.win32_1.0.100.202509120712/tools/bin/../lib/gcc/arm-none-eabi/13.3.1/thumb/v7e-m+fp/hard/crtbegin.o
                [!provide]                        PROVIDE (__fini_array_end = .)
                0x0800a474                        . = ALIGN (0x4)
                0x0800a474                        _sidata = LOADADDR (.data)

.rel.dyn        0x0800a474        0x0
 .rel.iplt      0x0800a474        0x0 C:/ST/STM32CubeIDE_1.19.0/STM32CubeIDE/plugins/com.st.stm32cube.ide.mcu.externaltools.gnu-tools-for-stm32.13.3.rel1.win32_1.0.100.202509120712/tools/bin/../lib/gcc/arm-none-eabi/13.3.1/thumb/v7e-m+fp/hard/crtbegin.o

.data           0x20000000      0x134 load address 0x0800a474
                0x20000000                        . = ALIGN (0x4)
                0x20000000                        _sdata = .
 *(.data)
 *(.data*)
 .data.FS_Desc  0x20000000       0x1c CMakeFiles/3D_Printer.dir/USB_DEVICE/App/usbd_desc.c.obj
                0x20000000                FS_Desc
 .data.USBD_FS_DeviceDesc
                0x2000001c       0x12 CMakeFiles/3D_Printer.dir/USB_DEVICE/App/usbd_desc.c.obj
                0x2000001c                USBD_FS_DeviceDesc
 *fill*         0x2000002e        0x2 
 .data.USBD_LangIDDesc
                0x20000030        0x4 CMakeFiles/3D_Printer.dir/USB_DEVICE/App/usbd_desc.c.obj
                0x20000030                USBD_LangIDDesc
 .data.USBD_StringSerial
                0x20000034       0x1a CMakeFiles/3D_Printer.dir/USB_DEVICE/App/usbd_desc.c.obj
                0x20000034                USBD_StringSerial
 *fill*         0x2000004e        0x2 
 .data.USBD_Interface_fops_FS
                0x20000050       0x14 CMakeFiles/3D_Printer.dir/USB_DEVICE/App/usbd_cdc_if.c.obj
                0x20000050                USBD_Interface_fops_FS
 .data.axis_map
                0x20000064       0x30 CMakeFiles/3D_Printer.dir/Core/Src/axis.c.obj
                0x20000064                axis_map
 .data.channel_axis_map
                0x20000094        0x4 CMakeFiles/3D_Printer.dir/Core/Src/axis.c.obj
                0x20000094                channel_axis_map
 .data.tx_buf   0x20000098        0x4 CMakeFiles/3D_Printer.dir/Core/Src/protocol_praser.c.obj
 .data.SystemCoreClock
                0x2000009c        0x4 cmake/stm32cubemx/CMakeFiles/STM32_Drivers.dir/__/__/Core/Src/system_stm32f4xx.c.obj
                0x2000009c                SystemCoreClock
 .data.uwTickPrio
                0x200000a0        0x4 cmake/stm32cubemx/CMakeFiles/STM32_Drivers.dir/__/__/Drivers/STM32F4xx_HAL_Driver/Src/stm32f4xx_hal.c.obj
                0x200000a0                uwTickPrio
 .data.uwTickFreq
                0x200000a4        0x1 cmake/stm32cubemx/CMakeFiles/STM32_Drivers.dir/__/__/Drivers/STM32F4xx_HAL_Driver/Src/stm32f4xx_hal.c.obj
                0x200000a4                uwTickFreq
 *fill*         0x200000a5        0x3 
 .data.USBD_CDC_DeviceQualifierDesc
                0x200000a8        0xa cmake/stm32cubemx/CMakeFiles/USB_Device_Library.dir/__/__/Middlewares/ST/STM32_USB_Device_Library/Class/CDC/Src/usbd_cdc.c.obj
 *fill*         0x200000b2        0x2 
 .data.USBD_CDC
                0x200000b4       0x38 cmake/stm32cubemx/CMakeFiles/USB_Device_Library.dir/__/__/Middlewares/ST/STM32_USB_Device_Library/Class/CDC/Src/usbd_cdc.c.obj
                0x200000b4                USBD_CDC
 .data.USBD_CDC_CfgDesc
                0x200000ec       0x43 cmake/stm32cubemx/CMakeFiles/USB_Device_Library.dir/__/__/Middlewares/ST/STM32_USB_Device_Library/Class/CDC/Src/usbd_cdc.c.obj
 .data.CDCInEpAdd
                0x2000012f        0x1 cmake/stm32cubemx/CMakeFiles/USB_Device_Library.dir/__/__/Middlewares/ST/STM32_USB_Device_Library/Class/CDC/Src/usbd_cdc.c.obj
 .data.CDCOutEpAdd
                0x20000130        0x1 cmake/stm32cubemx/CMakeFiles/USB_Device_Library.dir/__/__/Middlewares/ST/STM32_USB_Device_Library/Class/CDC/Src/usbd_cdc.c.obj
 .data.CDCCmdEpAdd
                0x20000131        0x1 cmake/stm32cubemx/CMakeFiles/USB_Device_Library.dir/__/__/Middlewares/ST/STM32_USB_Device_Library/Class/CDC/Src/usbd_cdc.c.obj
 *(.RamFunc)
 *(.RamFunc*)
                0x20000134                        . = ALIGN (0x4)
 *fill*         0x20000132        0x2 

.igot.plt       0x20000134        0x0 load address 0x0800a5a8
 .igot.plt      0x20000134        0x0 C:/ST/STM32CubeIDE_1.19.0/STM32CubeIDE/plugins/com.st.stm32cube.ide.mcu.externaltools.gnu-tools-for-stm32.13.3.rel1.win32_1.0.100.202509120712/tools/bin/../lib/gcc/arm-none-eabi/13.3.1/thumb/v7e-m+fp/hard/crtbegin.o

.tdata          0x20000134        0x0 load address 0x0800a5a8
 *(.tdata .tdata.* .gnu.linkonce.td.*)
                0x20000134                        . = ALIGN (0x4)
                0x20000134                        _edata = .
                [!provide]                        PROVIDE (__data_end = .)
                [!provide]                        PROVIDE (__tdata_end = .)
                [!provide]                        PROVIDE (__tdata_start = ADDR (.tdata))
                [!provide]                        PROVIDE (__tdata_size = (__tdata_end - __tdata_start))
                [!provide]                        PROVIDE (__data_start = ADDR (.data))
                [!provide]                        PROVIDE (__data_size = (__data_end - __data_start))
                [!provide]                        PROVIDE (__tdata_source = LOADADDR (.tdata))
                [!provide]                        PROVIDE (__tdata_source_end = (LOADADDR (.tdata) + SIZEOF (.tdata)))
                [!provide]                        PROVIDE (__tdata_source_size = (__tdata_source_end - __tdata_source))
                [!provide]                        PROVIDE (__data_source = LOADADDR (.data))
                [!provide]                        PROVIDE (__data_source_end = __tdata_source_end)
                [!provide]                        PROVIDE (__data_source_size = (__data_source_end - __data_source))

.tbss           0x20000134        0x0 load address 0x0800a5a8
                0x20000134                        _sbss = .
                0x20000134                        __bss_start__ = _sbss
 *(.tbss .tbss.*)
                0x20000134                        . = ALIGN (0x4)
                [!provide]                        PROVIDE (__tbss_end = .)
                [!provide]                        PROVIDE (__tbss_start = ADDR (.tbss))
                [!provide]                        PROVIDE (__tbss_size = (__tbss_end - __tbss_start))
                [!provide]                        PROVIDE (__tbss_offset = (ADDR (.tbss) - ADDR (.tdata)))
                [!provide]                        PROVIDE (__tls_base = __tdata_start)
                [!provide]                        PROVIDE (__tls_end = __tbss_end)
                [!provide]                        PROVIDE (__tls_size = (__tls_end - __tls_base))
                [!provide]                        PROVIDE (__tls_align = MAX (ALIGNOF (.tdata), ALIGNOF (.tbss)))
                [!provide]                        PROVIDE (__tls_size_align = (((__tls_size + __tls_align) - 0x1) & ~ ((__tls_align - 0x1))))
                [!provide]                        PROVIDE (__arm32_tls_tcb_offset = MAX (0x8, __tls_align))
                [!provide]                        PROVIDE (__arm64_tls_tcb_offset = MAX (0x10, __tls_align))

.bss            0x20000134     0x33a0 load address 0x0800a5a8
 *(.bss)
 .bss           0x20000134       0x1c C:/ST/STM32CubeIDE_1.19.0/STM32CubeIDE/plugins/com.st.stm32cube.ide.mcu.externaltools.gnu-tools-for-stm32.13.3.rel1.win32_1.0.100.202509120712/tools/bin/../lib/gcc/arm-none-eabi/13.3.1/thumb/v7e-m+fp/hard/crtbegin.o
 *(.bss*)
 .bss.hpcd_USB_OTG_FS
                0x20000150      0x4e4 CMakeFiles/3D_Printer.dir/USB_DEVICE/Target/usbd_conf.c.obj
                0x20000150                hpcd_USB_OTG_FS
 .bss.mem.0     0x20000634      0x220 CMakeFiles/3D_Printer.dir/USB_DEVICE/Target/usbd_conf.c.obj
 .bss.hUsbDeviceFS
                0x20000854      0x2dc CMakeFiles/3D_Printer.dir/USB_DEVICE/App/usb_device.c.obj
                0x20000854                hUsbDeviceFS
 .bss.USBD_StrDesc
                0x20000b30      0x200 CMakeFiles/3D_Printer.dir/USB_DEVICE/App/usbd_desc.c.obj
                0x20000b30                USBD_StrDesc
 .bss.UserRxBufferFS
                0x20000d30      0x400 CMakeFiles/3D_Printer.dir/USB_DEVICE/App/usbd_cdc_if.c.obj
                0x20000d30                UserRxBufferFS
 .bss.UserTxBufferFS
                0x20001130      0x400 CMakeFiles/3D_Printer.dir/USB_DEVICE/App/usbd_cdc_if.c.obj
                0x20001130                UserTxBufferFS
 .bss.hadc1     0x20001530       0x48 CMakeFiles/3D_Printer.dir/Core/Src/main.c.obj
                0x20001530                hadc1
 .bss.hdma_adc1
                0x20001578       0x60 CMakeFiles/3D_Printer.dir/Core/Src/main.c.obj
                0x20001578                hdma_adc1
 .bss.htim3     0x200015d8       0x48 CMakeFiles/3D_Printer.dir/Core/Src/main.c.obj
                0x200015d8                htim3
 .bss.htim4     0x20001620       0x48 CMakeFiles/3D_Printer.dir/Core/Src/main.c.obj
                0x20001620                htim4
 .bss.last_press_time_endstop_x
                0x20001668        0x4 CMakeFiles/3D_Printer.dir/Core/Src/main.c.obj
                0x20001668                last_press_time_endstop_x
 .bss.last_press_time_endstop_y
                0x2000166c        0x4 CMakeFiles/3D_Printer.dir/Core/Src/main.c.obj
                0x2000166c                last_press_time_endstop_y
 .bss.last_press_time_endstop_z
                0x20001670        0x4 CMakeFiles/3D_Printer.dir/Core/Src/main.c.obj
                0x20001670                last_press_time_endstop_z
 .bss.currentState
                0x20001674        0x1 CMakeFiles/3D_Printer.dir/Core/Src/main.c.obj
                0x20001674                currentState
 *fill*         0x20001675        0x3 
 .bss.header_circ_buf_mem
                0x20001678      0x200 CMakeFiles/3D_Printer.dir/Core/Src/main.c.obj
 .bss.usb_circ_buf_mem
                0x20001878      0x400 CMakeFiles/3D_Printer.dir/Core/Src/main.c.obj
 .bss.ADC_BUFFER
                0x20001c78        0x8 CMakeFiles/3D_Printer.dir/Core/Src/main.c.obj
                0x20001c78                ADC_BUFFER
 .bss.ADC_SUM   0x20001c80        0x8 CMakeFiles/3D_Printer.dir/Core/Src/main.c.obj
                0x20001c80                ADC_SUM
 .bss.ADC_reading_counter
                0x20001c88        0x1 CMakeFiles/3D_Printer.dir/Core/Src/main.c.obj
                0x20001c88                ADC_reading_counter
 *fill*         0x20001c89        0x3 
 .bss.pid_controller_bed
                0x20001c8c       0x20 CMakeFiles/3D_Printer.dir/Core/Src/main.c.obj
                0x20001c8c                pid_controller_bed
 .bss.pid_controller_print_head
                0x20001cac       0x20 CMakeFiles/3D_Printer.dir/Core/Src/main.c.obj
                0x20001cac                pid_controller_print_head
 .bss.header_circ_buf
                0x20001ccc       0x58 CMakeFiles/3D_Printer.dir/Core/Src/main.c.obj
                0x20001ccc                header_circ_buf
 .bss.usb_circ_buf
                0x20001d24       0x58 CMakeFiles/3D_Printer.dir/Core/Src/main.c.obj
                0x20001d24                usb_circ_buf
 .bss.motor_X   0x20001d7c       0x28 CMakeFiles/3D_Printer.dir/Core/Src/axis.c.obj
                0x20001d7c                motor_X
 .bss.motor_Y   0x20001da4       0x28 CMakeFiles/3D_Printer.dir/Core/Src/axis.c.obj
                0x20001da4                motor_Y
 .bss.motor_Z   0x20001dcc       0x28 CMakeFiles/3D_Printer.dir/Core/Src/axis.c.obj
                0x20001dcc                motor_Z
 .bss.motor_extruder
                0x20001df4       0x28 CMakeFiles/3D_Printer.dir/Core/Src/axis.c.obj
                0x20001df4                motor_extruder
 .bss.x_buffer_mem
                0x20001e1c      0x400 CMakeFiles/3D_Printer.dir/Core/Src/axis.c.obj
 .bss.y_buffer_mem
                0x2000221c      0x400 CMakeFiles/3D_Printer.dir/Core/Src/axis.c.obj
 .bss.z_buffer_mem
                0x2000261c      0x400 CMakeFiles/3D_Printer.dir/Core/Src/axis.c.obj
 .bss.e_buffer_mem
                0x20002a1c      0x400 CMakeFiles/3D_Printer.dir/Core/Src/axis.c.obj
 .bss.x_buffer  0x20002e1c       0x58 CMakeFiles/3D_Printer.dir/Core/Src/axis.c.obj
 .bss.y_buffer  0x20002e74       0x58 CMakeFiles/3D_Printer.dir/Core/Src/axis.c.obj
 .bss.z_buffer  0x20002ecc       0x58 CMakeFiles/3D_Printer.dir/Core/Src/axis.c.obj
 .bss.e_buffer  0x20002f24       0x58 CMakeFiles/3D_Printer.dir/Core/Src/axis.c.obj
 .bss.header_circ_buf
                0x20002f7c       0x58 CMakeFiles/3D_Printer.dir/Core/Src/usb_praser.c.obj
 .bss.usb_circ_buf
                0x20002fd4       0x58 CMakeFiles/3D_Printer.dir/Core/Src/usb_praser.c.obj
 .bss.tx_buffer
                0x2000302c       0x58 CMakeFiles/3D_Printer.dir/Core/Src/protocol_praser.c.obj
 .bss.tx_buf_mem
                0x20003084      0x400 CMakeFiles/3D_Printer.dir/Core/Src/protocol_praser.c.obj
 .bss.seq_number_tx
                0x20003484        0x2 CMakeFiles/3D_Printer.dir/Core/Src/protocol_praser.c.obj
 *fill*         0x20003486        0x2 
 .bss.usb_packet.0
                0x20003488       0x40 CMakeFiles/3D_Printer.dir/Core/Src/protocol_praser.c.obj
 .bss.remote_state
                0x200034c8        0x3 CMakeFiles/3D_Printer.dir/Core/Src/remote_state.c.obj
 *fill*         0x200034cb        0x1 
 .bss.uwTick    0x200034cc        0x4 cmake/stm32cubemx/CMakeFiles/STM32_Drivers.dir/__/__/Drivers/STM32F4xx_HAL_Driver/Src/stm32f4xx_hal.c.obj
                0x200034cc                uwTick
 .bss.cfgidx.0  0x200034d0        0x1 cmake/stm32cubemx/CMakeFiles/USB_Device_Library.dir/__/__/Middlewares/ST/STM32_USB_Device_Library/Core/Src/usbd_ctlreq.c.obj
 *(COMMON)
                0x200034d4                        . = ALIGN (0x4)
 *fill*         0x200034d1        0x3 
                0x200034d4                        _ebss = .
                0x200034d4                        __bss_end__ = _ebss
                [!provide]                        PROVIDE (__bss_end = .)
                [!provide]                        PROVIDE (__non_tls_bss_start = ADDR (.bss))
                [!provide]                        PROVIDE (__bss_start = __tbss_start)
                [!provide]                        PROVIDE (__bss_size = (__bss_end - __bss_start))

._user_heap_stack
                0x200034d4      0x604 load address 0x0800a5a8
                0x200034d8                        . = ALIGN (0x8)
 *fill*         0x200034d4        0x4 
                [!provide]                        PROVIDE (end = .)
                0x200034d8                        PROVIDE (_end = .)
                0x200036d8                        . = (. + _Min_Heap_Size)
 *fill*         0x200034d8      0x200 
                0x20003ad8                        . = (. + _Min_Stack_Size)
 *fill*         0x200036d8      0x400 
                0x20003ad8                        . = ALIGN (0x8)

/DISCARD/
 libc.a:*(*)
 libm.a:*(*)
 libgcc.a:*(*)
OUTPUT(3D_Printer.elf elf32-littlearm)
LOAD linker stubs

.ARM.attributes
                0x00000000       0x30
 .ARM.attributes
                0x00000000       0x22 C:/ST/STM32CubeIDE_1.19.0/STM32CubeIDE/plugins/com.st.stm32cube.ide.mcu.externaltools.gnu-tools-for-stm32.13.3.rel1.win32_1.0.100.202509120712/tools/bin/../lib/gcc/arm-none-eabi/13.3.1/thumb/v7e-m+fp/hard/crti.o
 .ARM.attributes
                0x00000022       0x34 C:/ST/STM32CubeIDE_1.19.0/STM32CubeIDE/plugins/com.st.stm32cube.ide.mcu.externaltools.gnu-tools-for-stm32.13.3.rel1.win32_1.0.100.202509120712/tools/bin/../lib/gcc/arm-none-eabi/13.3.1/thumb/v7e-m+fp/hard/crtbegin.o
 .ARM.attributes
                0x00000056       0x34 CMakeFiles/3D_Printer.dir/USB_DEVICE/Target/usbd_conf.c.obj
 .ARM.attributes
                0x0000008a       0x34 CMakeFiles/3D_Printer.dir/USB_DEVICE/App/usb_device.c.obj
 .ARM.attributes
                0x000000be       0x34 CMakeFiles/3D_Printer.dir/USB_DEVICE/App/usbd_desc.c.obj
 .ARM.attributes
                0x000000f2       0x34 CMakeFiles/3D_Printer.dir/USB_DEVICE/App/usbd_cdc_if.c.obj
 .ARM.attributes
                0x00000126       0x34 CMakeFiles/3D_Printer.dir/Core/Src/main.c.obj
 .ARM.attributes
                0x0000015a       0x34 CMakeFiles/3D_Printer.dir/Core/Src/stm32f4xx_it.c.obj
 .ARM.attributes
                0x0000018e       0x34 CMakeFiles/3D_Printer.dir/Core/Src/stm32f4xx_hal_msp.c.obj
 .ARM.attributes
                0x000001c2       0x21 CMakeFiles/3D_Printer.dir/startup_stm32f401xc.s.obj
 .ARM.attributes
                0x000001e3       0x34 CMakeFiles/3D_Printer.dir/Core/Src/circular_buffer.c.obj
 .ARM.attributes
                0x00000217       0x34 CMakeFiles/3D_Printer.dir/Core/Src/stepper_motor.c.obj
 .ARM.attributes
                0x0000024b       0x34 CMakeFiles/3D_Printer.dir/Core/Src/emergency_stop.c.obj
 .ARM.attributes
                0x0000027f       0x34 CMakeFiles/3D_Printer.dir/Core/Src/system_check.c.obj
 .ARM.attributes
                0x000002b3       0x34 CMakeFiles/3D_Printer.dir/Core/Src/axis.c.obj
 .ARM.attributes
                0x000002e7       0x34 CMakeFiles/3D_Printer.dir/Core/Src/usb_praser.c.obj
 .ARM.attributes
                0x0000031b       0x34 CMakeFiles/3D_Printer.dir/Core/Src/protocol_praser.c.obj
 .ARM.attributes
                0x0000034f       0x34 CMakeFiles/3D_Printer.dir/Core/Src/t_velocity.c.obj
 .ARM.attributes
                0x00000383       0x34 CMakeFiles/3D_Printer.dir/Core/Src/pid.c.obj
 .ARM.attributes
                0x000003b7       0x34 CMakeFiles/3D_Printer.dir/Core/Src/remote_state.c.obj
 .ARM.attributes
                0x000003eb       0x34 cmake/stm32cubemx/CMakeFiles/STM32_Drivers.dir/__/__/Core/Src/system_stm32f4xx.c.obj
 .ARM.attributes
                0x0000041f       0x34 cmake/stm32cubemx/CMakeFiles/STM32_Drivers.dir/__/__/Drivers/STM32F4xx_HAL_Driver/Src/stm32f4xx_hal_pcd.c.obj
 .ARM.attributes
                0x00000453       0x34 cmake/stm32cubemx/CMakeFiles/STM32_Drivers.dir/__/__/Drivers/STM32F4xx_HAL_Driver/Src/stm32f4xx_hal_pcd_ex.c.obj
 .ARM.attributes
                0x00000487       0x34 cmake/stm32cubemx/CMakeFiles/STM32_Drivers.dir/__/__/Drivers/STM32F4xx_HAL_Driver/Src/stm32f4xx_ll_usb.c.obj
 .ARM.attributes
                0x000004bb       0x34 cmake/stm32cubemx/CMakeFiles/STM32_Drivers.dir/__/__/Drivers/STM32F4xx_HAL_Driver/Src/stm32f4xx_hal_rcc.c.obj
 .ARM.attributes
                0x000004ef       0x34 cmake/stm32cubemx/CMakeFiles/STM32_Drivers.dir/__/__/Drivers/STM32F4xx_HAL_Driver/Src/stm32f4xx_hal_gpio.c.obj
 .ARM.attributes
                0x00000523       0x34 cmake/stm32cubemx/CMakeFiles/STM32_Drivers.dir/__/__/Drivers/STM32F4xx_HAL_Driver/Src/stm32f4xx_hal_dma.c.obj
 .ARM.attributes
                0x00000557       0x34 cmake/stm32cubemx/CMakeFiles/STM32_Drivers.dir/__/__/Drivers/STM32F4xx_HAL_Driver/Src/stm32f4xx_hal_cortex.c.obj
 .ARM.attributes